12-31 16:00:10.639   607  2782 D NxpHal  : read successful status = 0x0
12-31 16:00:10.639  2574  2811 I libnfc_nci: [INFO:nfc_ncif.cc(880)] NFC received rsp gid:1
12-31 16:00:10.639  2574  2811 I libnfc_nci: [INFO:nfa_dm_discover.cc(3532)] returning true
12-31 16:00:10.639  2574  2811 I libnfc_nci: [INFO:nfa_dm_discover.cc(962)] nfa_dm_disc_discovery_cback (): event:0x4000
12-31 16:00:10.640  2574  2811 I libnfc_nci: [INFO:nfa_dm_discover.cc(2985)] state: IDLE (0), event: DISCOVER_RSP(1) disc_flags: 0x31
12-31 16:00:10.640  2574  2811 I libnfc_nci: [INFO:nfa_dm_discover.cc(2105)] old_state: IDLE (0), new_state: DISCOVERY (1) disc_flags: 0x11
12-31 16:00:10.640  2574  2811 I libnfc_nci: [INFO:NativeNfcManager.cpp(803)] nfaConnectionCallback: Connection Event = 30
12-31 16:00:10.640  2574  2811 I libnfc_nci: [INFO:NativeNfcManager.cpp(824)] nfaConnectionCallback: NFA_RF_DISCOVERY_STARTED_EVT: status = 0x0
12-31 16:00:10.640  2574  2811 I libnfc_nci: [INFO:nfa_dm_discover.cc(3038)] new state: DISCOVERY (1), disc_flags: 0x1
12-31 16:00:10.640   607  2779 D NxpTml  : PN54X - Read requested.....
12-31 16:00:10.640   607  2779 D NxpTml  : PN54X - Invoking I2C Read.....
12-31 16:00:10.640  2574  2574 I libnfc_nci: [INFO:NativeNfcTag.cpp(2633)] nativeNfcTag_releaseRfInterfaceMutexLock: sRfInterfaceMutex unlock
12-31 16:00:10.640  2574  2574 I libnfc_nci: [INFO:NativeNfcManager.cpp(4887)] startRfDiscovery: is exit=1
12-31 16:00:10.640  2574  2574 I libnfc_nci: [INFO:TransactionController.cpp(257)] transactionEnd: Enter
12-31 16:00:10.640  2574  2574 I libnfc_nci: [INFO:TransactionController.cpp(263)] transactionEnd: Transaction control timer killed
12-31 16:00:10.640  2574  2574 I libnfc_nci: [INFO:TransactionController.cpp(268)] transactionEnd: Transaction ended : 6 
12-31 16:00:10.640  2574  2574 I libnfc_nci: [INFO:NativeNfcManager.cpp(5350)] nfcManager_doCommitRouting: exit
12-31 16:00:10.641  2574  2574 E NfcService: Error in invoking wiredSeInitialize invocation
12-31 16:00:10.655  1614  2588 I ActivityManager: Set adj with com.askey.dvr.filemanagement to PERSISTENT_PROC_ADJ
12-31 16:00:10.655  1614  2588 I ActivityManager: Set adj with com.askey.dvr.versionup to PERSISTENT_PROC_ADJ
12-31 16:00:10.655  1614  2588 I ActivityManager: Set adj with com.our.dvr.acall to PERSISTENT_PROC_ADJ
12-31 16:00:10.655  1614  2588 I ActivityManager: Set adj with com.askey.dvr.settingservice to PERSISTENT_PROC_ADJ
12-31 16:00:10.655  1614  2588 I ActivityManager: Set adj with com.askey.dvr.dashcam to PERSISTENT_PROC_ADJ
12-31 16:00:10.667   991  3060 D NuPlayerDriver: notifyListener_l(0xf0313180), (211, 0, 0, 20), loop setting(0, 0)
12-31 16:00:10.681   991  3194 I NuPlayerDecoder: [audio] saw output EOS
12-31 16:00:10.681   991  3192 D AudioTrack: stop() called with 82980 frames delivered
12-31 16:00:10.706  1614  2588 I ActivityManager: Set adj with com.askey.dvr.filemanagement to PERSISTENT_PROC_ADJ
12-31 16:00:10.706  1614  2588 I ActivityManager: Set adj with com.askey.dvr.versionup to PERSISTENT_PROC_ADJ
12-31 16:00:10.706  1614  2588 I ActivityManager: Set adj with com.our.dvr.acall to PERSISTENT_PROC_ADJ
12-31 16:00:10.706  1614  2588 I ActivityManager: Set adj with com.askey.dvr.settingservice to PERSISTENT_PROC_ADJ
12-31 16:00:10.706  1614  2588 I ActivityManager: Set adj with com.askey.dvr.dashcam to PERSISTENT_PROC_ADJ
12-31 16:00:10.712  1614  2588 I ActivityManager: Set adj with com.askey.dvr.filemanagement to PERSISTENT_PROC_ADJ
12-31 16:00:10.713  1614  2588 I ActivityManager: Set adj with com.askey.dvr.versionup to PERSISTENT_PROC_ADJ
12-31 16:00:10.713  1614  2588 I ActivityManager: Set adj with com.our.dvr.acall to PERSISTENT_PROC_ADJ
12-31 16:00:10.713  1614  2588 I ActivityManager: Set adj with com.askey.dvr.settingservice to PERSISTENT_PROC_ADJ
12-31 16:00:10.713  1614  2588 I ActivityManager: Set adj with com.askey.dvr.dashcam to PERSISTENT_PROC_ADJ
12-31 16:00:10.748  1614  1659 I ActivityManager: Start proc 3337:com.android.traceur/u0a60 for broadcast com.android.traceur/.Receiver
12-31 16:00:10.786   989  1966 I MMParserExtractor: Created(0x70c6085380)
12-31 16:00:10.795  2574  3354 I OMXClient: IOmx service obtained
12-31 16:00:10.796  1004  3209 I OMXMaster: makeComponentInstance(OMX.google.vorbis.decoder) in omx@1.0-service process
12-31 16:00:10.800  1004  3209 E OMXNodeInstance: getConfig(0xef49f360:google.vorbis.decoder, ConfigAndroidVendorExtension(0x6f100004)) ERROR: Undefined(0x80001001)
12-31 16:00:10.801  2574  3354 W ExtendedACodec: Failed to get extension for extradata parameter
12-31 16:00:10.804  1614  2588 I ActivityManager: Set adj with com.askey.dvr.filemanagement to PERSISTENT_PROC_ADJ
12-31 16:00:10.809  1614  2588 I ActivityManager: Set adj with com.askey.dvr.versionup to PERSISTENT_PROC_ADJ
12-31 16:00:10.809  1614  2588 I ActivityManager: Set adj with com.our.dvr.acall to PERSISTENT_PROC_ADJ
12-31 16:00:10.809  1614  2588 I ActivityManager: Set adj with com.askey.dvr.settingservice to PERSISTENT_PROC_ADJ
12-31 16:00:10.809  1614  2588 I ActivityManager: Set adj with com.askey.dvr.dashcam to PERSISTENT_PROC_ADJ
12-31 16:00:10.839  1614  2588 D WifiService: setWifiEnabled: false pid=2929, uid=1000, package=com.askey.dvr.aadas
12-31 16:00:10.841  1614  1614 V SettingsProvider: Notifying for 0: content://settings/global/wifi_on
12-31 16:00:10.845  2228  2228 D DPMJ    : |SERVICE| DPM received action android.net.wifi.WIFI_STATE_CHANGED
12-31 16:00:10.845  1003  1003 W wificond: No pno scan started
12-31 16:00:10.845  1003  1003 W wificond: Scheduled scan is not running!
12-31 16:00:10.846  2228  2228 I DPMJ    : |SERVICE| sendWifiStatus - subType: 21 networkState: 4 softApState: 11 rssi=0 ssid= bssid=00:00:00:00:00:00 ipV4Addr= ifNameV4= ipAddrV6= ifNameV6=
12-31 16:00:10.855  3337  3337 I android.traceu: The ClassLoaderContext is a special shared library.
12-31 16:00:10.862  3224  3224 E wpa_supplicant: eap_proxy: eap_proxy_notify_config
12-31 16:00:10.862  3224  3224 E wpa_supplicant: eap_proxy: eap_proxy_notify_config
12-31 16:00:10.869  3337  3337 I android.traceu: The ClassLoaderContext is a special shared library.
12-31 16:00:10.900  3337  3337 I Perf    : Connecting to perf service.
12-31 16:00:10.920   989  1965 I MMParserExtractor: Created(0x70c84cc000)
12-31 16:00:10.930  2574  3361 I OMXClient: IOmx service obtained
12-31 16:00:10.931  1004  3209 I OMXMaster: makeComponentInstance(OMX.google.vorbis.decoder) in omx@1.0-service process
12-31 16:00:10.935  3224  3224 E wpa_supplicant: eap_proxy: pthread_join on eap_proxy=0x5cabd7ac68
12-31 16:00:10.935  3224  3224 E wpa_supplicant: eap_proxy: session not started for client = 1
12-31 16:00:10.936  3224  3224 E wpa_supplicant: eap_proxy: Released QMI UIM service client
12-31 16:00:10.936  1004  3209 E OMXNodeInstance: getConfig(0xef49f360:google.vorbis.decoder, ConfigAndroidVendorExtension(0x6f100004)) ERROR: Undefined(0x80001001)
12-31 16:00:10.936  3224  3224 E wpa_supplicant: eap_proxy: Released QMI EAP service client
12-31 16:00:10.936  3224  3224 E wpa_supplicant: eap_proxy: session not started for client = 2
12-31 16:00:10.937  2574  3361 W ExtendedACodec: Failed to get extension for extradata parameter
12-31 16:00:10.937  3224  3224 E wpa_supplicant: eap_proxy: Released QMI UIM service client
12-31 16:00:10.938  3224  3224 E wpa_supplicant: eap_proxy: Released QMI EAP service client
12-31 16:00:10.938  3224  3224 I wpa_supplicant: eap_proxy: eap_proxy Deinitialzed
12-31 16:00:10.945  3016  3216 I TTS.ControllerWrapper: Done initializing en-us-x-sfg-lstm-embedded
12-31 16:00:10.945  3016  3211 W gle.android.tt: Long monitor contention with owner AsyncTask #1 (3216) at boolean com.google.speech.tts.engine.AbstractTtsController.jniInit(long, java.lang.String, java.lang.String)(PG:-2) waiters=0 in boolean ash.a(asb, avq, avs) for 1.396s
12-31 16:00:10.957  1614  2588 I ActivityManager: Set adj with com.askey.dvr.filemanagement to PERSISTENT_PROC_ADJ
12-31 16:00:10.960  1614  2588 I ActivityManager: Set adj with com.askey.dvr.versionup to PERSISTENT_PROC_ADJ
12-31 16:00:10.961  1614  2588 I ActivityManager: Set adj with com.our.dvr.acall to PERSISTENT_PROC_ADJ
12-31 16:00:10.961  1614  2588 I ActivityManager: Set adj with com.askey.dvr.settingservice to PERSISTENT_PROC_ADJ
12-31 16:00:10.962  1614  2588 I ActivityManager: Set adj with com.askey.dvr.dashcam to PERSISTENT_PROC_ADJ
12-31 16:00:10.996  3224  3224 I wpa_supplicant: nl80211: deinit ifname=wlan0 disabled_11b_rates=0
12-31 16:00:10.996  1614  1659 I ActivityManager: Start proc 3365:com.askey.AzureDeviceManager/1000 for broadcast com.askey.AzureDeviceManager/.BroadcastReceivers.BootBroadcastReceiver
12-31 16:00:11.017  3365  3365 I reDeviceManage: Late-enabling -Xcheck:jni
12-31 16:00:11.056  3224  3224 I wpa_supplicant: Try to unregister vendor interface
12-31 16:00:11.057  1003  1003 I wificond: Unsubscribe scan result for interface with index: 25
12-31 16:00:11.087  1060  1143 I LOWI-8.6.0.33: [LOWIController] sendAsyncScanResponse: Request GTP-FDAL_1 timeout! Dropping silently!
12-31 16:00:11.096  2720  2822 W MediaScanner: Error opening directory '/oem/media/', skipping: No such file or directory.
12-31 16:00:11.113  2720  2822 V MediaProvider: pruneThumbnails 
12-31 16:00:11.117  2720  2822 V MediaProvider: /pruneDeadThumbnailFiles... 
12-31 16:00:11.121  2458  2486 I i.poweroffalar: Waiting for a blocking GC ProfileSaver
12-31 16:00:11.134  1614  2588 I ActivityManager: Set adj with com.askey.dvr.filemanagement to PERSISTENT_PROC_ADJ
12-31 16:00:11.134  1614  2588 I ActivityManager: Set adj with com.askey.AzureDeviceManager to PERSISTENT_PROC_ADJ
12-31 16:00:11.140  1614  2588 I ActivityManager: Set adj with com.askey.dvr.versionup to PERSISTENT_PROC_ADJ
12-31 16:00:11.140  1614  2588 I ActivityManager: Set adj with com.our.dvr.acall to PERSISTENT_PROC_ADJ
12-31 16:00:11.140  1614  2588 I ActivityManager: Set adj with com.askey.dvr.settingservice to PERSISTENT_PROC_ADJ
12-31 16:00:11.140  1614  2588 I ActivityManager: Set adj with com.askey.dvr.dashcam to PERSISTENT_PROC_ADJ
12-31 16:00:11.186  1614  1839 I chatty  : uid=1000(system) HwBinder:1614_1 expire 2 lines
12-31 16:00:11.186  1614  1854 I chatty  : uid=1000(system) HwBinder:1614_2 expire 1 line
12-31 16:00:11.189  1614  1900 E TaskPersister: File error accessing recents directory (directory doesn't exist?).
12-31 16:00:11.212  1003  1003 W wificond: No handler for scan result notification from interface with index: 25
12-31 16:00:11.234   991  3060 D NuPlayerDriver: notifyListener_l(0xf0313180), (2, 0, 0, -1), loop setting(0, 0)
12-31 16:00:11.235   991  3060 D NuPlayerDriver: notifyListener_l(0xf0313180), (211, 0, 0, 20), loop setting(0, 0)
12-31 16:00:11.258   604   604 I WifiHAL : Sent msg on exit sock to unblock poll()
12-31 16:00:11.258   604  3249 E android.hardware.wifi@1.0-service: Callback invoked on an invalid object
12-31 16:00:11.258   604  3249 E WifiHAL : 1 events were leftover without being freed
12-31 16:00:11.259   604  3249 I android.hardware.wifi@1.0-service: Legacy HAL stop complete callback received
12-31 16:00:11.259   604  3249 I WifiHAL : wifi_event_loop() exits success
12-31 16:00:11.337  3365  3365 I Perf    : Connecting to perf service.
12-31 16:00:11.372  1614  2588 I ActivityManager: Set adj with com.askey.AzureDeviceManager to PERSISTENT_PROC_ADJ
12-31 16:00:11.380  3365  3365 I AzureDMSysCfg: onReceive
12-31 16:00:11.381  3365  3365 I AzureDMSysCfg: receive:android.intent.action.BOOT_COMPLETED
12-31 16:00:11.389  3365  3365 I AzureDMSysCfg: start service com.askey.AzureDeviceManager.AzureService!!
12-31 16:00:11.406  3365  3365 W ContextImpl: Calling a method in the system process without a qualified user: android.app.ContextImpl.startService:1531 android.content.ContextWrapper.startService:664 com.askey.AzureDeviceManager.BroadcastReceivers.BootBroadcastReceiver.startOtherApkService:50 com.askey.AzureDeviceManager.BroadcastReceivers.BootBroadcastReceiver.onReceive:36 android.app.ActivityThread.handleReceiver:3422 
12-31 16:00:11.413  3365  3365 W ContextImpl: Calling a method in the system process without a qualified user: android.app.ContextImpl.startService:1531 android.content.ContextWrapper.startService:664 com.askey.AzureDeviceManager.BroadcastReceivers.BootBroadcastReceiver.startOtherApkService:57 com.askey.AzureDeviceManager.BroadcastReceivers.BootBroadcastReceiver.onReceive:36 android.app.ActivityThread.handleReceiver:3422 
12-31 16:00:11.419  3365  3365 W ContextImpl: Calling a method in the system process without a qualified user: android.app.ContextImpl.startService:1531 android.content.ContextWrapper.startService:664 com.askey.AzureDeviceManager.BroadcastReceivers.BootBroadcastReceiver.startOtherApkService:64 com.askey.AzureDeviceManager.BroadcastReceivers.BootBroadcastReceiver.onReceive:36 android.app.ActivityThread.handleReceiver:3422 
12-31 16:00:11.424  3365  3365 W ContextImpl: Calling a method in the system process without a qualified user: android.app.ContextImpl.startService:1531 android.content.ContextWrapper.startService:664 com.askey.AzureDeviceManager.BroadcastReceivers.BootBroadcastReceiver.startOtherApkService:71 com.askey.AzureDeviceManager.BroadcastReceivers.BootBroadcastReceiver.onReceive:36 android.app.ActivityThread.handleReceiver:3422 
12-31 16:00:11.426  1614  2588 I ActivityManager: Set adj with com.askey.dvr.filemanagement to PERSISTENT_PROC_ADJ
12-31 16:00:11.426  1614  2588 I ActivityManager: Set adj with com.askey.AzureDeviceManager to PERSISTENT_PROC_ADJ
12-31 16:00:11.427  1614  2588 I ActivityManager: Set adj with com.askey.dvr.versionup to PERSISTENT_PROC_ADJ
12-31 16:00:11.427  1614  2588 I ActivityManager: Set adj with com.our.dvr.acall to PERSISTENT_PROC_ADJ
12-31 16:00:11.427  1614  2588 I ActivityManager: Set adj with com.askey.dvr.settingservice to PERSISTENT_PROC_ADJ
12-31 16:00:11.427  1614  2588 I ActivityManager: Set adj with com.askey.dvr.dashcam to PERSISTENT_PROC_ADJ
12-31 16:00:11.431  3365  3365 W ContextImpl: Calling a method in the system process without a qualified user: android.app.ContextImpl.startService:1531 android.content.ContextWrapper.startService:664 android.content.ContextWrapper.startService:664 com.askey.AzureDeviceManager.BroadcastReceivers.BootBroadcastReceiver.onReceive:39 android.app.ActivityThread.handleReceiver:3422 
12-31 16:00:11.433  1614  2588 I ActivityManager: Set adj with com.askey.dvr.filemanagement to PERSISTENT_PROC_ADJ
12-31 16:00:11.433  1614  2588 I ActivityManager: Set adj with com.askey.AzureDeviceManager to PERSISTENT_PROC_ADJ
12-31 16:00:11.433  1614  2588 I ActivityManager: Set adj with com.askey.dvr.versionup to PERSISTENT_PROC_ADJ
12-31 16:00:11.433  1614  2588 I ActivityManager: Set adj with com.our.dvr.acall to PERSISTENT_PROC_ADJ
12-31 16:00:11.433  1614  2588 I ActivityManager: Set adj with com.askey.dvr.settingservice to PERSISTENT_PROC_ADJ
12-31 16:00:11.433  1614  2588 I ActivityManager: Set adj with com.askey.dvr.dashcam to PERSISTENT_PROC_ADJ
12-31 16:00:11.436  2308  2308 D RTCService: ============> RTCService.onCreate
12-31 16:00:11.439  1614  2588 I ActivityManager: Set adj with com.askey.dvr.filemanagement to PERSISTENT_PROC_ADJ
12-31 16:00:11.439  1614  2588 I ActivityManager: Set adj with com.askey.AzureDeviceManager to PERSISTENT_PROC_ADJ
12-31 16:00:11.439  1614  2588 I ActivityManager: Set adj with com.askey.dvr.versionup to PERSISTENT_PROC_ADJ
12-31 16:00:11.439  1614  2588 I ActivityManager: Set adj with com.our.dvr.acall to PERSISTENT_PROC_ADJ
12-31 16:00:11.439  1614  2588 I ActivityManager: Set adj with com.askey.dvr.settingservice to PERSISTENT_PROC_ADJ
12-31 16:00:11.439  1614  2588 I ActivityManager: Set adj with com.askey.dvr.dashcam to PERSISTENT_PROC_ADJ
12-31 16:00:11.441  2701  2701 D AlexaReceiver: AlexaReceiver BOOT_COMPLETED
12-31 16:00:11.443  1614  1659 I ActivityManager: Start proc 3381:com.our.cloud.aaa/1000 for service com.our.cloud.aaa/.service.AAAStartService
12-31 16:00:11.446  1614  1614 V SettingsProvider: Notifying for 0: content://settings/secure/accessibility_enabled
12-31 16:00:11.449   604   604 W wifi@1.0-servic: type=1400 audit(0.0:42): avc: denied { read } for name="u:object_r:powerctl_prop:s0" dev="tmpfs" ino=17607 scontext=u:r:hal_wifi_default:s0 tcontext=u:object_r:powerctl_prop:s0 tclass=file permissive=0
12-31 16:00:11.449  1614  2588 I ActivityManager: Set adj with com.askey.dvr.filemanagement to PERSISTENT_PROC_ADJ
12-31 16:00:11.449  1614  2588 I ActivityManager: Set adj with com.askey.AzureDeviceManager to PERSISTENT_PROC_ADJ
12-31 16:00:11.449  1614  2588 I ActivityManager: Set adj with com.askey.dvr.versionup to PERSISTENT_PROC_ADJ
12-31 16:00:11.449  1614  2588 I ActivityManager: Set adj with com.our.dvr.acall to PERSISTENT_PROC_ADJ
12-31 16:00:11.449  1614  2588 I ActivityManager: Set adj with com.askey.dvr.settingservice to PERSISTENT_PROC_ADJ
12-31 16:00:11.449  1614  2588 I ActivityManager: Set adj with com.askey.dvr.dashcam to PERSISTENT_PROC_ADJ
12-31 16:00:11.450  2654  2654 V Config-Update: !!! got boot complete intent !!!
12-31 16:00:11.452  2654  2654 W ContextImpl: Calling a method in the system process without a qualified user: android.app.ContextImpl.startService:1531 android.content.ContextWrapper.startService:664 android.content.ContextWrapper.startService:664 com.askey.cu.ConfigUpdate.onReceive:33 android.app.ActivityThread.handleReceiver:3422 
12-31 16:00:11.453  1614  2588 I ActivityManager: Set adj with com.askey.dvr.filemanagement to PERSISTENT_PROC_ADJ
12-31 16:00:11.453  1614  2588 I ActivityManager: Set adj with com.askey.AzureDeviceManager to PERSISTENT_PROC_ADJ
12-31 16:00:11.453  1614  2588 I ActivityManager: Set adj with com.askey.dvr.versionup to PERSISTENT_PROC_ADJ
12-31 16:00:11.453  1614  2588 I ActivityManager: Set adj with com.our.dvr.acall to PERSISTENT_PROC_ADJ
12-31 16:00:11.453  1614  2588 I ActivityManager: Set adj with com.askey.dvr.settingservice to PERSISTENT_PROC_ADJ
12-31 16:00:11.453  1614  2588 I ActivityManager: Set adj with com.askey.dvr.dashcam to PERSISTENT_PROC_ADJ
12-31 16:00:11.456  2308  3388 D CallStateMachine: --> CallInitState start State
12-31 16:00:11.456  2308  3388 D CallStateMachine: --> NetDisConnectState start State
12-31 16:00:11.457  1614  1636 I ActivityManager: Set adj with com.askey.AzureDeviceManager to PERSISTENT_PROC_ADJ
12-31 16:00:11.457  2654  2654 W ContextImpl: Calling a method in the system process without a qualified user: android.app.ContextImpl.startService:1531 android.content.ContextWrapper.startService:664 android.content.ContextWrapper.startService:664 com.askey.cu.ConfigUpdate.onReceive:34 android.app.ActivityThread.handleReceiver:3422 
12-31 16:00:11.458  1614  1636 I ActivityManager: Set adj with com.askey.dvr.filemanagement to PERSISTENT_PROC_ADJ
12-31 16:00:11.458  1614  1636 I ActivityManager: Set adj with com.askey.AzureDeviceManager to PERSISTENT_PROC_ADJ
12-31 16:00:11.459  2308  2308 D RTCService: ============> RTCService.onStartCommand
12-31 16:00:11.459  2308  2308 D RTCService: ============> RTCService.onStart
12-31 16:00:11.459  1614  1636 I ActivityManager: Set adj with com.askey.dvr.versionup to PERSISTENT_PROC_ADJ
12-31 16:00:11.459  1614  1636 I ActivityManager: Set adj with com.our.dvr.acall to PERSISTENT_PROC_ADJ
12-31 16:00:11.459  1614  1636 I ActivityManager: Set adj with com.askey.dvr.settingservice to PERSISTENT_PROC_ADJ
12-31 16:00:11.459  1614  1636 I ActivityManager: Set adj with com.askey.dvr.dashcam to PERSISTENT_PROC_ADJ
12-31 16:00:11.462  1614  1635 I ActivityManager: Set adj with com.our.dvr.acall to PERSISTENT_PROC_ADJ
12-31 16:00:11.462  3381  3381 I m.our.cloud.aa: Late-enabling -Xcheck:jni
12-31 16:00:11.463  2654  2654 D ConfigUpdateService: --- :::RebootCount = 1 set = false::: ---
12-31 16:00:11.463   604   604 E libc    : Access denied finding property "sys.powerctl"
12-31 16:00:11.464  1614  2588 I ActivityManager: Set adj with com.askey.dvr.filemanagement to PERSISTENT_PROC_ADJ
12-31 16:00:11.464  1614  2588 I ActivityManager: Set adj with com.askey.AzureDeviceManager to PERSISTENT_PROC_ADJ
12-31 16:00:11.465  1614  2588 I ActivityManager: Set adj with com.askey.dvr.versionup to PERSISTENT_PROC_ADJ
12-31 16:00:11.465  1614  2588 I ActivityManager: Set adj with com.our.dvr.acall to PERSISTENT_PROC_ADJ
12-31 16:00:11.465  1614  2588 I ActivityManager: Set adj with com.askey.dvr.settingservice to PERSISTENT_PROC_ADJ
12-31 16:00:11.465  1614  2588 I ActivityManager: Set adj with com.askey.dvr.dashcam to PERSISTENT_PROC_ADJ
12-31 16:00:11.473  1614  1659 W ActivityManager: Slow operation: 57ms so far, now at startProcess: returned from zygote!
12-31 16:00:11.473  1614  1659 W ActivityManager: Slow operation: 57ms so far, now at startProcess: done updating battery stats
12-31 16:00:11.473  1614  1659 W ActivityManager: Slow operation: 57ms so far, now at startProcess: building log message
12-31 16:00:11.473  1614  1659 I ActivityManager: Start proc 3391:com.askeycloud.agent.cloudagent/1000 for service com.askeycloud.agent.cloudagent/.AgentService
12-31 16:00:11.473  1614  1659 W ActivityManager: Slow operation: 57ms so far, now at startProcess: starting to update pids map
12-31 16:00:11.473  1614  1659 W ActivityManager: Slow operation: 57ms so far, now at startProcess: done updating pids map
12-31 16:00:11.474  1614  1659 W ActivityManager: Slow operation: 53ms so far, now at startProcess: asking zygote to start proc
12-31 16:00:11.490  2654  2654 D TimeCacherService: Updating system time
12-31 16:00:11.490  3391  3391 I chatty  : uid=1000(system) com.askeycloud.agent.cloudagent expire 10 lines
12-31 16:01:02.621  1614  1614 D DevicePolicyManager: updateSystemUpdateFreezePeriodsRecord
12-31 16:01:02.621  1614  1614 W SyncManager: Clock is valid now.
12-31 16:01:02.622  1936  1936 D KeyguardUpdateMonitor: received broadcast android.intent.action.TIME_SET
12-31 16:01:02.623  1936  1936 D KeyguardUpdateMonitor: handleTimeUpdate
12-31 16:01:02.623  2654  2654 D TimeCacherService: New cached time=1230739262623
12-31 16:01:02.626  1614  1614 D ConditionProviders.SCP: onReceive android.intent.action.TIME_SET
12-31 16:01:02.627  1614  1614 D ConditionProviders.SCP: evaluateSubscriptionLocked cal=ScheduleCalendar[mDays={1, 2, 3, 4, 5, 6, 7}, mSchedule=ScheduleInfo{days=[1, 2, 3, 4, 5, 6, 7], startHour=22, startMinute=0, endHour=7, endMinute=0, exitAtAlarm=true, nextAlarm=Thu Jan 01 00:00:00 GMT 1970 (0)}], now=Wed Dec 31 16:01:02 GMT 2008 (1230739262627), nextUserAlarmTime=Thu Jan 01 00:00:00 GMT 1970 (0)
12-31 16:01:02.627  1614  1614 D ConditionProviders.SCP: notifyCondition condition://android/schedule?days=1.2.3.4.5.6.7&start=22.0&end=7.0&exitAtAlarm=true STATE_FALSE reason=!meetsSchedule
12-31 16:01:02.628  1614  1614 D ConditionProviders.SCP: Scheduling evaluate for Wed Dec 31 22:00:00 GMT 2008 (1230760800000), in +5h58m57s373ms, now=Wed Dec 31 16:01:02 GMT 2008 (1230739262627)
12-31 16:01:02.637  1614  1659 W ActivityManager: Slow operation: 90ms so far, now at startProcess: returned from zygote!
12-31 16:01:02.644  1614  1655 I UsageStatsService: Time changed in UsageStats by 51 seconds
12-31 16:01:02.644  1614  1879 I ActivityManager: Set adj with com.askey.dvr.filemanagement to PERSISTENT_PROC_ADJ
12-31 16:01:02.644  1614  1655 I UsageStatsService: User[0] Flushing usage stats to disk
12-31 16:01:02.644  1614  1879 I ActivityManager: Set adj with com.askey.AzureDeviceManager to PERSISTENT_PROC_ADJ
12-31 16:01:02.645  1614  1879 I ActivityManager: Set adj with com.askey.dvr.versionup to PERSISTENT_PROC_ADJ
12-31 16:01:02.646  1614  1879 I ActivityManager: Set adj with com.our.dvr.acall to PERSISTENT_PROC_ADJ
12-31 16:01:02.646  1614  1879 I ActivityManager: Set adj with com.askey.dvr.settingservice to PERSISTENT_PROC_ADJ
12-31 16:01:02.646  1614  1879 I ActivityManager: Set adj with com.askey.dvr.dashcam to PERSISTENT_PROC_ADJ
12-31 16:01:02.651  1614  1659 W ActivityManager: Slow operation: 104ms so far, now at startProcess: done updating battery stats
12-31 16:01:02.652  1614  1659 W ActivityManager: Slow operation: 105ms so far, now at startProcess: building log message
12-31 16:01:02.652  1614  1659 I ActivityManager: Start proc 3399:com.our.dvr.afms/1000 for service com.our.dvr.afms/.service.AfmsService
12-31 16:01:02.652  1614  1659 W ActivityManager: Slow operation: 105ms so far, now at startProcess: starting to update pids map
12-31 16:01:02.652  1614  1659 W ActivityManager: Slow operation: 105ms so far, now at startProcess: done updating pids map
12-31 16:01:02.653  1614  1659 W ActivityManager: Slow operation: 64ms so far, now at startProcess: asking zygote to start proc
12-31 16:01:02.654  3399  3399 I om.our.dvr.afm: Late-enabling -Xcheck:jni
12-31 16:01:02.681  1614  1614 I ActivityManager: Set adj with com.askey.dvr.filemanagement to PERSISTENT_PROC_ADJ
12-31 16:01:02.685  1614  1614 I ActivityManager: Set adj with com.askey.AzureDeviceManager to PERSISTENT_PROC_ADJ
12-31 16:01:02.685  1614  1659 W ActivityManager: Slow operation: 96ms so far, now at startProcess: returned from zygote!
12-31 16:01:02.686  1614  1655 I UsageStatsDatabase: Time changed by +51s126ms. files deleted: 0 files moved: 4
12-31 16:01:02.686  1614  1614 I ActivityManager: Set adj with com.askey.dvr.versionup to PERSISTENT_PROC_ADJ
12-31 16:01:02.687  1614  1614 I ActivityManager: Set adj with com.our.dvr.acall to PERSISTENT_PROC_ADJ
12-31 16:01:02.687  1614  1614 I ActivityManager: Set adj with com.askey.dvr.settingservice to PERSISTENT_PROC_ADJ
12-31 16:01:02.687  1614  1614 I ActivityManager: Set adj with com.askey.dvr.dashcam to PERSISTENT_PROC_ADJ
12-31 16:01:02.689  1614  1659 W ActivityManager: Slow operation: 100ms so far, now at startProcess: done updating battery stats
12-31 16:01:02.689  1614  1659 W ActivityManager: Slow operation: 100ms so far, now at startProcess: building log message
12-31 16:01:02.689  1614  1659 I ActivityManager: Start proc 3412:com.askey.dpc/1000 for broadcast com.askey.dpc/.DPCReceiver
12-31 16:01:02.689  1614  1659 W ActivityManager: Slow operation: 100ms so far, now at startProcess: starting to update pids map
12-31 16:01:02.689  1614  1659 W ActivityManager: Slow operation: 100ms so far, now at startProcess: done updating pids map
12-31 16:01:02.698  1614  1655 I UsageStatsService: User[0] Rollover scheduled @ 2009-01-01 16:00:51(1230825651292)
12-31 16:01:02.710  1614  1635 I ActivityManager: Set adj with com.askey.dvr.filemanagement to PERSISTENT_PROC_ADJ
12-31 16:01:02.711  1614  1635 I ActivityManager: Set adj with com.our.cloud.aaa to PERSISTENT_PROC_ADJ
12-31 16:01:02.714  1614  1635 I ActivityManager: Set adj with com.askey.AzureDeviceManager to PERSISTENT_PROC_ADJ
12-31 16:01:02.716  1614  1635 I ActivityManager: Set adj with com.askey.dvr.versionup to PERSISTENT_PROC_ADJ
12-31 16:01:02.716  1614  1635 I ActivityManager: Set adj with com.our.dvr.acall to PERSISTENT_PROC_ADJ
12-31 16:01:02.716  1614  1635 I ActivityManager: Set adj with com.askey.dvr.settingservice to PERSISTENT_PROC_ADJ
12-31 16:01:02.716  1614  1635 I ActivityManager: Set adj with com.askey.dvr.dashcam to PERSISTENT_PROC_ADJ
12-31 16:01:02.718   500   500 I chatty  : uid=1000(system) hwservicemanage expire 34 lines
12-31 16:01:02.733  1614  1635 I ActivityManager: Set adj with com.askey.dvr.filemanagement to PERSISTENT_PROC_ADJ
12-31 16:01:02.733  1614  1635 I ActivityManager: Set adj with com.askeycloud.agent.cloudagent to PERSISTENT_PROC_ADJ
12-31 16:01:02.736  1614  1635 I ActivityManager: Set adj with com.our.cloud.aaa to PERSISTENT_PROC_ADJ
12-31 16:01:02.737  1614  1635 I ActivityManager: Set adj with com.askey.AzureDeviceManager to PERSISTENT_PROC_ADJ
12-31 16:01:02.737  1614  1635 I ActivityManager: Set adj with com.askey.dvr.versionup to PERSISTENT_PROC_ADJ
12-31 16:01:02.737  1614  1635 I ActivityManager: Set adj with com.our.dvr.acall to PERSISTENT_PROC_ADJ
12-31 16:01:02.737  1614  1635 I ActivityManager: Set adj with com.askey.dvr.settingservice to PERSISTENT_PROC_ADJ
12-31 16:01:02.737  1614  1635 I ActivityManager: Set adj with com.askey.dvr.dashcam to PERSISTENT_PROC_ADJ
12-31 16:01:02.737  1614  1635 I chatty  : uid=1000(system) Binder:1614_1 expire 31 lines
12-31 16:01:02.741  1614  2588 I chatty  : uid=1000(system) Binder:1614_9 expire 40 lines
12-31 16:01:02.742  1614  2588 I ActivityManager: Set adj with com.askey.dvr.filemanagement to PERSISTENT_PROC_ADJ
12-31 16:01:02.746  1614  2588 I ActivityManager: Set adj with com.askeycloud.agent.cloudagent to PERSISTENT_PROC_ADJ
12-31 16:01:02.747  1614  2588 I ActivityManager: Set adj with com.our.cloud.aaa to PERSISTENT_PROC_ADJ
12-31 16:01:02.747  1614  2588 I ActivityManager: Set adj with com.askey.AzureDeviceManager to PERSISTENT_PROC_ADJ
12-31 16:01:02.747  1614  2588 I ActivityManager: Set adj with com.askey.dvr.versionup to PERSISTENT_PROC_ADJ
12-31 16:01:02.747  1614  2588 I ActivityManager: Set adj with com.our.dvr.acall to PERSISTENT_PROC_ADJ
12-31 16:01:02.747  1614  2588 I ActivityManager: Set adj with com.askey.dvr.settingservice to PERSISTENT_PROC_ADJ
12-31 16:01:02.747  1614  2588 I ActivityManager: Set adj with com.askey.dvr.dashcam to PERSISTENT_PROC_ADJ
12-31 16:01:02.771  2929  3105 I chatty  : uid=1000(system) DmInitThread expire 2 lines
12-31 16:01:02.779  1614  1635 I ActivityManager: Set adj with com.askey.dvr.filemanagement to PERSISTENT_PROC_ADJ
12-31 16:01:02.780  1614  1635 I ActivityManager: Set adj with com.our.dvr.afms to PERSISTENT_PROC_ADJ
12-31 16:01:02.783  1614  1635 I ActivityManager: Set adj with com.askeycloud.agent.cloudagent to PERSISTENT_PROC_ADJ
12-31 16:01:02.784  1614  1635 I ActivityManager: Set adj with com.our.cloud.aaa to PERSISTENT_PROC_ADJ
12-31 16:01:02.784  1614  1635 I ActivityManager: Set adj with com.askey.AzureDeviceManager to PERSISTENT_PROC_ADJ
12-31 16:01:02.784  1614  1635 I ActivityManager: Set adj with com.askey.dvr.versionup to PERSISTENT_PROC_ADJ
12-31 16:01:02.784  1614  1635 I ActivityManager: Set adj with com.our.dvr.acall to PERSISTENT_PROC_ADJ
12-31 16:01:02.784  1614  1635 I ActivityManager: Set adj with com.askey.dvr.settingservice to PERSISTENT_PROC_ADJ
12-31 16:01:02.784  1614  1635 I ActivityManager: Set adj with com.askey.dvr.dashcam to PERSISTENT_PROC_ADJ
12-31 16:01:02.851  1235  1235 I MSM-irqbalance: Discovered a new IRQ: 68
12-31 16:01:02.852  1235  1235 I MSM-irqbalance: Discovered a new IRQ: 141
12-31 16:01:02.852  1235  1235 I MSM-irqbalance: Discovered a new IRQ: 142
12-31 16:01:02.858  3412  3412 I Perf    : Connecting to perf service.
12-31 16:01:02.875  1614  1635 I ActivityManager: Set adj with com.askey.dvr.filemanagement to PERSISTENT_PROC_ADJ
12-31 16:01:02.875  1614  1635 I ActivityManager: Set adj with com.our.dvr.afms to PERSISTENT_PROC_ADJ
12-31 16:01:02.876  1614  1635 I ActivityManager: Set adj with com.askeycloud.agent.cloudagent to PERSISTENT_PROC_ADJ
12-31 16:01:02.876  1614  1635 I ActivityManager: Set adj with com.our.cloud.aaa to PERSISTENT_PROC_ADJ
12-31 16:01:02.876  1614  1635 I ActivityManager: Set adj with com.askey.AzureDeviceManager to PERSISTENT_PROC_ADJ
12-31 16:01:02.878  1614  1635 I ActivityManager: Set adj with com.askey.dvr.versionup to PERSISTENT_PROC_ADJ
12-31 16:01:02.879  1614  1635 I ActivityManager: Set adj with com.our.dvr.acall to PERSISTENT_PROC_ADJ
12-31 16:01:02.879  3111  3111 W ContextImpl: Calling a method in the system process without a qualified user: android.app.ContextImpl.startService:1531 android.content.ContextWrapper.startService:664 android.content.ContextWrapper.startService:664 com.askey.dvr.devicedetection.receiver.BootReceiver.onReceive:17 android.app.ActivityThread.handleReceiver:3422 
12-31 16:01:02.879  1614  1635 I ActivityManager: Set adj with com.askey.dvr.settingservice to PERSISTENT_PROC_ADJ
12-31 16:01:02.879  1614  1635 I ActivityManager: Set adj with com.askey.dvr.dashcam to PERSISTENT_PROC_ADJ
12-31 16:01:02.883  1614  1635 I ActivityManager: Set adj with com.askey.dvr.filemanagement to PERSISTENT_PROC_ADJ
12-31 16:01:02.883  1614  1635 I ActivityManager: Set adj with com.our.dvr.afms to PERSISTENT_PROC_ADJ
12-31 16:01:02.883  1614  1635 I ActivityManager: Set adj with com.askeycloud.agent.cloudagent to PERSISTENT_PROC_ADJ
12-31 16:01:02.883  1614  1635 I ActivityManager: Set adj with com.our.cloud.aaa to PERSISTENT_PROC_ADJ
12-31 16:01:02.883  1614  1635 I ActivityManager: Set adj with com.askey.AzureDeviceManager to PERSISTENT_PROC_ADJ
12-31 16:01:02.884  1614  1635 I ActivityManager: Set adj with com.askey.dvr.versionup to PERSISTENT_PROC_ADJ
12-31 16:01:02.885  1614  1635 I ActivityManager: Set adj with com.our.dvr.acall to PERSISTENT_PROC_ADJ
12-31 16:01:02.885  1614  1635 I ActivityManager: Set adj with com.askey.dvr.settingservice to PERSISTENT_PROC_ADJ
12-31 16:01:02.885  1614  1635 I ActivityManager: Set adj with com.askey.dvr.dashcam to PERSISTENT_PROC_ADJ
12-31 16:01:02.931  1614  1659 I ActivityManager: Start proc 3450:com.askey.exlogservice/1000 for broadcast com.askey.exlogservice/.LogServiceStarted
12-31 16:01:02.953  3399  3399 I Perf    : Connecting to perf service.
12-31 16:01:02.954  1060  1143 I LOWI-8.6.0.33: [LOWIController] isWifiEnabled: Wifi is now disabled
12-31 16:01:02.955  1060  3242 I LOWI-8.6.0.33: [LOWIScanResultReceiver] Thread terminate was requested
12-31 16:01:02.957  1060  3243 I LOWI-8.6.0.33: [LOWIScanResultReceiver] Thread terminate was requested
12-31 16:01:02.964  2228  2228 D DPMJ    : |SERVICE| DPM received action android.net.conn.TETHER_STATE_CHANGED
12-31 16:01:02.965  2228  2228 D DPMJ    : |SERVICE| available = 0 active = 0 errored = 0
12-31 16:01:02.967  2228  2228 D DPMJ    : |SERVICE| Tethering disabled
12-31 16:01:02.971  3381  3381 I Perf    : Connecting to perf service.
12-31 16:01:02.980  3399  3399 D AfmsApplication: AfmsApplication onCreate
12-31 16:01:02.984  3399  3399 D AfmsService: onCreate: runService
12-31 16:01:02.984  1614  1865 I chatty  : uid=1000(system) NetworkPolicy expire 1 line
12-31 16:01:02.987  3399  3399 D AfmsService: onStartCommand: 
12-31 16:01:02.991  1614  1635 I ActivityManager: Set adj with com.askey.dvr.filemanagement to PERSISTENT_PROC_ADJ
12-31 16:01:02.994  1614  1635 I ActivityManager: Set adj with com.our.dvr.afms to PERSISTENT_PROC_ADJ
12-31 16:01:02.995  1614  1635 I ActivityManager: Set adj with com.askeycloud.agent.cloudagent to PERSISTENT_PROC_ADJ
12-31 16:01:02.995  1614  1635 I ActivityManager: Set adj with com.our.cloud.aaa to PERSISTENT_PROC_ADJ
12-31 16:01:02.995  1614  1635 I ActivityManager: Set adj with com.askey.AzureDeviceManager to PERSISTENT_PROC_ADJ
12-31 16:01:02.995  1614  1635 I ActivityManager: Set adj with com.askey.dvr.versionup to PERSISTENT_PROC_ADJ
12-31 16:01:02.995  1614  1635 I ActivityManager: Set adj with com.our.dvr.acall to PERSISTENT_PROC_ADJ
12-31 16:01:02.995  1614  1635 I ActivityManager: Set adj with com.askey.dvr.settingservice to PERSISTENT_PROC_ADJ
12-31 16:01:02.995  1614  1635 I ActivityManager: Set adj with com.askey.dvr.dashcam to PERSISTENT_PROC_ADJ
12-31 16:01:03.001  1614  2588 I ActivityManager: Set adj with com.our.dvr.afms to PERSISTENT_PROC_ADJ
12-31 16:01:03.035  1614  1635 I ActivityManager: Set adj with com.askeycloud.agent.cloudagent to PERSISTENT_PROC_ADJ
12-31 16:01:03.045  3391  3471 W ContextImpl: Calling a method in the system process without a qualified user: android.app.ContextImpl.bindService:1611 android.content.ContextWrapper.bindService:698 com.askeycloud.agent.cloudagent.CloudAgentAAASvr.bindCloudAgentAidlService:347 com.askeycloud.agent.cloudagent.CloudAgentAAASvr.initCloudAgentAidl:337 com.askeycloud.agent.cloudagent.CloudAgentAAASvr.access$800:42 
12-31 16:01:03.048  1614  1635 I ActivityManager: Set adj with com.our.cloud.aaa to PERSISTENT_PROC_ADJ
12-31 16:01:03.050  3381  3381 I AAAStartService: bind
12-31 16:01:03.053  1614  1635 I ActivityManager: Set adj with com.our.cloud.aaa to PERSISTENT_PROC_ADJ
12-31 16:01:03.060  3450  3450 I Perf    : Connecting to perf service.
12-31 16:01:03.069  3381  3472 W ContextImpl: Calling a method in the system process without a qualified user: android.app.ContextImpl.startActivity:887 android.content.ContextWrapper.startActivity:379 com.our.cloud.aaa.permission.PermissionHelper.startPermission:33 com.our.cloud.aaa.permission.PermissionRequest.call:37 com.our.cloud.aaa.service.AAAStartService$1.doInBackground:51 
12-31 16:01:03.070  3381  3472 W ContextImpl: Calling a method in the system process without a qualified user: android.app.ContextImpl.startActivity:899 android.app.ContextImpl.startActivity:888 android.content.ContextWrapper.startActivity:379 com.our.cloud.aaa.permission.PermissionHelper.startPermission:33 com.our.cloud.aaa.permission.PermissionRequest.call:37 
12-31 16:01:03.074  3450  3450 W ContextImpl: Calling a method in the system process without a qualified user: android.app.ContextImpl.startService:1531 android.content.ContextWrapper.startService:664 android.content.ContextWrapper.startService:664 com.askey.exlogservice.LogServiceStarted.onReceive:22 android.app.ActivityThread.handleReceiver:3422 
12-31 16:01:03.076  1614  2588 I ActivityManager: Set adj with com.askey.dvr.filemanagement to PERSISTENT_PROC_ADJ
12-31 16:01:03.076  1614  2588 I ActivityManager: Set adj with com.our.dvr.afms to PERSISTENT_PROC_ADJ
12-31 16:01:03.076  1614  2588 I ActivityManager: Set adj with com.askeycloud.agent.cloudagent to PERSISTENT_PROC_ADJ
12-31 16:01:03.077  1614  2588 I ActivityManager: Set adj with com.our.cloud.aaa to PERSISTENT_PROC_ADJ
12-31 16:01:03.077  1614  2588 I ActivityManager: Set adj with com.askey.AzureDeviceManager to PERSISTENT_PROC_ADJ
12-31 16:01:03.077  1614  2588 I ActivityManager: Set adj with com.askey.dvr.versionup to PERSISTENT_PROC_ADJ
12-31 16:01:03.077  1614  2588 I ActivityManager: Set adj with com.our.dvr.acall to PERSISTENT_PROC_ADJ
12-31 16:01:03.077  1614  2588 I ActivityManager: Set adj with com.askey.dvr.settingservice to PERSISTENT_PROC_ADJ
12-31 16:01:03.077  1614  2588 I ActivityManager: Set adj with com.askey.dvr.dashcam to PERSISTENT_PROC_ADJ
12-31 16:01:03.082  1614  2588 I ActivityManager: Set adj with com.askey.dvr.filemanagement to PERSISTENT_PROC_ADJ
12-31 16:01:03.082  1614  2588 I ActivityManager: Set adj with com.our.dvr.afms to PERSISTENT_PROC_ADJ
12-31 16:01:03.082  1614  2588 I ActivityManager: Set adj with com.askeycloud.agent.cloudagent to PERSISTENT_PROC_ADJ
12-31 16:01:03.082  1614  2588 I ActivityManager: Set adj with com.our.cloud.aaa to PERSISTENT_PROC_ADJ
12-31 16:01:03.083  1614  2588 I ActivityManager: Set adj with com.askey.AzureDeviceManager to PERSISTENT_PROC_ADJ
12-31 16:01:03.083  1614  2588 I ActivityManager: Set adj with com.askey.dvr.versionup to PERSISTENT_PROC_ADJ
12-31 16:01:03.083  1614  2588 I ActivityManager: Set adj with com.our.dvr.acall to PERSISTENT_PROC_ADJ
12-31 16:01:03.083  1614  2588 I ActivityManager: Set adj with com.askey.dvr.settingservice to PERSISTENT_PROC_ADJ
12-31 16:01:03.083  1614  2588 I ActivityManager: Set adj with com.askey.dvr.dashcam to PERSISTENT_PROC_ADJ
12-31 16:01:03.094  1614  2588 I ActivityManager: START u0 {flg=0x10000000 cmp=com.our.cloud.aaa/.permission.PermissionActivity (has extras)} from uid 1000
12-31 16:01:03.101   613   641 E ANDR-PERF-MPCTL: Invalid profile no. 0, total profiles 0 only
12-31 16:01:03.103   613   641 E ANDR-PERF-OPTSHANDLER: Perflock resource /proc/sys/kernel/sched_spill_nr_run not supported
12-31 16:01:03.103   613   641 E ANDR-PERF-RESOURCEQS: Failed to apply optimization [3, 11]
12-31 16:01:03.103   613   641 E ANDR-PERF-OPTSHANDLER: Perflock resource /proc/sys/kernel/sched_restrict_cluster_spill not supported
12-31 16:01:03.103   613   641 E ANDR-PERF-RESOURCEQS: Failed to apply optimization [3, 13]
12-31 16:01:03.105   613   641 E ANDR-PERF-OPTSHANDLER: Perflock resource /proc/sys/kernel/sched_spill_nr_run not supported
12-31 16:01:03.105   613   641 E ANDR-PERF-RESOURCEQS: Failed to apply optimization [3, 11]
12-31 16:01:03.105   613   641 E ANDR-PERF-OPTSHANDLER: Perflock resource /proc/sys/kernel/sched_restrict_cluster_spill not supported
12-31 16:01:03.105   613   641 E ANDR-PERF-RESOURCEQS: Failed to apply optimization [3, 13]
12-31 16:01:03.108  3450  3450 I ey.exlogservic: System.exit called, status: 0
12-31 16:01:03.108  3450  3450 I AndroidRuntime: VM exiting with result code 0, cleanup skipped.
12-31 16:01:03.127  3391  3471 W ContextImpl: Calling a method in the system process without a qualified user: android.app.ContextImpl.bindService:1611 android.content.ContextWrapper.bindService:698 com.askeycloud.agent.cloudagent.CloudAgentAAASvr.bindCloudAgentAidlService:347 com.askeycloud.agent.cloudagent.CloudAgentAAASvr.initCloudAgentAidl:337 com.askeycloud.agent.cloudagent.CloudAgentAAASvr.access$800:42 
12-31 16:01:03.131  1614  1830 I ActivityManager: Set adj with com.our.cloud.aaa to PERSISTENT_PROC_ADJ
12-31 16:01:03.132  1614  1659 W ActivityManager: Slow operation: 51ms so far, now at startProcess: done updating battery stats
12-31 16:01:03.132  1614  1659 W ActivityManager: Slow operation: 51ms so far, now at startProcess: building log message
12-31 16:01:03.132  1614  1659 I ActivityManager: Start proc 3483:com.askey.server/1000 for broadcast com.askey.server/.OSUReceiver
12-31 16:01:03.132  1614  1659 W ActivityManager: Slow operation: 51ms so far, now at startProcess: starting to update pids map
12-31 16:01:03.132  1614  1659 W ActivityManager: Slow operation: 51ms so far, now at startProcess: done updating pids map
12-31 16:01:03.157  3391  3497 W ContextImpl: Calling a method in the system process without a qualified user: android.app.ContextImpl.bindService:1611 android.content.ContextWrapper.bindService:698 com.askeycloud.agent.worker.DeviceCommunication.bindAdasAidlService:2768 com.askeycloud.agent.worker.DeviceCommunication.initAdasAidl:2757 com.askeycloud.agent.worker.DeviceCommunication$3.run:321 
12-31 16:01:03.159  3391  3498 I chatty  : uid=1000(system) Thread-3 expire 8 lines
12-31 16:01:03.161  3391  3391 I chatty  : uid=1000(system) com.askeycloud.agent.cloudagent expire 6 lines
12-31 16:01:03.161  1614  1830 I ActivityManager: Set adj with com.askey.dvr.filemanagement to PERSISTENT_PROC_ADJ
12-31 16:01:03.162  1614  1830 I ActivityManager: Set adj with com.our.dvr.afms to PERSISTENT_PROC_ADJ
12-31 16:01:03.162  1614  1830 I ActivityManager: Set adj with com.askeycloud.agent.cloudagent to PERSISTENT_PROC_ADJ
12-31 16:01:03.162  1614  1830 I ActivityManager: Set adj with com.our.cloud.aaa to PERSISTENT_PROC_ADJ
12-31 16:01:03.162  1614  1830 I ActivityManager: Set adj with com.askey.AzureDeviceManager to PERSISTENT_PROC_ADJ
12-31 16:01:03.162  1614  1830 I ActivityManager: Set adj with com.askey.dvr.versionup to PERSISTENT_PROC_ADJ
12-31 16:01:03.162  1614  1830 I ActivityManager: Set adj with com.our.dvr.acall to PERSISTENT_PROC_ADJ
12-31 16:01:03.162  1614  1830 I ActivityManager: Set adj with com.askey.dvr.settingservice to PERSISTENT_PROC_ADJ
12-31 16:01:03.162  1614  1830 I ActivityManager: Set adj with com.askey.dvr.dashcam to PERSISTENT_PROC_ADJ
12-31 16:01:03.166  1614  1830 I chatty  : uid=1000(system) Binder:1614_3 expire 51 lines
12-31 16:01:03.169  3391  3497 I chatty  : uid=1000(system) pool-2-thread-1 expire 17 lines
12-31 16:01:03.170  1614  1636 I chatty  : uid=1000(system) Binder:1614_2 expire 26 lines
12-31 16:01:03.170  2835  2835 I chatty  : uid=1000(system) com.askey.dvr.communication expire 5 lines
12-31 16:01:03.171  1614  1636 I ActivityManager: The Process com.our.cloud.aaa Already Exists in BG. So sending its PID: 3381
12-31 16:01:03.172  1614  1636 I ActivityManager: Set adj with com.askey.dvr.filemanagement to PERSISTENT_PROC_ADJ
12-31 16:01:03.175  1614  1636 I ActivityManager: Set adj with com.our.dvr.afms to PERSISTENT_PROC_ADJ
12-31 16:01:03.175  1614  1636 I ActivityManager: Set adj with com.askeycloud.agent.cloudagent to PERSISTENT_PROC_ADJ
12-31 16:01:03.175  1614  1636 I ActivityManager: Set adj with com.our.cloud.aaa to PERSISTENT_PROC_ADJ
12-31 16:01:03.175  1614  1636 I ActivityManager: Set adj with com.askey.AzureDeviceManager to PERSISTENT_PROC_ADJ
12-31 16:01:03.176  1614  1636 I ActivityManager: Set adj with com.askey.dvr.versionup to PERSISTENT_PROC_ADJ
12-31 16:01:03.176  1614  1636 I ActivityManager: Set adj with com.our.dvr.acall to PERSISTENT_PROC_ADJ
12-31 16:01:03.176  1614  1636 I ActivityManager: Set adj with com.askey.dvr.settingservice to PERSISTENT_PROC_ADJ
12-31 16:01:03.176  1614  1636 I ActivityManager: Set adj with com.askey.dvr.dashcam to PERSISTENT_PROC_ADJ
12-31 16:01:03.212  1614  2588 I ActivityManager: Process com.askey.exlogservice (pid 3450) has died: fore SVC 
12-31 16:01:03.215   976   976 I Zygote  : Process 3450 exited cleanly (0)
12-31 16:01:03.217  1614  2588 I ActivityManager: Set adj with com.askey.dvr.filemanagement to PERSISTENT_PROC_ADJ
12-31 16:01:03.217  1614  2588 I ActivityManager: Set adj with com.our.dvr.afms to PERSISTENT_PROC_ADJ
12-31 16:01:03.217  1614  2588 I ActivityManager: Set adj with com.askeycloud.agent.cloudagent to PERSISTENT_PROC_ADJ
12-31 16:01:03.217  1614  2588 I ActivityManager: Set adj with com.our.cloud.aaa to PERSISTENT_PROC_ADJ
12-31 16:01:03.217  1614  2588 I ActivityManager: Set adj with com.askey.AzureDeviceManager to PERSISTENT_PROC_ADJ
12-31 16:01:03.218  1614  2588 I ActivityManager: Set adj with com.askey.dvr.versionup to PERSISTENT_PROC_ADJ
12-31 16:01:03.218  1614  2588 I ActivityManager: Set adj with com.our.dvr.acall to PERSISTENT_PROC_ADJ
12-31 16:01:03.218  1614  2588 I ActivityManager: Set adj with com.askey.dvr.settingservice to PERSISTENT_PROC_ADJ
12-31 16:01:03.218  1614  2588 I ActivityManager: Set adj with com.askey.dvr.dashcam to PERSISTENT_PROC_ADJ
12-31 16:01:03.220  3391  3471 I chatty  : uid=1000(system) com.askeycloud.agent.cloudagent expire 1 line
12-31 16:01:03.232  3483  3483 I Perf    : Connecting to perf service.
12-31 16:01:03.244  3483  3483 W ContextImpl: Calling a method in the system process without a qualified user: android.app.ContextImpl.startService:1531 android.content.ContextWrapper.startService:664 android.content.ContextWrapper.startService:664 com.askey.server.OSUReceiver.onReceive:66 android.app.ActivityThread.handleReceiver:3422 
12-31 16:01:03.245  1614  2588 I ActivityManager: Set adj with com.askey.dvr.filemanagement to PERSISTENT_PROC_ADJ
12-31 16:01:03.246  1614  2588 I ActivityManager: Set adj with com.our.dvr.afms to PERSISTENT_PROC_ADJ
12-31 16:01:03.246  1614  2588 I ActivityManager: Set adj with com.askeycloud.agent.cloudagent to PERSISTENT_PROC_ADJ
12-31 16:01:03.246  1614  2588 I ActivityManager: Set adj with com.our.cloud.aaa to PERSISTENT_PROC_ADJ
12-31 16:01:03.246  1614  2588 I ActivityManager: Set adj with com.askey.AzureDeviceManager to PERSISTENT_PROC_ADJ
12-31 16:01:03.247  1614  2588 I ActivityManager: Set adj with com.askey.dvr.versionup to PERSISTENT_PROC_ADJ
12-31 16:01:03.247  1614  2588 I ActivityManager: Set adj with com.our.dvr.acall to PERSISTENT_PROC_ADJ
12-31 16:01:03.247  1614  2588 I ActivityManager: Set adj with com.askey.dvr.settingservice to PERSISTENT_PROC_ADJ
12-31 16:01:03.247  1614  2588 I ActivityManager: Set adj with com.askey.dvr.dashcam to PERSISTENT_PROC_ADJ
12-31 16:01:03.251  3483  3483 I OSUReceiver: Got UpdateInfo from OurProp:0 update_info_file:/enterprise/deviceprovision/recovery_update_info_fingerprint.ini
12-31 16:01:03.254  3483  3483 D OSUReceiver: SDCardPath = /storage/7FB3-150B
12-31 16:01:03.255  3483  3483 W OSUReceiver: OSUervice.prop not found (/storage/7FB3-150B/OSUService.prop) skip the update time calculate...
12-31 16:01:03.257  1614  2588 I ActivityManager: Set adj with com.askey.dvr.filemanagement to PERSISTENT_PROC_ADJ
12-31 16:01:03.257  1614  2588 I ActivityManager: Set adj with com.our.dvr.afms to PERSISTENT_PROC_ADJ
12-31 16:01:03.257  1614  2588 I ActivityManager: Set adj with com.askeycloud.agent.cloudagent to PERSISTENT_PROC_ADJ
12-31 16:01:03.257  1614  2588 I ActivityManager: Set adj with com.our.cloud.aaa to PERSISTENT_PROC_ADJ
12-31 16:01:03.257  1614  2588 I ActivityManager: Set adj with com.askey.AzureDeviceManager to PERSISTENT_PROC_ADJ
12-31 16:01:03.257  1614  2588 I ActivityManager: Set adj with com.askey.dvr.versionup to PERSISTENT_PROC_ADJ
12-31 16:01:03.257  1614  2588 I ActivityManager: Set adj with com.our.dvr.acall to PERSISTENT_PROC_ADJ
12-31 16:01:03.257  1614  2588 I ActivityManager: Set adj with com.askey.dvr.settingservice to PERSISTENT_PROC_ADJ
12-31 16:01:03.257  1614  2588 I ActivityManager: Set adj with com.askey.dvr.dashcam to PERSISTENT_PROC_ADJ
12-31 16:01:03.259  1614  1657 W BroadcastQueue: Permission Denial: broadcasting Intent { act=android.intent.action.BATTERY_CHANGED flg=0x60000010 (has extras) } from null (pid=-1, uid=-1) requires android.permission.MASTER_CLEAR due to registered receiver BroadcastFilter{11afac9 u0 ReceiverList{9941ad0 3483 com.askey.server/1000/u0 remote:8d32a93}}
12-31 16:01:03.268  1614  1614 I chatty  : uid=1000 system_server expire 11 lines
12-31 16:01:03.269  2835  2889 W ContextImpl: Calling a method in the system process without a qualified user: android.app.ContextImpl.bindService:1611 android.content.ContextWrapper.bindService:698 com.askey.dvr.communication.DeviceReportManager.bindService:134 com.askey.dvr.communication.DeviceReportManager.connectServiceIfNeeded:110 com.askey.dvr.communication.DeviceReportManager.getAdasVersion:269 
12-31 16:01:03.272  1614  1830 I ActivityManager: Set adj with com.askey.dvr.dashcam to PERSISTENT_PROC_ADJ
12-31 16:01:03.273  2835  2889 I chatty  : uid=1000(system) Binder:2835_1 expire 41 lines
