12-31 16:00:00.271  1614  1838 E PersistentDataBlockService: 	at com.android.internal.util.ConcurrentUtils$1$1.run(ConcurrentUtils.java:62)
12-31 16:00:00.272  1614  1852 I ActivityManager: Config changes=38 {1.0 ?mcc?mnc [en_US] ldltr sw240dp w320dp h240dp 160dpi smll land finger qwerty/v/v -nav/h winConfig={ mBounds=Rect(0, 0 - 0, 0) mAppBounds=Rect(0, 0 - 320, 240) mWindowingMode=fullscreen mActivityType=undefined} s.4}
12-31 16:00:00.281  1614  1852 I ActivityManager: Override config changes=38 {1.0 ?mcc?mnc [en_US] ldltr sw240dp w320dp h240dp 160dpi smll land finger qwerty/v/v -nav/h winConfig={ mBounds=Rect(0, 0 - 320, 240) mAppBounds=Rect(0, 0 - 320, 240) mWindowingMode=fullscreen mActivityType=undefined} s.4} for displayId=0
12-31 16:00:00.285  1614  1838 D SystemServerInitThreadPool: Finished executing PersistentDataBlockService.onStart
12-31 16:00:00.286  1614  1614 W SystemServiceManager: Service com.android.server.DeviceIdleController took 55 ms in onStart
12-31 16:00:00.286  1614  1614 D SystemServerTiming: StartDeviceIdleController took to complete: 57ms
12-31 16:00:00.287  1614  1614 I SystemServer: StartDevicePolicyManager
12-31 16:00:00.287  1614  1614 I SystemServiceManager: Starting com.android.server.devicepolicy.DevicePolicyManagerService$Lifecycle
12-31 16:00:00.304  1614  1614 D SystemServerTiming: StartDevicePolicyManager took to complete: 17ms
12-31 16:00:00.304  1614  1614 I SystemServer: StartStatusBarManagerService
12-31 16:00:00.306  1614  1614 D SystemServerTiming: StartStatusBarManagerService took to complete: 2ms
12-31 16:00:00.306  1614  1614 I SystemServer: StartClipboardService
12-31 16:00:00.306  1614  1614 I SystemServiceManager: Starting com.android.server.clipboard.ClipboardService
12-31 16:00:00.309  1614  1614 D SystemServerTiming: StartClipboardService took to complete: 3ms
12-31 16:00:00.310  1614  1614 I SystemServer: StartNetworkManagementService
12-31 16:00:00.313  1614  1862 I NetworkManagement: onDaemonConnected()
12-31 16:00:00.316  1614  1614 D SystemServerTiming: StartNetworkManagementService took to complete: 6ms
12-31 16:00:00.316  1614  1614 I SystemServer: StartIpSecService
12-31 16:00:00.319  1614  1614 D SystemServerTiming: StartIpSecService took to complete: 3ms
12-31 16:00:00.319  1614  1614 I SystemServer: StartTextServicesManager
12-31 16:00:00.319  1614  1614 I SystemServiceManager: Starting com.android.server.TextServicesManagerService$Lifecycle
12-31 16:00:00.322  1614  1614 D SystemServerTiming: StartTextServicesManager took to complete: 3ms
12-31 16:00:00.322  1614  1614 I SystemServer: StartTextClassificationManagerService
12-31 16:00:00.322  1614  1614 I SystemServiceManager: Starting com.android.server.textclassifier.TextClassificationManagerService$Lifecycle
12-31 16:00:00.324  1614  1614 D SystemServerTiming: StartTextClassificationManagerService took to complete: 2ms
12-31 16:00:00.325  1614  1614 I SystemServer: StartNetworkScoreService
12-31 16:00:00.325  1614  1614 I SystemServiceManager: Starting com.android.server.NetworkScoreService$Lifecycle
12-31 16:00:00.328  1614  1614 D SystemServerTiming: StartNetworkScoreService took to complete: 3ms
12-31 16:00:00.328  1614  1614 I SystemServer: StartNetworkStatsService
12-31 16:00:00.332  1614  1614 D SystemServerTiming: StartNetworkStatsService took to complete: 4ms
12-31 16:00:00.332  1614  1614 I SystemServer: StartNetworkPolicyManagerService
12-31 16:00:00.338  1614  1614 D SystemServerTiming: StartNetworkPolicyManagerService took to complete: 6ms
12-31 16:00:00.339  1614  1614 I SystemServer: StartWifi
12-31 16:00:00.357  1614  1614 I SystemServiceManager: Starting com.android.server.wifi.WifiService
12-31 16:00:00.496  1614  1614 D SystemServerTiming: StartWifi took to complete: 157ms
12-31 16:00:00.496  1614  1614 I SystemServer: StartWifiScanning
12-31 16:00:00.497  1614  1614 I SystemServiceManager: Starting com.android.server.wifi.scanner.WifiScanningService
12-31 16:00:00.501  1614  1614 D SystemServerTiming: StartWifiScanning took to complete: 5ms
12-31 16:00:00.501  1614  1614 I SystemServer: StartWifiP2P
12-31 16:00:00.501  1614  1614 I SystemServiceManager: Starting com.android.server.wifi.p2p.WifiP2pService
12-31 16:00:00.514  1614  1614 D SystemServerTiming: StartWifiP2P took to complete: 13ms
12-31 16:00:00.514  1614  1614 I SystemServer: StartEthernet
12-31 16:00:00.515  1614  1614 I SystemServiceManager: Starting com.android.server.ethernet.EthernetService
12-31 16:00:00.517  1614  1614 D SystemServerTiming: StartEthernet took to complete: 3ms
12-31 16:00:00.517  1614  1614 I SystemServer: StartConnectivityService
12-31 16:00:00.522  1614  1614 D ConnectivityService: ConnectivityService starting up
12-31 16:00:00.525  1614  1614 D ConnectivityService: wifiOnly=false
12-31 16:00:00.526  1614  1614 E ConnectivityService: Ignoring protectedNetwork 14
12-31 16:00:00.542  1614  1614 D SystemServerTiming: StartConnectivityService took to complete: 25ms
12-31 16:00:00.542  1614  1614 I SystemServer: StartNsdService
12-31 16:00:00.544  1614  1614 D NsdService: Network service discovery is enabled
12-31 16:00:00.548  1614  1614 D SystemServerTiming: StartNsdService took to complete: 6ms
12-31 16:00:00.548  1614  1614 I SystemServer: StartSystemUpdateManagerService
12-31 16:00:00.549  1614  1614 I SystemUpdateManagerService: No existing info file /data/system/system-update-info.xml
12-31 16:00:00.551  1614  1614 D SystemServerTiming: StartSystemUpdateManagerService took to complete: 3ms
12-31 16:00:00.551  1614  1614 I SystemServer: StartUpdateLockService
12-31 16:00:00.553  1614  1614 D SystemServerTiming: StartUpdateLockService took to complete: 2ms
12-31 16:00:00.553  1614  1614 I SystemServer: StartNotificationManager
12-31 16:00:00.554  1614  1614 I SystemServiceManager: Starting com.android.server.notification.NotificationManagerService
12-31 16:00:00.567  1614  1614 D ConditionProviders.SCP: new ScheduleConditionProvider()
12-31 16:00:00.582  1614  1614 I NotificationListeners: Read notification listener permissions from xml
12-31 16:00:00.582  1614  1614 I NotificationAssistants: Read notification assistant permissions from xml
12-31 16:00:00.582  1614  1614 I ConditionProviders: Read condition provider permissions from xml
12-31 16:00:00.582  1614  1614 I ConditionProviders: Read condition provider permissions from xml
12-31 16:00:00.590  1614  1614 D SystemServerTiming: StartNotificationManager took to complete: 37ms
12-31 16:00:00.591  1614  1614 I SystemServer: StartDeviceMonitor
12-31 16:00:00.591  1614  1614 I SystemServiceManager: Starting com.android.server.storage.DeviceStorageMonitorService
12-31 16:00:00.593  1614  1614 D SystemServerTiming: StartDeviceMonitor took to complete: 3ms
12-31 16:00:00.594  1614  1614 I SystemServer: StartLocationManagerService
12-31 16:00:00.596  1614  1614 D SystemServerTiming: StartLocationManagerService took to complete: 2ms
12-31 16:00:00.596  1614  1614 I SystemServer: StartCountryDetectorService
12-31 16:00:00.598  1614  1614 D SystemServerTiming: StartCountryDetectorService took to complete: 2ms
12-31 16:00:00.598  1614  1614 I SystemServer: StartSearchManagerService
12-31 16:00:00.598  1614  1614 I SystemServiceManager: Starting com.android.server.search.SearchManagerService$Lifecycle
12-31 16:00:00.601  1614  1614 D SystemServerTiming: StartSearchManagerService took to complete: 3ms
12-31 16:00:00.601  1614  1614 I SystemServer: StartWallpaperManagerService
12-31 16:00:00.601  1614  1614 I SystemServiceManager: Starting com.android.server.wallpaper.WallpaperManagerService$Lifecycle
12-31 16:00:00.606  1614  1614 D SystemServerTiming: StartWallpaperManagerService took to complete: 5ms
12-31 16:00:00.607  1614  1614 I SystemServer: StartAudioService
12-31 16:00:00.607  1614  1614 I SystemServiceManager: Starting com.android.server.audio.AudioService$Lifecycle
12-31 16:00:00.681   976   976 D ZygoteInitTiming_lazy: PreloadClasses took to complete: 758ms
12-31 16:00:00.698  1614  1614 D SystemServerTiming: StartAudioService took to complete: 91ms
12-31 16:00:00.698  1614  1614 I SystemServer: StartDockObserver
12-31 16:00:00.698  1614  1614 I SystemServiceManager: Starting com.android.server.DockObserver
12-31 16:00:00.699  1614  1614 W DockObserver: This kernel does not have dock station support
12-31 16:00:00.701  1614  1614 D SystemServerTiming: StartDockObserver took to complete: 2ms
12-31 16:00:00.701  1614  1614 I SystemServer: StartWiredAccessoryManager
12-31 16:00:00.702  1614  1614 W WiredAccessoryManager: This kernel does not have usb audio support
12-31 16:00:00.702  1614  1614 W WiredAccessoryManager: This kernel does not have HDMI audio support
12-31 16:00:00.702  1614  1614 V WiredAccessoryManager: Monitor DP conn soc:qcom,msm-ext-disp/1/0
12-31 16:00:00.702  1614  1614 V WiredAccessoryManager: UEvent dev address controller=1;stream=0
12-31 16:00:00.702  1614  1614 V WiredAccessoryManager: checkDevIndex /sys/devices/platform/soc/soc:qcom,msm-ext-disp/extcon/extcon0/name
12-31 16:00:00.702  1614  1614 E WiredAccessoryManager: file /sys/devices/platform/soc/soc:qcom,msm-ext-disp/extcon/extcon0/name not found
12-31 16:00:00.703  1614  1614 W WiredAccessoryManager: Conn soc:qcom,msm-ext-disp/1/0 does not have DP audio support
12-31 16:00:00.703  1614  1614 V WiredAccessoryManager: Monitor DP conn soc:qcom,msm-ext-disp/0/0
12-31 16:00:00.703  1614  1614 V WiredAccessoryManager: UEvent dev address controller=0;stream=0
12-31 16:00:00.703  1614  1614 V WiredAccessoryManager: checkDevIndex /sys/devices/platform/soc/soc:qcom,msm-ext-disp/extcon/extcon0/name
12-31 16:00:00.703  1614  1614 E WiredAccessoryManager: file /sys/devices/platform/soc/soc:qcom,msm-ext-disp/extcon/extcon0/name not found
12-31 16:00:00.703  1614  1614 W WiredAccessoryManager: Conn soc:qcom,msm-ext-disp/0/0 does not have DP audio support
12-31 16:00:00.703  1614  1614 D SystemServerTiming: StartWiredAccessoryManager took to complete: 2ms
12-31 16:00:00.703  1614  1614 I SystemServer: StartMidiManager
12-31 16:00:00.703  1614  1614 I SystemServiceManager: Starting com.android.server.midi.MidiService$Lifecycle
12-31 16:00:00.706  1614  1614 D SystemServerTiming: StartMidiManager took to complete: 3ms
12-31 16:00:00.706  1614  1614 I SystemServer: StartUsbService
12-31 16:00:00.707  1614  1614 I SystemServiceManager: Starting com.android.server.usb.UsbService$Lifecycle
12-31 16:00:00.709  1614  1614 E UsbDeviceManager: failed to write to /sys/class/android_usb/android0/f_rndis/ethaddr
12-31 16:00:00.711  1614  1614 I UsbDeviceManager: USB GADGET HAL not present in the device
12-31 16:00:00.711  1614  1614 I UsbDeviceManager: java.util.NoSuchElementException
12-31 16:00:00.711  1614  1614 I UsbDeviceManager: 	at android.os.HwBinder.getService(Native Method)
12-31 16:00:00.711  1614  1614 I UsbDeviceManager: 	at android.hardware.usb.gadget.V1_0.IUsbGadget.getService(IUsbGadget.java:40)
12-31 16:00:00.711  1614  1614 I UsbDeviceManager: 	at android.hardware.usb.gadget.V1_0.IUsbGadget.getService(IUsbGadget.java:44)
12-31 16:00:00.711  1614  1614 I UsbDeviceManager: 	at com.android.server.usb.UsbDeviceManager.<init>(UsbDeviceManager.java:273)
12-31 16:00:00.711  1614  1614 I UsbDeviceManager: 	at com.android.server.usb.UsbService.<init>(UsbService.java:139)
12-31 16:00:00.711  1614  1614 I UsbDeviceManager: 	at com.android.server.usb.UsbService$Lifecycle.onStart(UsbService.java:73)
12-31 16:00:00.711  1614  1614 I UsbDeviceManager: 	at com.android.server.SystemServiceManager.startService(SystemServiceManager.java:126)
12-31 16:00:00.711  1614  1614 I UsbDeviceManager: 	at com.android.server.SystemServiceManager.startService(SystemServiceManager.java:113)
12-31 16:00:00.711  1614  1614 I UsbDeviceManager: 	at com.android.server.SystemServiceManager.startService(SystemServiceManager.java:72)
12-31 16:00:00.711  1614  1614 I UsbDeviceManager: 	at com.android.server.SystemServer.startOtherServices(SystemServer.java:1369)
12-31 16:00:00.711  1614  1614 I UsbDeviceManager: 	at com.android.server.SystemServer.run(SystemServer.java:449)
12-31 16:00:00.711  1614  1614 I UsbDeviceManager: 	at com.android.server.SystemServer.main(SystemServer.java:308)
12-31 16:00:00.711  1614  1614 I UsbDeviceManager: 	at java.lang.reflect.Method.invoke(Native Method)
12-31 16:00:00.711  1614  1614 I UsbDeviceManager: 	at com.android.internal.os.RuntimeInit$MethodAndArgsCaller.run(RuntimeInit.java:493)
12-31 16:00:00.711  1614  1614 I UsbDeviceManager: 	at com.android.internal.os.ZygoteInit.main(ZygoteInit.java:838)
12-31 16:00:00.712  1614  1614 E UsbDeviceManager: Failed to open control for mtp
12-31 16:00:00.712  1614  1614 E UsbDeviceManager: Failed to open control for mtp
12-31 16:00:00.733  1614  1854 I UsbPortManager: Usb hal service started android.hardware.usb@1.0::IUsb default
12-31 16:00:00.735  1614  1614 E UsbPortManager: connectToProxy: usb hal service not found. Did the service fail to start?
12-31 16:00:00.735  1614  1614 E UsbPortManager: java.util.NoSuchElementException
12-31 16:00:00.735  1614  1614 E UsbPortManager: 	at android.os.HwBinder.getService(Native Method)
12-31 16:00:00.735  1614  1614 E UsbPortManager: 	at android.os.HwBinder.getService(HwBinder.java:91)
12-31 16:00:00.735  1614  1614 E UsbPortManager: 	at android.hardware.usb.V1_0.IUsb.getService(IUsb.java:48)
12-31 16:00:00.735  1614  1614 E UsbPortManager: 	at android.hardware.usb.V1_0.IUsb.getService(IUsb.java:52)
12-31 16:00:00.735  1614  1614 E UsbPortManager: 	at com.android.server.usb.UsbPortManager.connectToProxy(UsbPortManager.java:531)
12-31 16:00:00.735  1614  1614 E UsbPortManager: 	at com.android.server.usb.UsbPortManager.<init>(UsbPortManager.java:137)
12-31 16:00:00.735  1614  1614 E UsbPortManager: 	at com.android.server.usb.UsbService.<init>(UsbService.java:142)
12-31 16:00:00.735  1614  1614 E UsbPortManager: 	at com.android.server.usb.UsbService$Lifecycle.onStart(UsbService.java:73)
12-31 16:00:00.735  1614  1614 E UsbPortManager: 	at com.android.server.SystemServiceManager.startService(SystemServiceManager.java:126)
12-31 16:00:00.735  1614  1614 E UsbPortManager: 	at com.android.server.SystemServiceManager.startService(SystemServiceManager.java:113)
12-31 16:00:00.735  1614  1614 E UsbPortManager: 	at com.android.server.SystemServiceManager.startService(SystemServiceManager.java:72)
12-31 16:00:00.735  1614  1614 E UsbPortManager: 	at com.android.server.SystemServer.startOtherServices(SystemServer.java:1369)
12-31 16:00:00.735  1614  1614 E UsbPortManager: 	at com.android.server.SystemServer.run(SystemServer.java:449)
12-31 16:00:00.735  1614  1614 E UsbPortManager: 	at com.android.server.SystemServer.main(SystemServer.java:308)
12-31 16:00:00.735  1614  1614 E UsbPortManager: 	at java.lang.reflect.Method.invoke(Native Method)
12-31 16:00:00.735  1614  1614 E UsbPortManager: 	at com.android.internal.os.RuntimeInit$MethodAndArgsCaller.run(RuntimeInit.java:493)
12-31 16:00:00.735  1614  1614 E UsbPortManager: 	at com.android.internal.os.ZygoteInit.main(ZygoteInit.java:838)
12-31 16:00:00.737  1614  1854 E UsbPortManager: connectToProxy: usb hal service not found. Did the service fail to start?
12-31 16:00:00.737  1614  1854 E UsbPortManager: java.util.NoSuchElementException
12-31 16:00:00.737  1614  1854 E UsbPortManager: 	at android.os.HwBinder.getService(Native Method)
12-31 16:00:00.737  1614  1854 E UsbPortManager: 	at android.os.HwBinder.getService(HwBinder.java:91)
12-31 16:00:00.737  1614  1854 E UsbPortManager: 	at android.hardware.usb.V1_0.IUsb.getService(IUsb.java:48)
12-31 16:00:00.737  1614  1854 E UsbPortManager: 	at android.hardware.usb.V1_0.IUsb.getService(IUsb.java:52)
12-31 16:00:00.737  1614  1854 E UsbPortManager: 	at com.android.server.usb.UsbPortManager.connectToProxy(UsbPortManager.java:531)
12-31 16:00:00.737  1614  1854 E UsbPortManager: 	at com.android.server.usb.UsbPortManager.access$500(UsbPortManager.java:71)
12-31 16:00:00.737  1614  1854 E UsbPortManager: 	at com.android.server.usb.UsbPortManager$ServiceNotification.onRegistration(UsbPortManager.java:520)
12-31 16:00:00.737  1614  1854 E UsbPortManager: 	at android.hidl.manager.V1_0.IServiceNotification$Stub.onTransact(IServiceNotification.java:389)
12-31 16:00:00.739  1614  1614 D SystemServerTiming: StartUsbService took to complete: 33ms
12-31 16:00:00.739  1614  1614 I SystemServer: StartSerialService
12-31 16:00:00.741  1614  1614 D SystemServerTiming: StartSerialService took to complete: 2ms
12-31 16:00:00.741  1614  1614 I SystemServer: Starting AlexaLedApiService API Service
12-31 16:00:00.744  1614  1614 I SystemServer: StartHardwarePropertiesManagerService
12-31 16:00:00.748  1614  1614 D SystemServerTiming: StartHardwarePropertiesManagerService took to complete: 4ms
12-31 16:00:00.748  1614  1614 I SystemServer: StartTwilightService
12-31 16:00:00.748  1614  1614 I SystemServiceManager: Starting com.android.server.twilight.TwilightService
12-31 16:00:00.749  1614  1614 D SystemServerTiming: StartTwilightService took to complete: 1ms
12-31 16:00:00.749  1614  1614 I SystemServer: StartNightDisplay
12-31 16:00:00.749  1614  1614 I SystemServiceManager: Starting com.android.server.display.ColorDisplayService
12-31 16:00:00.749  1614  1614 D SystemServerTiming: StartNightDisplay took to complete: 0ms
12-31 16:00:00.749  1614  1614 I SystemServer: StartJobScheduler
12-31 16:00:00.749  1614  1614 I SystemServiceManager: Starting com.android.server.job.JobSchedulerService
12-31 16:00:00.755  1614  1614 D JobStore: Start tag: job-info
12-31 16:00:00.758  1614  1614 I JobStore: Read 3 jobs
12-31 16:00:00.765  1614  1614 W JobScheduler: !!! RTC not yet good; tracking time updates for job scheduling
12-31 16:00:00.767  1614  1614 D SystemServerTiming: StartJobScheduler took to complete: 18ms
12-31 16:00:00.767  1614  1614 I SystemServer: StartSoundTrigger
12-31 16:00:00.767  1614  1614 I SystemServiceManager: Starting com.android.server.soundtrigger.SoundTriggerService
12-31 16:00:00.770  1614  1614 D SystemServerTiming: StartSoundTrigger took to complete: 2ms
12-31 16:00:00.770  1614  1614 I SystemServer: StartTrustManager
12-31 16:00:00.770  1614  1614 I SystemServiceManager: Starting com.android.server.trust.TrustManagerService
12-31 16:00:00.773  1614  1614 D SystemServerTiming: StartTrustManager took to complete: 2ms
12-31 16:00:00.773  1614  1614 I SystemServer: StartBackupManager
12-31 16:00:00.773  1614  1614 I SystemServiceManager: Starting com.android.server.backup.BackupManagerService$Lifecycle
12-31 16:00:00.777  1614  1614 D SystemServerTiming: StartBackupManager took to complete: 4ms
12-31 16:00:00.777  1614  1614 I SystemServer: StartAppWidgerService
12-31 16:00:00.777  1614  1614 I SystemServiceManager: Starting com.android.server.appwidget.AppWidgetService
12-31 16:00:00.783  1614  1614 D SystemServerTiming: StartAppWidgerService took to complete: 6ms
12-31 16:00:00.783  1614  1614 I SystemServer: StartVoiceRecognitionManager
12-31 16:00:00.784  1614  1614 I SystemServiceManager: Starting com.android.server.voiceinteraction.VoiceInteractionManagerService
12-31 16:00:00.786  1614  1614 D SystemServerTiming: StartVoiceRecognitionManager took to complete: 3ms
12-31 16:00:00.786  1614  1614 I SystemServer: StartGestureLauncher
12-31 16:00:00.786  1614  1614 I SystemServiceManager: Starting com.android.server.GestureLauncherService
12-31 16:00:00.787  1614  1614 D SystemServerTiming: StartGestureLauncher took to complete: 1ms
12-31 16:00:00.787  1614  1614 I SystemServer: StartSensorNotification
12-31 16:00:00.787  1614  1614 I SystemServiceManager: Starting com.android.server.SensorNotificationService
12-31 16:00:00.787  1614  1614 D SystemServerTiming: StartSensorNotification took to complete: 0ms
12-31 16:00:00.787  1614  1614 I SystemServer: StartContextHubSystemService
12-31 16:00:00.787  1614  1614 I SystemServiceManager: Starting com.android.server.ContextHubSystemService
12-31 16:00:00.788  1614  1614 D SystemServerTiming: StartContextHubSystemService took to complete: 0ms
12-31 16:00:00.788  1614  1838 D SystemServerInitThreadPool: Started executing Init ContextHubSystemService
12-31 16:00:00.788  1614  1614 D SystemServer: It's a DVR device! Don't start DiskStatsService
12-31 16:00:00.788  1614  1614 I SystemServer: StartNetworkTimeUpdateService
12-31 16:00:00.790  1614  1614 D SystemServerTiming: StartNetworkTimeUpdateService took to complete: 2ms
12-31 16:00:00.790  1614  1614 I SystemServer: StartCommonTimeManagementService
12-31 16:00:00.790  1614  1838 D SystemServerInitThreadPool: Finished executing Init ContextHubSystemService
12-31 16:00:00.792  1614  1614 D SystemServerTiming: StartCommonTimeManagementService took to complete: 2ms
12-31 16:00:00.793  1614  1614 I SystemServer: CertBlacklister
12-31 16:00:00.794  1614  1614 D SystemServerTiming: CertBlacklister took to complete: 0ms
12-31 16:00:00.794  1614  1614 I SystemServer: StartEmergencyAffordanceService
12-31 16:00:00.794  1614  1614 I SystemServiceManager: Starting com.android.server.emergency.EmergencyAffordanceService
12-31 16:00:00.795  1614  1614 D SystemServerTiming: StartEmergencyAffordanceService took to complete: 0ms
12-31 16:00:00.795  1614  1614 I SystemServer: StartDreamManager
12-31 16:00:00.795  1614  1614 I SystemServiceManager: Starting com.android.server.dreams.DreamManagerService
12-31 16:00:00.797  1614  1614 D SystemServerTiming: StartDreamManager took to complete: 2ms
12-31 16:00:00.798  1614  1614 I SystemServer: AddGraphicsStatsService
12-31 16:00:00.800  1614  1614 D SystemServerTiming: AddGraphicsStatsService took to complete: 2ms
12-31 16:00:00.801  1614  1614 I SystemServer: StartPrintManager
12-31 16:00:00.801  1614  1614 I SystemServiceManager: Starting com.android.server.print.PrintManagerService
12-31 16:00:00.805  1614  1614 D SystemServerTiming: StartPrintManager took to complete: 4ms
12-31 16:00:00.805  1614  1614 I SystemServer: StartCompanionDeviceManager
12-31 16:00:00.805  1614  1614 I SystemServiceManager: Starting com.android.server.companion.CompanionDeviceManagerService
12-31 16:00:00.809  1614  1614 D SystemServerTiming: StartCompanionDeviceManager took to complete: 4ms
12-31 16:00:00.809  1614  1614 I SystemServer: StartRestrictionManager
12-31 16:00:00.809  1614  1614 I SystemServiceManager: Starting com.android.server.restrictions.RestrictionsManagerService
12-31 16:00:00.812  1614  1614 D SystemServerTiming: StartRestrictionManager took to complete: 3ms
12-31 16:00:00.812  1614  1614 I SystemServer: StartMediaSessionService
12-31 16:00:00.812  1614  1614 I SystemServiceManager: Starting com.android.server.media.MediaSessionService
12-31 16:00:00.818  1614  1614 D SystemServerTiming: StartMediaSessionService took to complete: 6ms
12-31 16:00:00.818  1614  1614 I SystemServer: StartMediaUpdateService
12-31 16:00:00.818  1614  1614 I SystemServiceManager: Starting com.android.server.media.MediaUpdateService
12-31 16:00:00.819  1614  1614 D SystemServerTiming: StartMediaUpdateService took to complete: 0ms
12-31 16:00:00.819  1614  1614 I SystemServer: StartMediaRouterService
12-31 16:00:00.822  1614  1614 D SystemServerTiming: StartMediaRouterService took to complete: 3ms
12-31 16:00:00.822  1614  1614 I SystemServer: StartBackgroundDexOptService
12-31 16:00:00.824  1614  1614 D SystemServerTiming: StartBackgroundDexOptService took to complete: 2ms
12-31 16:00:00.824  1614  1614 I SystemServer: StartPruneInstantAppsJobService
12-31 16:00:00.825  1614  1614 D SystemServerTiming: StartPruneInstantAppsJobService took to complete: 1ms
12-31 16:00:00.825  1614  1614 I SystemServer: StartShortcutServiceLifecycle
12-31 16:00:00.825  1614  1614 I SystemServiceManager: Starting com.android.server.pm.ShortcutService$Lifecycle
12-31 16:00:00.831  1614  1614 D SystemServerTiming: StartShortcutServiceLifecycle took to complete: 6ms
12-31 16:00:00.831  1614  1614 I SystemServer: StartLauncherAppsService
12-31 16:00:00.831  1614  1614 I SystemServiceManager: Starting com.android.server.pm.LauncherAppsService
12-31 16:00:00.833  1614  1614 D SystemServerTiming: StartLauncherAppsService took to complete: 2ms
12-31 16:00:00.834  1614  1614 I SystemServer: StartCrossProfileAppsService
12-31 16:00:00.834  1614  1614 I SystemServiceManager: Starting com.android.server.pm.CrossProfileAppsService
12-31 16:00:00.836  1614  1614 D SystemServerTiming: StartCrossProfileAppsService took to complete: 2ms
12-31 16:00:00.836  1614  1614 I SystemServer: StartMediaProjectionManager
12-31 16:00:00.836  1614  1614 I SystemServiceManager: Starting com.android.server.media.projection.MediaProjectionManagerService
12-31 16:00:00.841  1614  1614 D SystemServerTiming: StartMediaProjectionManager took to complete: 5ms
12-31 16:00:00.842  1614  1614 I SystemServer: StartSliceManagerService
12-31 16:00:00.842  1614  1614 I SystemServiceManager: Starting com.android.server.slice.SliceManagerService$Lifecycle
12-31 16:00:00.847  1614  1614 D SystemServerTiming: StartSliceManagerService took to complete: 5ms
12-31 16:00:00.847  1614  1614 I SystemServer: StartCameraServiceProxy
12-31 16:00:00.847  1614  1614 I SystemServiceManager: Starting com.android.server.camera.CameraServiceProxy
12-31 16:00:00.857  1614  1614 D SystemServerTiming: StartCameraServiceProxy took to complete: 10ms
12-31 16:00:00.857  1614  1614 I SystemServer: StartStatsCompanionService
12-31 16:00:00.857  1614  1614 I SystemServiceManager: Starting com.android.server.stats.StatsCompanionService$Lifecycle
12-31 16:00:00.860  1614  1614 I KernelUidCpuFreqTimeReader: mPerClusterTimesAvailable=false
12-31 16:00:00.862  1614  1614 E StatsCompanionService: cannot find thermalservice, no throttling push notifications
12-31 16:00:00.863  1614  1614 D SystemServerTiming: StartStatsCompanionService took to complete: 6ms
12-31 16:00:00.864  1614  1614 I SystemServer: StartJitCompilation
12-31 16:00:00.864  1614  1614 D SystemServerTiming: StartJitCompilation took to complete: 0ms
12-31 16:00:00.864  1614  1614 I SystemServer: StartMmsService
12-31 16:00:00.864  1614  1614 I SystemServiceManager: Starting com.android.server.MmsServiceBroker
12-31 16:00:00.867  1614  1614 D SystemServerTiming: StartMmsService took to complete: 3ms
12-31 16:00:00.868  1614  1614 I SystemServer: StartAutoFillService
12-31 16:00:00.868  1614  1614 I SystemServiceManager: Starting com.android.server.autofill.AutofillManagerService
12-31 16:00:00.870  1614  1614 I AutofillManagerService: Setting debug to true
12-31 16:00:00.873  1614  1614 D SystemServerTiming: StartAutoFillService took to complete: 5ms
12-31 16:00:00.873  1614  1614 I SystemServer: MakeVibratorServiceReady
12-31 16:00:00.876  1614  1614 D SystemServerTiming: MakeVibratorServiceReady took to complete: 3ms
12-31 16:00:00.877  1614  1614 I SystemServer: MakeLockSettingsServiceReady
12-31 16:00:00.900   976   976 D ZygoteInitTiming_lazy: PreloadResources took to complete: 219ms
12-31 16:00:00.904  1614  1614 I SyntheticPasswordManager: Device does not support weaver
12-31 16:00:00.907  1614  1614 I LockSettingsService: Device doesn't implement AuthSecret HAL
12-31 16:00:00.909  1614  1614 E LockSettingsStorage: Cannot read file java.io.FileNotFoundException: /data/system/gatekeeper.password.key: open failed: ENOENT (No such file or directory)
12-31 16:00:00.910  1614  1614 E LockSettingsStorage: Cannot read file java.io.FileNotFoundException: /data/system/password.key: open failed: ENOENT (No such file or directory)
12-31 16:00:00.910  1614  1614 E LockSettingsStorage: Cannot read file java.io.FileNotFoundException: /data/system/gatekeeper.pattern.key: open failed: ENOENT (No such file or directory)
12-31 16:00:00.911  1614  1614 E LockSettingsStorage: Cannot read file java.io.FileNotFoundException: /data/system/gatekeeper.gesture.key: open failed: ENOENT (No such file or directory)
12-31 16:00:00.911  1614  1614 E LockSettingsStorage: Cannot read file java.io.FileNotFoundException: /data/system/gesture.key: open failed: ENOENT (No such file or directory)
12-31 16:00:00.911  1614  1614 D SystemServerTiming: MakeLockSettingsServiceReady took to complete: 34ms
12-31 16:00:00.911  1614  1614 I SystemServer: StartBootPhaseLockSettingsReady
12-31 16:00:00.911  1614  1614 I SystemServiceManager: Starting phase 480
12-31 16:00:00.917  1614  1614 I DevicePolicyManager: Set ro.device_owner property to false
12-31 16:00:00.919  1614  1838 D SystemServerInitThreadPool: Started executing DevicePolicyManager
12-31 16:00:00.919  1614  1838 D SystemServerInitThreadPool: Finished executing DevicePolicyManager
12-31 16:00:00.921  1614  1614 W ShortcutService: Clock rewound
12-31 16:00:00.922  1614  1614 D SystemServerTiming: StartBootPhaseLockSettingsReady took to complete: 11ms
12-31 16:00:00.922  1614  1614 I SystemServer: StartBootPhaseSystemServicesReady
12-31 16:00:00.922  1614  1614 I SystemServiceManager: Starting phase 500
12-31 16:00:01.079  1614  1651 D SystemServerTimingAsync: SecondaryZygotePreload took to complete: 1211ms
12-31 16:00:01.079  1614  1651 D SystemServerInitThreadPool: Finished executing SecondaryZygotePreload
12-31 16:00:01.189  1614  1836 D SystemServerInitThreadPool: Finished executing Init OverlayManagerService
12-31 16:00:01.189  1614  1614 W SystemServiceManager: Service com.android.server.om.OverlayManagerService took 266 ms in onBootPhase
12-31 16:00:01.190  1614  1614 D AppStandbyController: Setting app idle enabled state
12-31 16:00:01.207  1614  1614 I WifiService: WifiService starting up with Wi-Fi disabled
12-31 16:00:01.223  1003  1003 E wificond: Failed to get wiphy indices
12-31 16:00:01.234  1614  1873 D ConnectivityService: Got NetworkFactory Messenger for Ethernet
12-31 16:00:01.259  1614  1614 D SystemServerTiming: StartBootPhaseSystemServicesReady took to complete: 337ms
12-31 16:00:01.259  1614  1614 I SystemServer: MakeWindowManagerServiceReady
12-31 16:00:01.270  1614  1614 D SystemServerTiming: MakeWindowManagerServiceReady took to complete: 11ms
12-31 16:00:01.271  1614  1614 I SystemServer: MakePowerManagerServiceReady
12-31 16:00:01.288  1614  1662 E KernelCpuSpeedReader: Failed to read cpu-freq: /sys/devices/system/cpu/cpu0/cpufreq/stats/time_in_state (No such file or directory)
12-31 16:00:01.288  1614  1675 W KeyguardServiceDelegate: onScreenTurningOn(): no keyguard service!
12-31 16:00:01.288  1614  1614 D SystemServerTiming: MakePowerManagerServiceReady took to complete: 17ms
12-31 16:00:01.289  1614  1614 I SystemServer: MakePackageManagerServiceReady
12-31 16:00:01.294  1614  1614 W PackageManager: Privileged permission android.permission.INTERACT_ACROSS_USERS for package com.askeycloud.agent.cloudagent - not in privapp-permissions whitelist
12-31 16:00:01.295  1614  1614 W PackageManager: Privileged permission android.permission.INTERACT_ACROSS_USERS for package com.askey.dvr.mediaplayer - not in privapp-permissions whitelist
12-31 16:00:01.306  1614  1614 V UserDataPreparer: Found /data/user_de/0 with serial number 0
12-31 16:00:01.306  1614  1614 V UserDataPreparer: Found /data/user/0 with serial number 0
12-31 16:00:01.306  1614  1614 V UserDataPreparer: Found /data/system_de/0 with serial number 0
12-31 16:00:01.307  1614  1614 V UserDataPreparer: Found /data/system_ce/0 with serial number 0
12-31 16:00:01.307  1614  1614 V UserDataPreparer: Found /data/misc_ce/0 with serial number -1
12-31 16:00:01.307  1614  1614 D UserDataPreparer: Serial number missing on /data/misc_ce/0; assuming current is valid
12-31 16:00:01.308  1614  1614 D SystemServerTiming: MakePackageManagerServiceReady took to complete: 19ms
12-31 16:00:01.308  1614  1614 I SystemServer: MakeDisplayManagerServiceReady
12-31 16:00:01.308  1614  1614 D SystemServerTiming: MakeDisplayManagerServiceReady took to complete: 0ms
12-31 16:00:01.308  1614  1614 I SystemServer: StartDeviceSpecificServices
12-31 16:00:01.308  1614  1614 D SystemServerTiming: StartDeviceSpecificServices took to complete: 0ms
12-31 16:00:01.308  1614  1614 I SystemServer: StartBootPhaseDeviceSpecificServicesReady
12-31 16:00:01.308  1614  1614 I SystemServiceManager: Starting phase 520
12-31 16:00:01.308  1614  1614 D SystemServerTiming: StartBootPhaseDeviceSpecificServicesReady took to complete: 0ms
12-31 16:00:01.310  1614  1614 W UsageStatsService: Event reported without a package name
12-31 16:00:01.311  1614  1614 I AppOps  : Pruning old package system/com.android.server.AppOpsService$UidState@693b9db: new uid=-1
12-31 16:00:01.313  1614  1614 I ActivityManager: System now ready
12-31 16:00:01.319  1614  1614 I SystemServer: Making services ready
12-31 16:00:01.319  1614  1614 I SystemServer: StartActivityManagerReadyPhase
12-31 16:00:01.319  1614  1614 I SystemServiceManager: Starting phase 550
12-31 16:00:01.319  1614  1614 D BatteryService: Using external power, bypass battery overheat shutdown
12-31 16:00:01.320  1614  1614 V LightsService: setColor():color = -16711936
12-31 16:00:01.324  1614  1614 W ActivityManager: Too early to start/bind service in system_server: Phase=550 ComponentInfo{com.android.server.telecom/com.android.server.telecom.components.TelecomService}
12-31 16:00:01.326  1614  1614 W ActivityManager: Too early to start/bind service in system_server: Phase=550 ComponentInfo{com.android.server.telecom/com.android.server.telecom.components.TelecomService}
12-31 16:00:01.366  1614  1614 D BluetoothManagerService: Bluetooth boot completed
12-31 16:00:01.366  1614  1614 D BluetoothManagerService: Getting adapter name and address
12-31 16:00:01.366  1614  1669 D BluetoothManagerService: MESSAGE_GET_NAME_AND_ADDRESS
12-31 16:00:01.367  1614  1669 D BluetoothManagerService: Binding to service to get name and address
12-31 16:00:01.393  1614  1659 I ActivityManager: Start proc 1902:com.android.bluetooth/1002 for service com.android.bluetooth/.btservice.AdapterService
12-31 16:00:01.462  1614  1614 W SystemServiceManager: Service com.android.server.InputMethodManagerService$Lifecycle took 92 ms in onBootPhase
12-31 16:00:01.462  1614  1860 D StorageManagerService: Thinking about init, mSystemReady=true, mDaemonConnected=true
12-31 16:00:01.462  1614  1860 D StorageManagerService: Setting up emulation state, initlocked=false
12-31 16:00:01.463   526   526 D vold    : e4crypt_unlock_user_key 0 serial=0 token_present=0
12-31 16:00:01.464  1614  1860 D StorageManagerService: Thinking about reset, mSystemReady=true, mDaemonConnected=true
12-31 16:00:01.465  1614  1657 I ActivityManager: Force stopping com.android.providers.media appid=10014 user=-1: vold reset
12-31 16:00:01.466  1614  1635 V StorageManagerService: Found primary storage at VolumeInfo{emulated}:
12-31 16:00:01.466  1614  1635 V StorageManagerService:     type=EMULATED diskId=null partGuid= mountFlags=0 mountUserId=-1 
12-31 16:00:01.466  1614  1635 V StorageManagerService:     state=UNMOUNTED 
12-31 16:00:01.466  1614  1635 V StorageManagerService:     fsType=null fsUuid=null fsLabel=null 
12-31 16:00:01.466  1614  1635 V StorageManagerService:     path=null internalPath=null 
12-31 16:00:01.471  1614  1614 I WallpaperManagerService: No static wallpaper imagery; defaults will be shown
12-31 16:00:01.474  1614  1614 W WallpaperManagerService: Invalid wallpaper data
12-31 16:00:01.474  1614  1614 E WallpaperManagerService: Unable to apply new wallpaper
12-31 16:00:01.476   526   526 V vold    : Waiting for FUSE to spin up...
12-31 16:00:01.477  1614  1614 D SystemServerTiming: StartActivityManagerReadyPhase took to complete: 158ms
12-31 16:00:01.477  1614  1614 I SystemServer: StartObservingNativeCrashes
12-31 16:00:01.478  1614  1614 D SystemServerTiming: StartObservingNativeCrashes took to complete: 0ms
12-31 16:00:01.478  1614  1614 I SystemServer: StartSystemUI
12-31 16:00:01.478  1614  1838 D SystemServerInitThreadPool: Started executing WebViewFactoryPreparation
12-31 16:00:01.478  1614  1838 I SystemServer: WebViewFactoryPreparation
12-31 16:00:01.479  1614  1881 W BluetoothManagerService: bindBluetoothProfileService:Trying to bind to profile: 1, while Bluetooth is disabled
12-31 16:00:01.482  1614  1614 D SystemServerTiming: StartSystemUI took to complete: 4ms
12-31 16:00:01.483  1614  1614 I SystemServer: MakeNetworkManagementServiceReady
12-31 16:00:01.483  1614  1614 D NetworkManagement: enabling bandwidth control
12-31 16:00:01.487  1614  1659 I ActivityManager: Start proc 1920:com.android.inputmethod.latin/u0a43 for service com.android.inputmethod.latin/.LatinIME
12-31 16:00:01.501  1614  1838 D SystemServerTimingAsync: WebViewFactoryPreparation took to complete: 23ms
12-31 16:00:01.501  1614  1838 D SystemServerInitThreadPool: Finished executing WebViewFactoryPreparation
12-31 16:00:01.514  1917  1917 W sdcard  : Device explicitly enabled sdcardfs
12-31 16:00:01.516  1614  1614 D SystemServerTiming: MakeNetworkManagementServiceReady took to complete: 33ms
12-31 16:00:01.516  1614  1614 I SystemServer: MakeIpSecServiceReady
12-31 16:00:01.516  1614  1659 I ActivityManager: Start proc 1936:com.android.systemui/u0a26 for service com.android.systemui/.SystemUIService
12-31 16:00:01.520  1614  1662 E BatteryExternalStatsWorker: no controller energy info supplied for wifi
12-31 16:00:01.520  1614  1662 E BatteryExternalStatsWorker: no controller energy info supplied for telephony
12-31 16:00:01.527  1614  1614 D IpSecService: IpSecService is ready
12-31 16:00:01.527  1614  1614 D SystemServerTiming: MakeIpSecServiceReady took to complete: 11ms
12-31 16:00:01.527  1614  1614 I SystemServer: MakeNetworkStatsServiceReady
12-31 16:00:01.557  1614  1614 D SystemServerTiming: MakeNetworkStatsServiceReady took to complete: 30ms
12-31 16:00:01.557  1614  1614 I SystemServer: MakeConnectivityServiceReady
12-31 16:00:01.574  1614  1873 V NetPluginDelegate: registerHandler
12-31 16:00:01.575  1614  1873 V NetPluginDelegate: loading ConnectivityExt jar
12-31 16:00:01.587  1614  1614 D SystemServerTiming: MakeConnectivityServiceReady took to complete: 30ms
12-31 16:00:01.587  1614  1614 I SystemServer: MakeNetworkPolicyServiceReady
12-31 16:00:01.596  1614  1873 V NetPluginDelegate: ConnectivityExt jar loaded
12-31 16:00:01.647  1614  1865 W NetworkPolicy: setRestrictBackgroundUL: already false
12-31 16:00:01.661  1614  1614 D SystemServerTiming: MakeNetworkPolicyServiceReady took to complete: 74ms
12-31 16:00:01.661  1614  1614 I SystemServer: StartWatchdog
12-31 16:00:01.662  1614  1614 D SystemServerTiming: StartWatchdog took to complete: 0ms
12-31 16:00:01.663  1614  1659 W ActivityManager: Slow operation: 163ms so far, now at startProcess: returned from zygote!
12-31 16:00:01.663  1614  1659 W ActivityManager: Slow operation: 163ms so far, now at startProcess: done updating battery stats
12-31 16:00:01.664  1614  1659 W ActivityManager: Slow operation: 164ms so far, now at startProcess: building log message
12-31 16:00:01.664  1614  1659 I ActivityManager: Start proc 1959:WebViewLoader-armeabi-v7a/1037 [android.webkit.WebViewLibraryLoader$RelroFileCreator] for 
12-31 16:00:01.664  1614  1659 W ActivityManager: Slow operation: 164ms so far, now at startProcess: starting to update pids map
12-31 16:00:01.664  1614  1659 W ActivityManager: Slow operation: 164ms so far, now at startProcess: done updating pids map
12-31 16:00:01.664  1614  1659 W ActivityManager: Slow operation: 164ms so far, now at startProcess: asking zygote to start proc
12-31 16:00:01.721  1614  1659 W ActivityManager: Slow operation: 221ms so far, now at startProcess: returned from zygote!
12-31 16:00:01.721  1614  1659 W ActivityManager: Slow operation: 221ms so far, now at startProcess: done updating battery stats
12-31 16:00:01.721  1614  1659 W ActivityManager: Slow operation: 221ms so far, now at startProcess: building log message
12-31 16:00:01.721  1614  1659 I ActivityManager: Start proc 1984:WebViewLoader-arm64-v8a/1037 [android.webkit.WebViewLibraryLoader$RelroFileCreator] for 
12-31 16:00:01.721  1614  1659 W ActivityManager: Slow operation: 221ms so far, now at startProcess: starting to update pids map
12-31 16:00:01.721  1614  1659 W ActivityManager: Slow operation: 221ms so far, now at startProcess: done updating pids map
12-31 16:00:01.866  1936  1936 D SystemUIBootTiming: StartServicescom.android.systemui.Dependency took to complete: 15ms
12-31 16:00:01.888  1936  1936 D SystemUIBootTiming: StartServicescom.android.systemui.util.NotificationChannels took to complete: 22ms
12-31 16:00:01.890  1936  1936 D SystemUIBootTiming: StartServicescom.android.systemui.statusbar.CommandQueue$CommandQueueStart took to complete: 2ms
12-31 16:00:01.917  1920  2032 E ActivityThread: Failed to find provider info for user_dictionary
12-31 16:00:01.993  1936  1936 D SystemUIBootTiming: StartServicescom.android.systemui.keyguard.KeyguardViewMediator took to complete: 103ms
12-31 16:00:02.001  1614  1830 I ActivityManager: Process WebViewLoader-armeabi-v7a (pid 1959) has died: psvc PER 
12-31 16:00:02.005  1614  1662 E KernelCpuSpeedReader: Failed to read cpu-freq: /sys/devices/system/cpu/cpu0/cpufreq/stats/time_in_state (No such file or directory)
12-31 16:00:02.043  1614  1831 W ActivityManager: Unable to start service Intent { act=android.intent.action.QUICKSTEP_SERVICE pkg=com.android.launcher3 } U=0: not found
12-31 16:00:02.078  1614  1831 I ActivityManager: Process WebViewLoader-arm64-v8a (pid 1984) has died: psvc PER 
12-31 16:00:02.100  1936  1936 D SystemUIBootTiming: StartServicescom.android.systemui.recents.Recents took to complete: 106ms
12-31 16:00:02.198  1936  1936 D SystemUIBootTiming: StartServicescom.android.systemui.volume.VolumeUI took to complete: 98ms
12-31 16:00:02.273  1936  1936 D SystemUIBootTiming: StartServicescom.android.systemui.stackdivider.Divider took to complete: 75ms
12-31 16:00:02.321  1614  1830 D ConnectivityService: requestNetwork for uid/pid:10026/1936 NetworkRequest [ TRACK_DEFAULT id=7, [ Capabilities: INTERNET&NOT_RESTRICTED&TRUSTED Unwanted:  Uid: 10026] ]
12-31 16:00:02.414  1614  1831 I StatusBarManagerService: registerStatusBar bar=com.android.internal.statusbar.IStatusBar$Stub$Proxy@5d32cde
12-31 16:00:02.900  1936  2097 E ActivityThread: Failed to find provider info for com.android.contacts
12-31 16:00:02.903  1936  1936 D SystemUIBootTiming: StartServicescom.android.systemui.SystemBars took to complete: 630ms
12-31 16:00:02.914  1936  1936 D SystemUIBootTiming: StartServicescom.android.systemui.usb.StorageNotification took to complete: 11ms
12-31 16:00:02.922  1936  1936 D SystemUIBootTiming: StartServicescom.android.systemui.power.PowerUI took to complete: 7ms
12-31 16:00:02.924  1936  1936 D SystemUIBootTiming: StartServicescom.android.systemui.media.RingtonePlayer took to complete: 2ms
12-31 16:00:02.926  1936  1936 D SystemUIBootTiming: StartServicescom.android.systemui.keyboard.KeyboardUI took to complete: 2ms
12-31 16:00:02.927  1936  1936 D SystemUIBootTiming: StartServicescom.android.systemui.pip.PipUI took to complete: 1ms
12-31 16:00:02.929  1936  1936 D SystemUIBootTiming: StartServicescom.android.systemui.shortcut.ShortcutKeyDispatcher took to complete: 2ms
12-31 16:00:02.930  1936  1936 D SystemUIBootTiming: StartServicescom.android.systemui.VendorServices took to complete: 1ms
12-31 16:00:02.932  1936  1936 D SystemUIBootTiming: StartServicescom.android.systemui.util.leak.GarbageMonitor$Service took to complete: 2ms
12-31 16:00:02.934  1936  1936 D SystemUIBootTiming: StartServicescom.android.systemui.LatencyTester took to complete: 2ms
12-31 16:00:02.937  1936  1936 D SystemUIBootTiming: StartServicescom.android.systemui.globalactions.GlobalActionsComponent took to complete: 3ms
12-31 16:00:02.939  1936  1936 D SystemUIBootTiming: StartServicescom.android.systemui.ScreenDecorations took to complete: 2ms
12-31 16:00:02.941  1936  1936 D SystemUIBootTiming: StartServicescom.android.systemui.fingerprint.FingerprintDialogImpl took to complete: 1ms
12-31 16:00:02.942  1936  1936 D SystemUIBootTiming: StartServicescom.android.systemui.SliceBroadcastRelayHandler took to complete: 1ms
12-31 16:00:02.942  1936  1936 D SystemUIBootTiming: StartServices took to complete: 1091ms
12-31 16:00:03.004  1936  2107 E ActivityThread: Failed to find provider info for com.android.contacts
12-31 16:00:03.036  1936  2099 E ActivityThread: Failed to find provider info for com.android.contacts
--------- beginning of main
12-31 16:00:03.039  1936  1936 D CarrierText: updateCarrierText(): 0
12-31 16:00:03.042  1936  1936 D CarrierText: onTelephonyCapable() mTelephonyCapable: false
12-31 16:00:03.042  1936  1936 D CarrierText: updateCarrierText(): 0
12-31 16:00:03.056  1266  2054 I QTI_SDM_INFO: [qti_rmnet_dpm.c:390] qti_rmnet_dpm_port_open():Sending to modem  SMD channel DATA40_CNTL, Peripheral type 2, peripheral id 2, ipa consumer EP 1, ipa producer EP 0
12-31 16:00:03.056  1266  2054 I QTI_SDM_INFO: [qti_rmnet_dpm.c:394] qti_rmnet_dpm_port_open():Sending to modem  SMD channel ul fifo size 0, dl fifo size 0, dl buf size 0
12-31 16:00:03.058  1266  2054 I QTI_SDM_INFO: [qti_rmnet_dpm.c:407] qti_rmnet_dpm_port_open():qmi_client_send_msg_sync(dpm_port_open): error 0 result 0
12-31 16:00:03.058  1266  2054 I QTI_SDM_INFO: [qti_rmnet_dpm.c:417] qti_rmnet_dpm_port_open():DPM port opened
12-31 16:00:03.071  1936  1936 V KeyguardUpdateMonitor: *** register callback for com.android.systemui.statusbar.phone.KeyguardBottomAreaView$8@3e932bc
12-31 16:00:03.071  1936  1936 V KeyguardUpdateMonitor: *** unregister callback for null
12-31 16:00:03.073  1936  1936 V KeyguardUpdateMonitor: *** register callback for com.android.keyguard.CarrierText$1@1281245
12-31 16:00:03.073  1936  1936 V KeyguardUpdateMonitor: *** unregister callback for null
12-31 16:00:03.073  1936  1936 D CarrierText: onRefreshCarrierInfo(), mTelephonyCapable: false
12-31 16:00:03.073  1936  1936 D CarrierText: updateCarrierText(): 0
12-31 16:00:03.076  1936  1936 D CarrierText: onTelephonyCapable() mTelephonyCapable: false
12-31 16:00:03.076  1936  1936 D CarrierText: updateCarrierText(): 0
12-31 16:00:03.077   991  1082 W OMXUtils: do not know color format 0x7f000789 = 2130708361
12-31 16:00:03.077  1004  1004 E OMXNodeInstance: getConfig(0xef49f0c0:google.vp8.encoder, ConfigAndroidIntraRefresh(0x6f60000a)) ERROR: Undefined(0x80001001)
12-31 16:00:03.078  1936  1936 V KeyguardUpdateMonitor: *** register callback for com.android.keyguard.EmergencyButton$1@9fefd9a
12-31 16:00:03.078  1936  1936 V KeyguardUpdateMonitor: *** unregister callback for null
12-31 16:00:03.078  1936  1936 W TelecomManager: Telecom Service not found.
12-31 16:00:03.079   991  1082 D MediaCodecList: ignored a null builder
12-31 16:00:03.080  1936  1936 W TelecomManager: Telecom Service not found.
12-31 16:00:03.086  1266  2054 I QTI_SDM_INFO: [qti_rmnet_modem.c:935] qti_rmnet_modem_init_interface():Open mode interface to send QMI messages
12-31 16:00:03.089  1614  1967 I OMXClient: IOmx service obtained
12-31 16:00:03.089  1004  1004 I OMXMaster: makeComponentInstance(OMX.google.vorbis.decoder) in omx@1.0-service process
12-31 16:00:03.090  1936  2060 I OMXClient: IOmx service obtained
12-31 16:00:03.091  1004  1993 I OMXMaster: makeComponentInstance(OMX.google.vorbis.decoder) in omx@1.0-service process
12-31 16:00:03.091  1266  2054 I QTI_SDM_INFO: [qti_rmnet_peripheral.c:747] qti_file_open():Successfully opened device file. FD is 15
12-31 16:00:03.091  1266  2054 I QTI_SDM_INFO: [qti_rmnet_modem.c:948] qti_rmnet_modem_init_interface():Opened file's fd is 15
12-31 16:00:03.091  1266  2054 I QTI_SDM_INFO: [qti_rmnet_peripheral.c:1221] qti_rmnet_ph_set_modem_state():Received set modem state to 1
12-31 16:00:03.091  1266  2054 I QTI_SDM_INFO: [qti_rmnet_peripheral.c:1258] qti_rmnet_ph_set_modem_state():Successfully set modem state on USB driver file
12-31 16:00:03.091  1266  2054 I QTI_SDM_INFO: [qti_rmnet_modem.c:1264] qti_rmnet_modem_set_dtr():Request to set DTR 1
12-31 16:00:03.092  1266  2054 I QTI_SDM_INFO: [qti_rmnet_modem.c:1273] qti_rmnet_modem_set_dtr():Setting DTR bit HIGH
12-31 16:00:03.092  1266  2054 I QTI_SDM_INFO: [qti_rmnet_modem.c:1284] qti_rmnet_modem_set_dtr():DTR bit will be set to dtr_sig:70 
12-31 16:00:03.092  1266  2054 I QTI_SDM_INFO: [qti_rmnet_modem.c:1291] qti_rmnet_modem_set_dtr():Success Setting DTR bit HIGH 
12-31 16:00:03.092  1266  2054 I QTI_SDM_INFO: [qti_rmnet_modem.c:1878] qti_rmnet_modem_in_service():QTI succeeded to signal DTR high
12-31 16:00:03.094  1004  1163 E OMXNodeInstance: getConfig(0xef49f0c0:google.vorbis.decoder, ConfigAndroidVendorExtension(0x6f100004)) ERROR: Undefined(0x80001001)
12-31 16:00:03.096  1004  1163 E OMXNodeInstance: getConfig(0xef49f000:google.vorbis.decoder, ConfigAndroidVendorExtension(0x6f100004)) ERROR: Undefined(0x80001001)
12-31 16:00:03.096  1614  1967 W ExtendedACodec: Failed to get extension for extradata parameter
12-31 16:00:03.097  1936  2060 W ExtendedACodec: Failed to get extension for extradata parameter
12-31 16:00:03.101   583   583 W AshmemAllocator: ashmem_create_region(65307) returning hidl_memory(0x7b5b42c100, 65307)
12-31 16:00:03.105   583   583 W AshmemAllocator: ashmem_create_region(65307) returning hidl_memory(0x7b5b42c100, 65307)
12-31 16:00:03.118  1936  2086 I Adreno  : QUALCOMM build                   : 81de12d, I3f318742f2
12-31 16:00:03.118  1936  2086 I Adreno  : Build Date                       : 01/05/20
12-31 16:00:03.118  1936  2086 I Adreno  : OpenGL ES Shader Compiler Version: EV031.25.03.07
12-31 16:00:03.118  1936  2086 I Adreno  : Local Branch                     : 
12-31 16:00:03.118  1936  2086 I Adreno  : Remote Branch                    : 
12-31 16:00:03.118  1936  2086 I Adreno  : Remote Branch                    : 
12-31 16:00:03.118  1936  2086 I Adreno  : Reconstruct Branch               : 
12-31 16:00:03.118  1936  2086 I Adreno  : Build Config                     : S L 6.0.7 AArch64
