12-31 16:00:05.308  2248  2321 I QImsService: ImsRadioResponse : queryServiceStatus response received.
12-31 16:00:05.309  2248  2321 I QImsService: Class : Num of SrvUpdates = 2
12-31 16:00:05.309  2248  2321 I QImsService: Class :  networkMode = 0 status = 0 restrictCause = 0 registered = 2
12-31 16:00:05.309  2248  2321 I QImsService: Class : RTT: copySrvStatusList rtt mode = 2
12-31 16:00:05.309  2248  2321 I QImsService: Class :  networkMode = 0 status = 0 restrictCause = 0 registered = 2
12-31 16:00:05.309  2248  2321 I QImsService: Class : RTT: copySrvStatusList rtt mode = 2
12-31 16:00:05.309  2248  2321 I QImsService: ImsSenderRxr : [0000]< REQUEST_QUERY_SERVICE_STATUS [org.codeaurora.ims.ServiceStatus@2051d6a, org.codeaurora.ims.ServiceStatus@520025b][SUB0]
12-31 16:00:05.330  1936  1936 V KeyguardUpdateMonitor: *** unregister callback for com.android.keyguard.CarrierText$1@508848b
12-31 16:00:05.397  2248  2248 D VideoCall_ImsMedia: Registering for Media Listener
12-31 16:00:05.399  2248  2248 E QImsService: ImsServiceSub : [0] ImsServiceClassTracker not found.
12-31 16:00:05.419  2248  2248 D PhoneUtils: Logical Modem id: 0 phoneId: 0
12-31 16:00:05.419  2248  2248 D PhoneUtils: Primay Stack phone id: 0 selected
12-31 16:00:05.425  2248  2389 D CarrierConfigLoader: update config for phoneId: 0 simState: ABSENT
12-31 16:00:05.425  2248  2389 D CarrierSvcBindHelper: update binding for phoneId: 0 simState: ABSENT
12-31 16:00:05.425  2248  2248 E PhoneInterfaceManager: [PhoneIntfMgr] getIccId: No UICC
12-31 16:00:05.427  2248  2389 D IntentBroadcaster: Broadcasting and adding intent for rebroadcast: android.intent.action.SIM_STATE_CHANGED ABSENT for slotId 0
12-31 16:00:05.428  1614  1670 I WindowManager: ******* TELLING SURFACE FLINGER WE ARE BOOTED!
12-31 16:00:05.429   629   951 I chatty  : uid=1000(system) Binder:629_3 expire 1 line
12-31 16:00:05.430  1614  1657 I ActivityManager: Set adj with com.our.dvr.acall to PERSISTENT_PROC_ADJ
12-31 16:00:05.441  1614  1670 I SystemServiceManager: Starting phase 1000
12-31 16:00:05.442  1614  1670 D ColorDisplayService: setUp: currentUser=0
12-31 16:00:05.445  1614  1670 D ColorDisplayService: onAutoModeChanged: autoMode=0
12-31 16:00:05.445  1614  1670 I ColorDisplayService: Turning off night display
12-31 16:00:05.454  1614  1899 V LightsService: setLight #0: color=#ff686868: brightnessMode=0
12-31 16:00:05.459  2248  2248 D OpenGLRenderer: Skia GL Pipeline
12-31 16:00:05.460  1614  1670 D ActivityManager: Finishing user boot 0
12-31 16:00:05.460  1614  1670 I ActivityManager: User 0 state changed from BOOTING to RUNNING_LOCKED
12-31 16:00:05.464  1614  1670 D ActivityManager: Started unlocking user 0
12-31 16:00:05.464  1614  1670 D ActivityManager: Unlocking user 0 progress 0
12-31 16:00:05.465  1614  1670 D ActivityManager: Unlocking user 0 progress 5
12-31 16:00:05.465  1614  2036 I Telecom : PhoneAccountRegistrar: Modify account: [ComponentInfo{com.android.phone/com.android.services.telephony.TelephonyConnectionService}, ***, UserHandle{0}]: TSI.rPA@AAQ
12-31 16:00:05.465   526   530 D vold    : e4crypt_prepare_user_storage for volume null, user 0, serial 0, flags 2
12-31 16:00:05.466   526   530 D vold    : Preparing: /data/system_ce/0
12-31 16:00:05.466   526   530 D vold    : Preparing: /data/misc_ce/0
12-31 16:00:05.466   526   530 D vold    : Preparing: /data/vendor_ce/0
12-31 16:00:05.468   526   530 D vold    : Preparing: /data/media/0
12-31 16:00:05.468  2248  2248 I TelecomFramework: AccountEntry: Registered phoneAccount: [[ ] PhoneAccount: ComponentInfo{com.android.phone/com.android.services.telephony.TelephonyConnectionService}, ***, UserHandle{0} Capabilities: CallProvider EmergOnly MultiUser PlaceEmerg SimSub  Audio Routes: BESW Schemes: tel voicemail  Extras: Bundle[{android.telecom.extra.SUPPORTS_VIDEO_CALLING_FALLBACK=true}] GroupId: ***] with handle: ComponentInfo{com.android.phone/com.android.services.telephony.TelephonyConnectionService}, ***, UserHandle{0}
12-31 16:00:05.468   526   530 D vold    : Preparing: /data/data
12-31 16:00:05.468   526   530 V vold    : Starting restorecon of /data/system_ce/0
12-31 16:00:05.468  2248  2248 I TelecomFramework: PstnIncomingCallNotifier: Registering: Handler (com.qualcomm.qti.internal.telephony.QtiGsmCdmaPhone) {ac7ce44}
12-31 16:00:05.470  1614  1899 V LightsService: setLight #0: color=#ff6b6b6b: brightnessMode=0
12-31 16:00:05.486   526   530 V vold    : Finished restorecon of /data/system_ce/0
12-31 16:00:05.486   526   530 V vold    : Starting restorecon of /data/misc_ce/0
12-31 16:00:05.487  1614  1899 V LightsService: setLight #0: color=#ff6e6e6e: brightnessMode=0
12-31 16:00:05.501  1614  2036 I WifiService: WifiService trying to set country code to 
12-31 16:00:05.506  1614  1899 V LightsService: setLight #0: color=#ff717171: brightnessMode=0
12-31 16:00:05.521  1614  1899 V LightsService: setLight #0: color=#ff747474: brightnessMode=0
12-31 16:00:05.524  2248  2248 I QImsService: ImsSubControllerHandler : Message received: what = 6
12-31 16:00:05.524  2248  2248 I QImsService: ImsSubControllerHandler : Received EVENT_RADIO_NOT_AVAILABLE phoneId = 0
12-31 16:00:05.524  2248  2248 W QImsService: ImsSubController : updateStackConfig Stacks are not yet initialized
12-31 16:00:05.524  2248  2248 I QImsService: ImsSubControllerHandler : Message received: what = 4
12-31 16:00:05.524  2248  2248 I QImsService: ImsSubControllerHandler : Received EVENT_IMS_SERVICE_DOWN phoneId = 0
12-31 16:00:05.525  2248  2248 W QImsService: ImsSubController : updateStackConfig Stacks are not yet initialized
12-31 16:00:05.525  2248  2248 I QImsService: ImsSubControllerHandler : Message received: what = 5
12-31 16:00:05.525  2248  2248 I QImsService: ImsSubControllerHandler : Received EVENT_RADIO_AVAILABLE phoneId = 0
12-31 16:00:05.526  2248  2248 I QImsService: ImsSenderRxr : [0001]> REQUEST_GET_IMS_SUB_CONFIG [SUB0]
12-31 16:00:05.527  2248  2248 I QImsService: ImsServiceSubHandler : Message received: what = 5
12-31 16:00:05.527  2248  2248 I QImsService: ImsServiceSub : [0] Received event: EVENT_GET_STATUS_UPDATE
12-31 16:00:05.527  2248  2248 I QImsService: ImsServiceSub : [0] type = 5 status = 0 isValid = true
12-31 16:00:05.527  2248  2248 I QImsService: ImsServiceSub : [0] Call Type 5has num updates = 1
12-31 16:00:05.527  2248  2248 I QImsService: ImsServiceSub : [0] StatusForAccessTech networkMode = 0 registered = 2 status = 0 restrictCause = 0
12-31 16:00:05.528  2248  2248 I QImsService: ImsServiceSub : [0] type = 25 status = 0 isValid = true
12-31 16:00:05.528  2248  2248 I QImsService: ImsServiceSub : [0] Call Type 25has num updates = 1
12-31 16:00:05.528  2248  2248 I QImsService: ImsServiceSub : [0] StatusForAccessTech networkMode = 0 registered = 2 status = 0 restrictCause = 0
12-31 16:00:05.528  2248  2248 E QImsService: ImsServiceSub : [0] handleSrvStatusUpdate :: tracker null; not updating global VT capability
12-31 16:00:05.528  2248  2248 I QImsService: ImsServiceStateReceiver : updateHDIcon isVideo : false isVoice : false phoneId: 0 show HD Icon: false
12-31 16:00:05.530  2248  2248 I QImsService: ImsServiceStateReceiver : shallShowHDIcon SubscriptionInfo is null
12-31 16:00:05.531  2419  2419 I bootstat: Service started: /system/bin/bootstat --set_system_boot_reason --record_boot_complete --record_boot_reason --record_time_since_factory_reset -l 
12-31 16:00:05.531  2248  2321 I QImsService: ImsRadioResponse : Received Subconfig response from ImsRadio.
12-31 16:00:05.532  2248  2321 I QImsService: ImsSenderRxr : [0001]< REQUEST_GET_IMS_SUB_CONFIG ImsSubConfigDetails simultStackCount: 1 mImsStackEnabled: [true, false, false, false, false, false][SUB0]
12-31 16:00:05.533  2412  2412 E ssgtzd  : dlopen failed: library "libminkdescriptor.so" not found, trying tzcom...
12-31 16:00:05.534  2248  2248 D QtiCarrierConfigHelper: WARNING, no carrier configs on phone Id: 0
12-31 16:00:05.534  2412  2412 E ssgtzd  : Failed to open LibTZCom, going dormant
12-31 16:00:05.534  2412  2412 E ssgtzd  : Unable to continue, going dormant
12-31 16:00:05.535  2248  2248 D ImsServiceController: ImsService(ComponentInfo{org.codeaurora.ims/org.codeaurora.ims.ImsService}): onServiceConnected with binder: android.telephony.ims.ImsService$1@55f482f
12-31 16:00:05.535  2248  2248 D ImsServiceController: notifyImsServiceReady
12-31 16:00:05.535  2248  2248 I QImsService: ImsService : readyForFeatureCreation :: No-op
12-31 16:00:05.535  2248  2248 I ImsServiceController: supports emergency calling on slot 0
12-31 16:00:05.535  2248  2248 I ImsServiceController: notifyImsFeatureStatus: slot=0, feature=1, status=2
12-31 16:00:05.535  2248  2248 I ImsResolver: ImsServiceController added on slot: 0 with feature: 1 using package: ComponentInfo{org.codeaurora.ims/org.codeaurora.ims.ImsService}
12-31 16:00:05.537  1614  1899 V LightsService: setLight #0: color=#ff777777: brightnessMode=0
12-31 16:00:05.541  2248  2248 D MccTable: updateMccMncConfiguration mccmnc='' fromServiceState=false
12-31 16:00:05.545  1936  1936 V KeyguardUpdateMonitor: *** register callback for com.android.keyguard.CarrierText$1@dc5c43b
12-31 16:00:05.545  1936  1936 V KeyguardUpdateMonitor: *** unregister callback for null
12-31 16:00:05.545  1936  1936 D CarrierText: onRefreshCarrierInfo(), mTelephonyCapable: false
12-31 16:00:05.546  1936  1936 D CarrierText: updateCarrierText(): 0
12-31 16:00:05.547  2248  2248 D TelephonyProvider: subIdString = 2147483643 subId = 2147483643
12-31 16:00:05.547  1936  1936 D CarrierText: Getting plmn/spn sticky brdcst No service/
12-31 16:00:05.548  1936  1936 D CarrierText: onTelephonyCapable() mTelephonyCapable: false
12-31 16:00:05.548  1936  1936 D CarrierText: updateCarrierText(): 0
12-31 16:00:05.549  2248  2248 D TelephonyProvider: getPreferredApnIdFromApn: for subId 2147483643
12-31 16:00:05.550  1936  1936 D CarrierText: Getting plmn/spn sticky brdcst No service/
12-31 16:00:05.554  1614  1899 V LightsService: setLight #0: color=#ff7a7a7a: brightnessMode=0
12-31 16:00:05.570  2248  2248 I TelecomFramework: PstnIncomingCallNotifier: Unregistering: Handler (com.qualcomm.qti.internal.telephony.QtiGsmCdmaPhone) {ac7ce44}
12-31 16:00:05.571  1614  1899 V LightsService: setLight #0: color=#ff7d7d7d: brightnessMode=0
12-31 16:00:05.571  2248  2248 D PhoneUtils: Logical Modem id: 0 phoneId: 0
12-31 16:00:05.572  2248  2248 D PhoneUtils: Primay Stack phone id: 0 selected
12-31 16:00:05.574  2248  2248 E PhoneInterfaceManager: [PhoneIntfMgr] getIccId: No UICC
12-31 16:00:05.580  2248  2248 I MmTelFeatureConnection: Emergency calling enabled on slotId: 0
12-31 16:00:05.580  2248  2248 I MmTelFeatureConnection: MmTel enabled on slotId: 0
12-31 16:00:05.580  2248  2248 I MmTelFeatureConnection: getFeatureState - returning 2
12-31 16:00:05.587  1614  1899 V LightsService: setLight #0: color=#ff808080: brightnessMode=0
12-31 16:00:05.602  1614  2036 I Telecom : PhoneAccountRegistrar: Modify account: [ComponentInfo{com.android.phone/com.android.services.telephony.TelephonyConnectionService}, ***, UserHandle{0}]: TSI.rPA@AAc
12-31 16:00:05.604  1614  1899 V LightsService: setLight #0: color=#ff838383: brightnessMode=0
12-31 16:00:05.604  2248  2248 I TelecomFramework: AccountEntry: Registered phoneAccount: [[ ] PhoneAccount: ComponentInfo{com.android.phone/com.android.services.telephony.TelephonyConnectionService}, ***, UserHandle{0} Capabilities: CallProvider EmergOnly MultiUser PlaceEmerg SimSub  Audio Routes: BESW Schemes: tel voicemail  Extras: Bundle[{android.telecom.extra.SUPPORTS_VIDEO_CALLING_FALLBACK=true}] GroupId: ***] with handle: ComponentInfo{com.android.phone/com.android.services.telephony.TelephonyConnectionService}, ***, UserHandle{0}
12-31 16:00:05.604  2248  2248 I TelecomFramework: PstnIncomingCallNotifier: Registering: Handler (com.qualcomm.qti.internal.telephony.QtiGsmCdmaPhone) {ac7ce44}
12-31 16:00:05.611  2248  2248 D CarrierConfigLoader: mHandler: 0 phoneId: 0
12-31 16:00:05.611  2248  2248 D CarrierSvcBindHelper: mHandler: 0
12-31 16:00:05.611  2248  2248 D CarrierSvcBindHelper: Rebinding if necessary for phoneId: 0
12-31 16:00:05.612  2248  2248 E PhoneInterfaceManager: [PhoneIntfMgr] getCarrierPackageNamesForIntent: No UICC
12-31 16:00:05.612  2248  2248 D CarrierSvcBindHelper: No carrier app for: 0
12-31 16:00:05.623  1614  1899 V LightsService: setLight #0: color=#ff868686: brightnessMode=0
12-31 16:00:05.627  2248  2248 I m.android.phon: The ClassLoaderContext is a special shared library.
12-31 16:00:05.631  2248  2248 I chatty  : uid=1001(radio) com.android.phone identical 51 lines
12-31 16:00:05.637  1614  1899 V LightsService: setLight #0: color=#ff898989: brightnessMode=0
12-31 16:00:05.655  1614  1899 V LightsService: setLight #0: color=#ff8c8c8c: brightnessMode=0
12-31 16:00:05.665  1614  2036 I ActivityManager: Set adj with com.our.dvr.acall to PERSISTENT_PROC_ADJ
12-31 16:00:05.666  2248  2248 I TelecomFramework: PstnPhoneCapabilitiesNotifier: handleVideoCapabilitesChanged. Video capability - false
12-31 16:00:05.671  1614  1899 V LightsService: setLight #0: color=#ff8f8f8f: brightnessMode=0
12-31 16:00:05.682  2419  2419 I bootstat: Battery level at startup 100%
12-31 16:00:05.682  2419  2419 I bootstat: Canonical boot reason: reboot,adb
12-31 16:00:05.688  1614  1899 V LightsService: setLight #0: color=#ff929292: brightnessMode=0
12-31 16:00:05.705  1614  1899 V LightsService: setLight #0: color=#ff959595: brightnessMode=0
12-31 16:00:05.715   629   730 I chatty  : uid=1000(system) Binder:629_2 expire 2 lines
12-31 16:00:05.719  2437  2437 W getprop : type=1400 audit(0.0:37): avc: denied { read } for name="u:object_r:default_prop:s0" dev="tmpfs" ino=17536 scontext=u:r:qti_init_shell:s0 tcontext=u:object_r:default_prop:s0 tclass=file permissive=0
12-31 16:00:05.723  1614  1899 V LightsService: setLight #0: color=#ff989898: brightnessMode=0
12-31 16:00:05.726  1936  1936 I Choreographer: Skipped 35 frames!  The application may be doing too much work on its main thread.
12-31 16:00:05.733  2437  2437 E libc    : Access denied finding property "ro.askey.hw.touch"
12-31 16:00:05.738  1614  1899 V LightsService: setLight #0: color=#ff999999: brightnessMode=0
12-31 16:00:05.772  1936  1936 D KeyguardUpdateMonitor: received broadcast android.intent.action.SERVICE_STATE
12-31 16:00:05.773  1936  1936 V KeyguardUpdateMonitor: action android.intent.action.SERVICE_STATE serviceState={mVoiceRegState=3(POWER_OFF), mDataRegState=3(POWER_OFF), mChannelNumber=-1, duplexMode()=0, mCellBandwidths=[], mVoiceRoamingType=home, mDataRoamingType=home, mVoiceOperatorAlphaLong=null, mVoiceOperatorAlphaShort=null, mDataOperatorAlphaLong=null, mDataOperatorAlphaShort=null, isManualNetworkSelection=false(automatic), mRilVoiceRadioTechnology=0(Unknown), mRilDataRadioTechnology=0(Unknown), mCssIndicator=unsupported, mNetworkId=-1, mSystemId=-1, mCdmaRoamingIndicator=-1, mCdmaDefaultRoamingIndicator=-1, mIsEmergencyOnly=false, mIsDataRoamingFromRegistration=false, mIsUsingCarrierAggregation=false, mLteEarfcnRsrpBoost=0, mNetworkRegistrationStates=[]} subId=2147483643
12-31 16:00:05.777  2419  2419 E bootstat: Failed to read /data/misc/bootstat/last_boot_time_utc: No such file or directory
12-31 16:00:05.777  2419  2419 E bootstat: Failed to parse boot time record: /data/misc/bootstat/last_boot_time_utc
12-31 16:00:05.778  2419  2419 E bootstat: Failed to read /data/misc/bootstat/build_date: No such file or directory
12-31 16:00:05.778  2419  2419 E bootstat: Failed to parse boot time record: /data/misc/bootstat/build_date
12-31 16:00:05.779  2419  2419 I bootstat: Canonical boot reason: reboot,factory_reset
12-31 16:00:05.785  1936  1936 V KeyguardUpdateMonitor: onSubscriptionInfoChanged()
12-31 16:00:05.787  1936  1936 V KeyguardUpdateMonitor: onSubscriptionInfoChanged: list is null
12-31 16:00:05.789   526   530 V vold    : Finished restorecon of /data/misc_ce/0
12-31 16:00:05.789  1936  1936 D CarrierText: onRefreshCarrierInfo(), mTelephonyCapable: false
12-31 16:00:05.789   526   530 V vold    : /system/bin/vold_prepare_subdirs
12-31 16:00:05.789   526   530 V vold    :     prepare
12-31 16:00:05.789   526   530 V vold    :     
12-31 16:00:05.789   526   530 V vold    :     0
12-31 16:00:05.789   526   530 V vold    :     2
12-31 16:00:05.789  1936  1936 D CarrierText: updateCarrierText(): 0
12-31 16:00:05.790  1936  1936 D CarrierText: Getting plmn/spn sticky brdcst No service/
12-31 16:00:05.791  1936  1936 D CarrierText: onRefreshCarrierInfo(), mTelephonyCapable: false
12-31 16:00:05.792  1936  1936 D CarrierText: updateCarrierText(): 0
12-31 16:00:05.792  1936  1936 D CarrierText: Getting plmn/spn sticky brdcst No service/
12-31 16:00:05.793  1936  1936 D CarrierText: onRefreshCarrierInfo(), mTelephonyCapable: false
12-31 16:00:05.793  1936  1936 D CarrierText: updateCarrierText(): 0
12-31 16:00:05.794  1936  1936 D CarrierText: Getting plmn/spn sticky brdcst No service/
12-31 16:00:05.795  1936  1936 D KeyguardUpdateMonitor: handleServiceStateChange(subId=2147483643, serviceState={mVoiceRegState=3(POWER_OFF), mDataRegState=3(POWER_OFF), mChannelNumber=-1, duplexMode()=0, mCellBandwidths=[], mVoiceRoamingType=home, mDataRoamingType=home, mVoiceOperatorAlphaLong=null, mVoiceOperatorAlphaShort=null, mDataOperatorAlphaLong=null, mDataOperatorAlphaShort=null, isManualNetworkSelection=false(automatic), mRilVoiceRadioTechnology=0(Unknown), mRilDataRadioTechnology=0(Unknown), mCssIndicator=unsupported, mNetworkId=-1, mSystemId=-1, mCdmaRoamingIndicator=-1, mCdmaDefaultRoamingIndicator=-1, mIsEmergencyOnly=false, mIsDataRoamingFromRegistration=false, mIsUsingCarrierAggregation=false, mLteEarfcnRsrpBoost=0, mNetworkRegistrationStates=[]}
12-31 16:00:05.795  1936  1936 D CarrierText: onTelephonyCapable() mTelephonyCapable: true
12-31 16:00:05.795  1936  1936 D CarrierText: updateCarrierText(): 0
12-31 16:00:05.796  1936  1936 D CarrierText: Getting plmn/spn sticky brdcst No service/
12-31 16:00:05.797  1936  1936 D CarrierText: onTelephonyCapable() mTelephonyCapable: true
12-31 16:00:05.797  1936  1936 D CarrierText: updateCarrierText(): 0
12-31 16:00:05.799  2419  2419 E bootstat: Failed to read /data/misc/bootstat/factory_reset: No such file or directory
12-31 16:00:05.799  2419  2419 E bootstat: Failed to parse boot time record: /data/misc/bootstat/factory_reset
12-31 16:00:05.803  1936  1936 D CarrierText: Getting plmn/spn sticky brdcst No service/
12-31 16:00:05.804  1936  1936 D CarrierText: onTelephonyCapable() mTelephonyCapable: true
12-31 16:00:05.804  1936  1936 D CarrierText: updateCarrierText(): 0
12-31 16:00:05.805  1936  1936 D CarrierText: Getting plmn/spn sticky brdcst No service/
12-31 16:00:05.805  1936  1936 D CarrierText: onRefreshCarrierInfo(), mTelephonyCapable: true
12-31 16:00:05.806  1936  1936 D CarrierText: updateCarrierText(): 0
12-31 16:00:05.806  1936  1936 D CarrierText: Getting plmn/spn sticky brdcst No service/
12-31 16:00:05.807  1936  1936 D CarrierText: onRefreshCarrierInfo(), mTelephonyCapable: true
12-31 16:00:05.807  1936  1936 D CarrierText: updateCarrierText(): 0
12-31 16:00:05.808  1936  1936 D CarrierText: Getting plmn/spn sticky brdcst No service/
12-31 16:00:05.820  1936  1936 D CarrierText: onRefreshCarrierInfo(), mTelephonyCapable: true
12-31 16:00:05.821  1936  1936 D CarrierText: updateCarrierText(): 0
12-31 16:00:05.822  1936  1936 D CarrierText: Getting plmn/spn sticky brdcst No service/
12-31 16:00:05.830  1936  1936 D KeyguardUpdateMonitor: received broadcast android.intent.action.SIM_STATE_CHANGED
12-31 16:00:05.831  1936  1936 V KeyguardUpdateMonitor: action android.intent.action.SIM_STATE_CHANGED state: ABSENT slotId: 0 subid: 2147483643
12-31 16:00:05.831  2248  2248 I TelecomFramework: PstnPhoneCapabilitiesNotifier: handleVideoCapabilitesChanged. Video capability - false
12-31 16:00:05.840   526   530 I vold_prepare_subdirs: SELinux: Loaded file_contexts
12-31 16:00:05.848  2443  2443 D vold_prepare_subdirs: Setting up mode 700 uid 0 gid 0 context u:object_r:vold_data_file:s0 on path: /data/misc_ce/0/vold
12-31 16:00:05.851  2443  2443 D vold_prepare_subdirs: Setting up mode 700 uid 0 gid 0 context u:object_r:storaged_data_file:s0 on path: /data/misc_ce/0/storaged
12-31 16:00:05.858  1614  1668 V UserDataPreparer: Found /data/user/0 with serial number 0
12-31 16:00:05.858  1614  1668 V UserDataPreparer: Found /data/system_ce/0 with serial number 0
12-31 16:00:05.859  1614  1668 D UserDataPreparer: Setting property: sys.user.0.ce_available=true
12-31 16:00:05.864  1614  2036 I Telecom : PhoneAccountRegistrar: Modify account: [ComponentInfo{com.android.phone/com.android.services.telephony.TelephonyConnectionService}, ***, UserHandle{0}]: TSI.rPA@AAw
12-31 16:00:05.869  1614  1668 V PackageManager: reconcileAppsData for null u0 0x2 migrateAppData=false
12-31 16:00:05.870  2248  2248 I TelecomFramework: PstnIncomingCallNotifier: Unregistering: Handler (com.qualcomm.qti.internal.telephony.QtiGsmCdmaPhone) {ac7ce44}
12-31 16:00:05.872  1614  2036 I ActivityManager: Set adj with com.our.dvr.acall to PERSISTENT_PROC_ADJ
12-31 16:00:05.878  2265  2265 D SimSelectNotification:  no of slots 1 provision = true
12-31 16:00:05.880  1614  2036 I ActivityManager: Set adj with com.our.dvr.acall to PERSISTENT_PROC_ADJ
12-31 16:00:05.909  2452  2452 W rm      : type=1400 audit(0.0:38): avc: denied { dac_override } for capability=1 scontext=u:r:chilli:s0 tcontext=u:r:chilli:s0 tclass=capability permissive=0
12-31 16:00:05.911  1614  2201 I Telecom : PhoneAccountRegistrar: Modify account: [ComponentInfo{com.android.phone/com.android.services.telephony.TelephonyConnectionService}, ***, UserHandle{0}]: TSI.rPA@AA0
12-31 16:00:05.913  2248  2248 I TelecomFramework: AccountEntry: Registered phoneAccount: [[ ] PhoneAccount: ComponentInfo{com.android.phone/com.android.services.telephony.TelephonyConnectionService}, ***, UserHandle{0} Capabilities: CallProvider EmergOnly MultiUser PlaceEmerg SimSub  Audio Routes: BESW Schemes: tel voicemail  Extras: Bundle[{android.telecom.extra.SUPPORTS_VIDEO_CALLING_FALLBACK=true}] GroupId: ***] with handle: ComponentInfo{com.android.phone/com.android.services.telephony.TelephonyConnectionService}, ***, UserHandle{0}
12-31 16:00:05.914  2248  2248 I TelecomFramework: PstnIncomingCallNotifier: Registering: Handler (com.qualcomm.qti.internal.telephony.QtiGsmCdmaPhone) {ac7ce44}
12-31 16:00:05.919  1936  1936 D KeyguardUpdateMonitor: handleServiceStateChange(subId=2147483643, serviceState={mVoiceRegState=3(POWER_OFF), mDataRegState=3(POWER_OFF), mChannelNumber=-1, duplexMode()=0, mCellBandwidths=[], mVoiceRoamingType=home, mDataRoamingType=home, mVoiceOperatorAlphaLong=null, mVoiceOperatorAlphaShort=null, mDataOperatorAlphaLong=null, mDataOperatorAlphaShort=null, isManualNetworkSelection=false(automatic), mRilVoiceRadioTechnology=0(Unknown), mRilDataRadioTechnology=0(Unknown), mCssIndicator=unsupported, mNetworkId=-1, mSystemId=-1, mCdmaRoamingIndicator=-1, mCdmaDefaultRoamingIndicator=-1, mIsEmergencyOnly=false, mIsDataRoamingFromRegistration=false, mIsUsingCarrierAggregation=false, mLteEarfcnRsrpBoost=0, mNetworkRegistrationStates=[]}
12-31 16:00:05.919  1936  1936 D CarrierText: onRefreshCarrierInfo(), mTelephonyCapable: true
12-31 16:00:05.919  1936  1936 D CarrierText: updateCarrierText(): 0
12-31 16:00:05.920  1936  1936 D CarrierText: Getting plmn/spn sticky brdcst No service/
12-31 16:00:05.921  1936  1936 D CarrierText: onRefreshCarrierInfo(), mTelephonyCapable: true
12-31 16:00:05.921  1936  1936 D CarrierText: updateCarrierText(): 0
12-31 16:00:05.922  1936  1936 D CarrierText: Getting plmn/spn sticky brdcst No service/
12-31 16:00:05.933  1936  1936 D CarrierText: onRefreshCarrierInfo(), mTelephonyCapable: true
12-31 16:00:05.933  1936  1936 D CarrierText: updateCarrierText(): 0
12-31 16:00:05.935  1936  1936 D CarrierText: Getting plmn/spn sticky brdcst No service/
12-31 16:00:05.937  2248  2248 I TelecomFramework: PstnPhoneCapabilitiesNotifier: handleVideoCapabilitesChanged. Video capability - false
12-31 16:00:05.939  2248  2321 I chatty  : uid=1001(radio) HwBinder:2248_1 expire 3 lines
12-31 16:00:05.940  1614  2036 I ActivityManager: Set adj with com.our.dvr.acall to PERSISTENT_PROC_ADJ
12-31 16:00:05.941  1936  1936 W System  : ClassLoader referenced unknown path: 
12-31 16:00:05.950  1936  1936 D KeyguardUpdateMonitor: received broadcast android.intent.action.SERVICE_STATE
12-31 16:00:05.950  1936  1936 V KeyguardUpdateMonitor: action android.intent.action.SERVICE_STATE serviceState={mVoiceRegState=1(OUT_OF_SERVICE), mDataRegState=1(OUT_OF_SERVICE), mChannelNumber=-1, duplexMode()=0, mCellBandwidths=[], mVoiceRoamingType=home, mDataRoamingType=home, mVoiceOperatorAlphaLong=, mVoiceOperatorAlphaShort=, mDataOperatorAlphaLong=, mDataOperatorAlphaShort=, isManualNetworkSelection=false(automatic), mRilVoiceRadioTechnology=0(Unknown), mRilDataRadioTechnology=0(Unknown), mCssIndicator=unsupported, mNetworkId=-1, mSystemId=-1, mCdmaRoamingIndicator=-1, mCdmaDefaultRoamingIndicator=-1, mIsEmergencyOnly=false, mIsDataRoamingFromRegistration=false, mIsUsingCarrierAggregation=false, mLteEarfcnRsrpBoost=0, mNetworkRegistrationStates=[]} subId=2147483643
12-31 16:00:05.960  1936  1936 V KeyguardUpdateMonitor: onSubscriptionInfoChanged()
12-31 16:00:05.962  1936  1936 V KeyguardUpdateMonitor: onSubscriptionInfoChanged: list is null
12-31 16:00:05.964  1936  1936 D CarrierText: onRefreshCarrierInfo(), mTelephonyCapable: true
12-31 16:00:05.965  1936  1936 D CarrierText: updateCarrierText(): 0
12-31 16:00:05.965  1936  1936 D CarrierText: Getting plmn/spn sticky brdcst No service/
12-31 16:00:05.966  1936  1936 D CarrierText: onRefreshCarrierInfo(), mTelephonyCapable: true
12-31 16:00:05.966  1936  1936 D CarrierText: updateCarrierText(): 0
12-31 16:00:05.967  1614  2036 I Telecom : PhoneAccountRegistrar: Modify account: [ComponentInfo{com.android.phone/com.android.services.telephony.TelephonyConnectionService}, ***, UserHandle{0}]: TSI.rPA@ABI
12-31 16:00:05.967  1936  1936 D CarrierText: Getting plmn/spn sticky brdcst No service/
12-31 16:00:05.968  1936  1936 D CarrierText: onRefreshCarrierInfo(), mTelephonyCapable: true
12-31 16:00:05.968  1936  1936 D CarrierText: updateCarrierText(): 0
12-31 16:00:05.969  1936  1936 D CarrierText: Getting plmn/spn sticky brdcst No service/
12-31 16:00:05.970  1936  1936 D KeyguardUpdateMonitor: handleSimStateChange(subId=2147483643, slotId=0, state=ABSENT)
12-31 16:00:05.970  1936  1936 D CarrierText: onSimStateChanged: SimMissing
12-31 16:00:05.970  1936  1936 D CarrierText: onSimStateChanged: SimMissing
12-31 16:00:05.971  2248  2406 I chatty  : uid=1001(radio) org.codeaurora. expire 1 line
12-31 16:00:05.975  1614  1659 I ActivityManager: Start proc 2458:com.qualcomm.qti.poweroffalarm/1000 for broadcast com.qualcomm.qti.poweroffalarm/.PowerOffAlarmBroadcastReceiver
12-31 16:00:05.982  1936  1936 D KeyguardViewMediator: onSimStateChanged(subId=2147483643, slotId=0,state=ABSENT)
12-31 16:00:05.985  1936  1936 D CarrierText: onSimStateChanged: SimMissing
12-31 16:00:05.996  1936  1936 V KeyguardUpdateMonitor: onSubscriptionInfoChanged()
12-31 16:00:05.998  1936  1936 V KeyguardUpdateMonitor: onSubscriptionInfoChanged: list is null
12-31 16:00:06.000  1936  1936 D CarrierText: onRefreshCarrierInfo(), mTelephonyCapable: true
12-31 16:00:06.000  1936  1936 D CarrierText: updateCarrierText(): 0
12-31 16:00:06.001  1936  1936 D CarrierText: Getting plmn/spn sticky brdcst No service/
12-31 16:00:06.002  1936  1936 D CarrierText: onRefreshCarrierInfo(), mTelephonyCapable: true
12-31 16:00:06.002  1936  1936 D CarrierText: updateCarrierText(): 0
12-31 16:00:06.003  1936  1936 D CarrierText: Getting plmn/spn sticky brdcst No service/
12-31 16:00:06.004  1936  1936 D CarrierText: onRefreshCarrierInfo(), mTelephonyCapable: true
12-31 16:00:06.004  1936  1936 D CarrierText: updateCarrierText(): 0
12-31 16:00:06.005  1936  1936 D CarrierText: Getting plmn/spn sticky brdcst No service/
12-31 16:00:06.019  2452  2452 W rm      : type=1400 audit(0.0:39): avc: denied { dac_override } for capability=1 scontext=u:r:chilli:s0 tcontext=u:r:chilli:s0 tclass=capability permissive=0
12-31 16:00:06.023  1614  1670 W WindowManager: App freeze timeout expired.
12-31 16:00:06.028  1936  1936 I vol.Events: writeEvent dismiss_dialog timeout
12-31 16:00:06.029  1936  1936 D KeyguardUpdateMonitor: handleServiceStateChange(subId=2147483643, serviceState={mVoiceRegState=1(OUT_OF_SERVICE), mDataRegState=1(OUT_OF_SERVICE), mChannelNumber=-1, duplexMode()=0, mCellBandwidths=[], mVoiceRoamingType=home, mDataRoamingType=home, mVoiceOperatorAlphaLong=, mVoiceOperatorAlphaShort=, mDataOperatorAlphaLong=, mDataOperatorAlphaShort=, isManualNetworkSelection=false(automatic), mRilVoiceRadioTechnology=0(Unknown), mRilDataRadioTechnology=0(Unknown), mCssIndicator=unsupported, mNetworkId=-1, mSystemId=-1, mCdmaRoamingIndicator=-1, mCdmaDefaultRoamingIndicator=-1, mIsEmergencyOnly=false, mIsDataRoamingFromRegistration=false, mIsUsingCarrierAggregation=false, mLteEarfcnRsrpBoost=0, mNetworkRegistrationStates=[]}
12-31 16:00:06.029  1936  1936 D CarrierText: onRefreshCarrierInfo(), mTelephonyCapable: true
12-31 16:00:06.029  1936  1936 D CarrierText: updateCarrierText(): 0
12-31 16:00:06.030  1936  1936 D CarrierText: Getting plmn/spn sticky brdcst No service/
12-31 16:00:06.030  1936  1936 D CarrierText: onRefreshCarrierInfo(), mTelephonyCapable: true
12-31 16:00:06.031  1936  1936 D CarrierText: updateCarrierText(): 0
12-31 16:00:06.031  1936  1936 D CarrierText: Getting plmn/spn sticky brdcst No service/
12-31 16:00:06.043  1936  1936 D CarrierText: onRefreshCarrierInfo(), mTelephonyCapable: true
12-31 16:00:06.043  1936  1936 D CarrierText: updateCarrierText(): 0
12-31 16:00:06.046  1614  2036 I ActivityManager: Set adj with com.our.dvr.acall to PERSISTENT_PROC_ADJ
12-31 16:00:06.056  1936  1936 D CarrierText: Getting plmn/spn sticky brdcst No service/
12-31 16:00:06.100  2458  2458 D libnativeloader: classloader namespace configured for unbundled vendor apk. library_path=/vendor/app/PowerOffAlarm/lib/arm:/vendor/app/PowerOffAlarm/PowerOffAlarm.apk!/lib/armeabi-v7a:/vendor/lib
12-31 16:00:06.126  2458  2458 I Perf    : Connecting to perf service.
12-31 16:00:06.142  2458  2458 D PowerOffAlarm: Receive android.intent.action.LOCKED_BOOT_COMPLETED intent. 
12-31 16:00:06.146  2458  2458 E PowerOffAlarm: java.io.FileNotFoundException: /mnt/vendor/persist/alarm/data (No such file or directory)
12-31 16:00:06.159  1614  2201 I ActivityManager: Set adj with com.our.dvr.acall to PERSISTENT_PROC_ADJ
12-31 16:00:06.162  1614  1614 I ActivityManager: Set adj with com.our.dvr.acall to PERSISTENT_PROC_ADJ
12-31 16:00:06.162  1614  1868 I chatty  : uid=1000(system) WifiStateMachin expire 62 lines
12-31 16:00:06.165  1614  1873 D ConnectivityService: Got NetworkFactory Messenger for WIFI
12-31 16:00:06.165  1614  1873 D ConnectivityService: Got NetworkFactory Messenger for WIFI_UT
12-31 16:00:06.182  1936  1953 I ndroid.systemu: Background concurrent copying GC freed 95987(6MB) AllocSpace objects, 91(1820KB) LOS objects, 66% free, 5MB/17MB, paused 257us total 144.908ms
12-31 16:00:06.203  1614  1659 I ActivityManager: Start proc 2491:com.android.deskclock/u0a46 for broadcast com.android.deskclock/.AlarmInitReceiver
12-31 16:00:06.260  1614  2201 I ActivityManager: Set adj with com.our.dvr.acall to PERSISTENT_PROC_ADJ
12-31 16:00:06.303  2491  2491 I droid.deskcloc: The ClassLoaderContext is a special shared library.
12-31 16:00:06.330  2491  2491 I droid.deskcloc: The ClassLoaderContext is a special shared library.
12-31 16:00:06.363  2491  2491 I Perf    : Connecting to perf service.
12-31 16:00:06.447  2491  2491 I AlarmClock: AlarmInitReceiver android.intent.action.LOCKED_BOOT_COMPLETED
12-31 16:00:06.460  2491  2522 I AlarmClock: Fixing alarm instances
12-31 16:00:06.502  2491  2522 V AlarmClock: AlarmInitReceiver finished
12-31 16:00:06.521  1614  2036 I ActivityManager: Set adj with com.our.dvr.acall to PERSISTENT_PROC_ADJ
12-31 16:00:06.528  2358  2358 I chatty  : uid=1001(radio) com.qualcomm.qcrilmsgtunnel expire 12 lines
12-31 16:00:06.530  1614  2201 I ActivityManager: Set adj with com.our.dvr.acall to PERSISTENT_PROC_ADJ
12-31 16:00:06.534  2236  2236 I chatty  : uid=1001(radio) com.qualcomm.qti.telephonyservice expire 9 lines
12-31 16:00:06.539  1614  2036 I ActivityManager: Set adj with com.our.dvr.acall to PERSISTENT_PROC_ADJ
12-31 16:00:06.547  1614  2036 I ActivityManager: Set adj with com.our.dvr.acall to PERSISTENT_PROC_ADJ
12-31 16:00:06.552  2228  2228 W ContextImpl: Calling a method in the system process without a qualified user: android.app.ContextImpl.startService:1531 android.content.ContextWrapper.startService:664 android.content.ContextWrapper.startService:664 com.qualcomm.qti.uceShimService.RCSReceiver.onReceive:41 android.app.ActivityThread.handleReceiver:3422 
12-31 16:00:06.559  1614  2376 I ActivityManager: Set adj with com.our.dvr.acall to PERSISTENT_PROC_ADJ
12-31 16:00:06.564  1614  2376 I chatty  : uid=1000(system) Binder:1614_8 identical 1 line
12-31 16:00:06.565  1614  2376 I ActivityManager: Set adj with com.our.dvr.acall to PERSISTENT_PROC_ADJ
12-31 16:00:06.571  2228  2525 I chatty  : uid=1000(system) MainEventThread expire 2 lines
12-31 16:00:06.577  2236  2526 I chatty  : uid=1001(radio) HwBinder:2236_1 expire 3 lines
12-31 16:00:06.582  2228  2527 I chatty  : uid=1000(system) .dataservices expire 1 line
12-31 16:00:06.593   626  1945 D PermissionCache: checking android.permission.MODIFY_AUDIO_SETTINGS for uid=1001 => granted (674 us)
12-31 16:00:06.594   582  1883 D audio_hw_primary: adev_set_parameters: enter: call_state=1;vsid=297816064
12-31 16:00:06.594   582  1883 D voice_extn: update_call_states is_call_active:0 in_call:0, mode:0
12-31 16:00:06.594   582  1883 D audio_hw_extn: audio_extn_set_anc_parameters: anc_enabled:0
12-31 16:00:06.594   582  1883 D audio_hw_spkr_prot: audio_extn_fbsp_set_parameters: Speaker protection disabled
12-31 16:00:06.596  2228  2531 I chatty  : uid=1000(system) HwBinder:2228_1 expire 5 lines
12-31 16:00:06.598  2358  2387 I chatty  : uid=1001(radio) HwBinder:2358_1 expire 11 lines
12-31 16:00:06.600   582  1883 D audio_hw_primary: adev_set_parameters: enter: call_state=1;vsid=297816064
12-31 16:00:06.600   582  1883 D voice_extn: update_call_states is_call_active:0 in_call:0, mode:0
12-31 16:00:06.600   582  1883 D audio_hw_extn: audio_extn_set_anc_parameters: anc_enabled:0
12-31 16:00:06.600   582  1883 D audio_hw_spkr_prot: audio_extn_fbsp_set_parameters: Speaker protection disabled
12-31 16:00:06.603   582  1883 D audio_hw_primary: adev_set_parameters: enter: call_state=1;vsid=297816064
12-31 16:00:06.603   582  1883 D voice_extn: update_call_states is_call_active:0 in_call:0, mode:0
12-31 16:00:06.603   582  1883 D audio_hw_extn: audio_extn_set_anc_parameters: anc_enabled:0
12-31 16:00:06.603   582  1883 D audio_hw_spkr_prot: audio_extn_fbsp_set_parameters: Speaker protection disabled
12-31 16:00:06.612  1614  1673 W ProcessCpuTracker: Skipping unknown process pid 2480
12-31 16:00:06.657  1266  1266 I chatty  : uid=1001(radio) /system/vendor/bin/qti expire 6 lines
12-31 16:00:06.726  1235  1235 I MSM-irqbalance: Discovered a new IRQ: 74
12-31 16:00:06.760  1936  1936 V KeyguardUpdateMonitor: onSubscriptionInfoChanged()
12-31 16:00:06.763  1936  1936 V KeyguardUpdateMonitor: onSubscriptionInfoChanged: list is null
12-31 16:00:06.765  1936  1936 D CarrierText: onRefreshCarrierInfo(), mTelephonyCapable: true
12-31 16:00:06.765  1936  1936 D CarrierText: updateCarrierText(): 0
12-31 16:00:06.766  1936  1936 D CarrierText: Getting plmn/spn sticky brdcst Emergency calls only/
12-31 16:00:06.768  1936  1936 D CarrierText: onRefreshCarrierInfo(), mTelephonyCapable: true
12-31 16:00:06.768  1936  1936 D CarrierText: updateCarrierText(): 0
12-31 16:00:06.769  1936  1936 D CarrierText: Getting plmn/spn sticky brdcst Emergency calls only/
12-31 16:00:06.769  1936  1936 D CarrierText: onRefreshCarrierInfo(), mTelephonyCapable: true
12-31 16:00:06.769  1936  1936 D CarrierText: updateCarrierText(): 0
12-31 16:00:06.770  1936  1936 D CarrierText: Getting plmn/spn sticky brdcst Emergency calls only/
12-31 16:00:06.780   613   641 E ANDR-PERF-TARGET-INIT: Error reading KPM nodes. Does KPM exist
12-31 16:00:06.791   613   641 E ANDR-PERF-OPTSHANDLER: Error: Sched Frequency Aggregation support not present
12-31 16:00:06.792   613  2546 E ANDR-PERF-MPCTL:  before pthread_cond_wait 1733, chk_core_online_poll
12-31 16:00:06.799  2248  2248 I TelecomFramework: PstnIncomingCallNotifier: Unregistering: Handler (com.qualcomm.qti.internal.telephony.QtiGsmCdmaPhone) {ac7ce44}
12-31 16:00:06.800  2248  2248 I TelecomFramework: TelecomAccountRegistry: Adding emergency account to phone id: 0
12-31 16:00:06.801  1936  1936 D KeyguardUpdateMonitor: received broadcast android.intent.action.SERVICE_STATE
12-31 16:00:06.802  1936  1936 V KeyguardUpdateMonitor: action android.intent.action.SERVICE_STATE serviceState={mVoiceRegState=1(OUT_OF_SERVICE), mDataRegState=1(OUT_OF_SERVICE), mChannelNumber=10663, duplexMode()=0, mCellBandwidths=[], mVoiceRoamingType=home, mDataRoamingType=home, mVoiceOperatorAlphaLong=, mVoiceOperatorAlphaShort=, mDataOperatorAlphaLong=, mDataOperatorAlphaShort=, isManualNetworkSelection=false(automatic), mRilVoiceRadioTechnology=3(UMTS), mRilDataRadioTechnology=0(Unknown), mCssIndicator=unsupported, mNetworkId=-1, mSystemId=-1, mCdmaRoamingIndicator=-1, mCdmaDefaultRoamingIndicator=-1, mIsEmergencyOnly=true, mIsDataRoamingFromRegistration=false, mIsUsingCarrierAggregation=false, mLteEarfcnRsrpBoost=0, mNetworkRegistrationStates=[]} subId=2147483643
12-31 16:00:06.803  1936  1936 D KeyguardUpdateMonitor: handleServiceStateChange(subId=2147483643, serviceState={mVoiceRegState=1(OUT_OF_SERVICE), mDataRegState=1(OUT_OF_SERVICE), mChannelNumber=10663, duplexMode()=0, mCellBandwidths=[], mVoiceRoamingType=home, mDataRoamingType=home, mVoiceOperatorAlphaLong=, mVoiceOperatorAlphaShort=, mDataOperatorAlphaLong=, mDataOperatorAlphaShort=, isManualNetworkSelection=false(automatic), mRilVoiceRadioTechnology=3(UMTS), mRilDataRadioTechnology=0(Unknown), mCssIndicator=unsupported, mNetworkId=-1, mSystemId=-1, mCdmaRoamingIndicator=-1, mCdmaDefaultRoamingIndicator=-1, mIsEmergencyOnly=true, mIsDataRoamingFromRegistration=false, mIsUsingCarrierAggregation=false, mLteEarfcnRsrpBoost=0, mNetworkRegistrationStates=[]}
12-31 16:00:06.803  1936  1936 D CarrierText: onRefreshCarrierInfo(), mTelephonyCapable: true
12-31 16:00:06.803  1936  1936 D CarrierText: updateCarrierText(): 0
12-31 16:00:06.804  1936  1936 D CarrierText: Getting plmn/spn sticky brdcst Emergency calls only/
12-31 16:00:06.805  1936  1936 D CarrierText: onRefreshCarrierInfo(), mTelephonyCapable: true
12-31 16:00:06.806  1936  1936 D CarrierText: updateCarrierText(): 0
12-31 16:00:06.806  1936  1936 D CarrierText: Getting plmn/spn sticky brdcst Emergency calls only/
12-31 16:00:06.821  1936  1936 D CarrierText: onRefreshCarrierInfo(), mTelephonyCapable: true
12-31 16:00:06.821  1936  1936 D CarrierText: updateCarrierText(): 0
12-31 16:00:06.823  1936  1936 D CarrierText: Getting plmn/spn sticky brdcst Emergency calls only/
12-31 16:00:06.840  1614  2036 I Telecom : PhoneAccountRegistrar: Modify account: [ComponentInfo{com.android.phone/com.android.services.telephony.TelephonyConnectionService}, ***, UserHandle{0}]: TSI.rPA@ABk
12-31 16:00:06.842  2248  2248 I TelecomFramework: AccountEntry: Registered phoneAccount: [[ ] PhoneAccount: ComponentInfo{com.android.phone/com.android.services.telephony.TelephonyConnectionService}, ***, UserHandle{0} Capabilities: CallProvider EmergOnly MultiUser PlaceEmerg SimSub  Audio Routes: BESW Schemes: tel voicemail  Extras: Bundle[{android.telecom.extra.SUPPORTS_VIDEO_CALLING_FALLBACK=true}] GroupId: ***] with handle: ComponentInfo{com.android.phone/com.android.services.telephony.TelephonyConnectionService}, ***, UserHandle{0}
12-31 16:00:06.842  2248  2248 I TelecomFramework: PstnIncomingCallNotifier: Registering: Handler (com.qualcomm.qti.internal.telephony.QtiGsmCdmaPhone) {ac7ce44}
12-31 16:00:06.843  2545  2545 W libc    : Unable to set property "ctl.start" to "gamed": error code: 0x20
12-31 16:00:06.850  2248  2248 I TelecomFramework: PstnPhoneCapabilitiesNotifier: handleVideoCapabilitesChanged. Video capability - false
12-31 16:00:06.872  1614  2036 I Telecom : PhoneAccountRegistrar: Modify account: [ComponentInfo{com.android.phone/com.android.services.telephony.TelephonyConnectionService}, ***, UserHandle{0}]: TSI.rPA@ABw
12-31 16:00:06.896  1614  1668 V PackageManager: reconcileAppsData finished 161 packages
12-31 16:00:06.896  1614  1668 I ActivityManager: User 0 state changed from RUNNING_LOCKED to RUNNING_UNLOCKING
12-31 16:00:06.897  1614  1668 D ActivityManager: Unlocking user 0 progress 20
12-31 16:00:06.897  1614  1668 W Looper  : Slow dispatch took 1432ms android.fg h=android.os.Handler c=com.android.server.am.-$$Lambda$UserController$o6oQFjGYYIfx-I94cSakTLPLt6s@154ac85 m=0
12-31 16:00:06.897  1614  1668 W Looper  : Slow delivery took 1432ms android.fg h=android.os.Handler c=com.android.server.am.-$$Lambda$UserController$qvHU3An7LT0SKBclx4I2epe4KYI@17c2ada m=0
12-31 16:00:06.897  1614  1657 I SystemServiceManager: Calling onUnlockUser u0
12-31 16:00:06.897  1614  1657 D BluetoothManagerService: User 0 unlocked
12-31 16:00:06.898  1614  1657 D StorageManagerService: onUnlockUser 0
12-31 16:00:06.899   526   530 D vold    : Linking /storage/emulated/0 to /mnt/user/0/primary
12-31 16:00:06.901  1614  1669 D BluetoothManagerService: MESSAGE_USER_UNLOCKED
12-31 16:00:06.902  1614  1860 D StorageManagerService: Volume public:179,65 broadcasting mounted to UserHandle{0}
12-31 16:00:06.902  1614  1668 W Looper  : Drained
12-31 16:00:06.903  1614  1860 D StorageManagerService: Volume emulated broadcasting mounted to UserHandle{0}
12-31 16:00:06.914   613   641 E ANDR-PERF-TARGET: Error: Invalid cluster id 2
12-31 16:00:06.914   613   641 E ANDR-PERF-TARGET: Error: Invalid cluster id 2
12-31 16:00:06.915  1614  1657 W VoiceInteractionManagerService: no available voice interaction services found for user 0
12-31 16:00:06.915  1614  1657 W VoiceInteractionManagerService: no available voice recognition services found for user 0
12-31 16:00:06.915  1614  2549 V BackupManagerService: Starting with transport android/com.android.internal.backup.LocalTransport
12-31 16:00:06.917  1614  1657 D AutofillManagerServiceImpl: Reset component for user 0 ()
12-31 16:00:06.919  1614  1657 D AutofillManagerServiceImpl: Reset component for user 0 ()
12-31 16:00:06.919  1614  1658 D AutofillUI: destroySaveUiUiThread(): already destroyed
12-31 16:00:06.919  1614  1657 D FieldClassificationStrategy: reset(): service is not bound. Do nothing.
12-31 16:00:06.920  1614  1657 I ActivityManager: User 0 state changed from RUNNING_UNLOCKING to RUNNING_UNLOCKED
12-31 16:00:06.920  1614  1657 D SystemServerTiming: SystemUserUnlock took to complete: 1456ms
12-31 16:00:06.920  1614  1668 I ActivityManager: Loading recents for user 0 into memory.
12-31 16:00:06.930   985   985 I keystore: del USRPKEY_WifiConfigStore.xml.encrypted-checksum.data-integrity-checker-key 1000
12-31 16:00:06.931   985   985 I keystore: del USRCERT_WifiConfigStore.xml.encrypted-checksum.data-integrity-checker-key 1000
12-31 16:00:06.932   985   985 I keystore: del CACERT_WifiConfigStore.xml.encrypted-checksum.data-integrity-checker-key 1000
12-31 16:00:06.932  1920  1920 I InputAttributes: InputType.TYPE_NULL is specified
12-31 16:00:06.936  1614  1657 I ActivityManager: Set adj with com.our.dvr.acall to PERSISTENT_PROC_ADJ
12-31 16:00:06.942   510   516 D DrmLibTime: got the req here! ret=0
12-31 16:00:06.942   510   516 D DrmLibTime: command id, time_cmd_id = 770
12-31 16:00:06.942   510   516 D DrmLibTime: time_getutcsec starts!
12-31 16:00:06.942   510   516 D DrmLibTime: QSEE Time Listener: time_getutcsec
12-31 16:00:06.942   510   516 D DrmLibTime: QSEE Time Listener: get_utc_seconds
12-31 16:00:06.942   510   516 D DrmLibTime: QSEE Time Listener: time_get_modem_time
12-31 16:00:06.942   510   516 D DrmLibTime: QSEE Time Listener: Checking if ATS_MODEM is set or not.
12-31 16:00:06.942   510   516 D QC-time-services: Lib:time_genoff_operation: pargs->base = 13
12-31 16:00:06.942   510   516 D QC-time-services: Lib:time_genoff_operation: pargs->operation = 2
12-31 16:00:06.942   510   516 D QC-time-services: Lib:time_genoff_operation: pargs->ts_val = 0
12-31 16:00:06.942   510   516 D QC-time-services: Lib:time_genoff_operation: Send to server  passed!!
12-31 16:00:06.943  1007  1042 I chatty  : uid=1000(system) /vendor/bin/time_daemon expire 1 line
12-31 16:00:06.955  1007  2555 I chatty  : uid=1000(system) /vendor/bin/time_daemon expire 1 line
12-31 16:00:06.955  1007  2555 D QC-time-services: Daemon:genoff_opr: Base = 13, val = 0, operation = 2
12-31 16:00:06.955  1007  2555 D QC-time-services: offset is: 0 for base: 13
12-31 16:00:06.955   510   516 E QC-time-services: Receive Passed == base = 13, unit = 1, operation = 2, result = 0
12-31 16:00:06.955   510   516 D DrmLibTime: QSEE Time Listener: ATS_MODEM is not set. Fallback to Android system time.
12-31 16:00:06.955   510   516 D DrmLibTime: QSEE Time Listener: Retrieved Android system time: 1230739206
12-31 16:00:06.955   510   516 D DrmLibTime: time_getutcsec returns 0, sec = 1230739206; nsec = 0
12-31 16:00:06.955   510   516 D DrmLibTime: time_getutcsec finished! 
12-31 16:00:06.955   510   516 D DrmLibTime: iotcl_continue_command finished! and return 0 
12-31 16:00:06.955   510   516 D DrmLibTime: before calling ioctl to read the next time_cmd
12-31 16:00:06.956  1007  1042 E QC-time-services: Daemon: Time-services: Waiting to acceptconnection
12-31 16:00:06.958  1614  1657 I chatty  : uid=1000(system) ActivityManager identical 8 lines
12-31 16:00:06.959  1614  1657 I ActivityManager: Set adj with com.our.dvr.acall to PERSISTENT_PROC_ADJ
12-31 16:00:06.973  1614  2549 I chatty  : uid=1000(system) backup expire 4 lines
12-31 16:00:06.976  1614  2550 I chatty  : uid=1000 system_server expire 10 lines
12-31 16:00:06.981  1614  2549 E BackupPasswordManager: Unable to read backup pw version
12-31 16:00:06.982  1614  2549 E BackupPasswordManager: Unable to read saved backup pw hash
12-31 16:00:06.983  1614  1657 W AppWidgetServiceImpl: Failed to read state: java.io.FileNotFoundException: /data/system/users/0/appwidgets.xml (No such file or directory)
12-31 16:00:06.983  1614  1657 V AppWidgetServiceImpl: Upgrading widget database from 0 to 1
12-31 16:00:06.985  1614  1657 I AppWidgetServiceImpl: Processing of handleUserUnlocked u0 took 21 ms
12-31 16:00:06.985  1614  1657 I ActivityManager: Sending BOOT_COMPLETE user #0
12-31 16:00:06.990  1614  2549 V BackupManagerService: No ancestral data
12-31 16:00:06.991  1614  1659 W ActivityManager: Slow operation: 55ms so far, now at startProcess: returned from zygote!
12-31 16:00:07.005  1614  1659 W ActivityManager: Slow operation: 69ms so far, now at startProcess: done updating battery stats
12-31 16:00:07.005  1614  1659 W ActivityManager: Slow operation: 69ms so far, now at startProcess: building log message
12-31 16:00:07.005  1614  1659 I ActivityManager: Start proc 2557:com.our.ledcontrol/1000 for added application com.our.ledcontrol
12-31 16:00:07.005  1614  1659 W ActivityManager: Slow operation: 69ms so far, now at startProcess: starting to update pids map
12-31 16:00:07.005  1614  1659 W ActivityManager: Slow operation: 69ms so far, now at startProcess: done updating pids map
12-31 16:00:07.006  1614  1659 W ActivityManager: Slow operation: 69ms so far, now at startProcess: asking zygote to start proc
12-31 16:00:07.009  1614  1614 V NotificationListeners: enabling notification listener for 0: ComponentInfo{com.android.launcher3/com.android.launcher3.notification.NotificationListener}
12-31 16:00:07.010  1614  1614 V NotificationListeners: binding: Intent { act=android.service.notification.NotificationListenerService cmp=com.android.launcher3/.notification.NotificationListener (has extras) }
12-31 16:00:07.011  1614  2036 I PackageManager: Result set changed, dropping preferred activity for Intent { act=android.intent.action.MAIN cat=[android.intent.category.HOME] } type null
12-31 16:00:07.012   985   985 I keystore: 1 0
12-31 16:00:07.012  2265  2265 D FallbackHome: User unlocked and real home found; let's go!
12-31 16:00:07.015  1614  1614 V NotificationAssistants: disabling notification assistant for user 0: ComponentInfo{android.ext.services/android.ext.services.notification.Assistant}
12-31 16:00:07.015  1614  1614 D NotificationListeners: Removing active service ComponentInfo{android.ext.services/android.ext.services.notification.Assistant}
12-31 16:00:07.035  1614  1614 I ActivityManager: Set adj with com.our.dvr.acall to PERSISTENT_PROC_ADJ
12-31 16:00:07.038  1614  1614 V NotificationAssistants: enabling notification assistant for 0: ComponentInfo{android.ext.services/android.ext.services.notification.Assistant}
12-31 16:00:07.048  1614  2201 I PackageManager: Adding preferred activity com.askey.dvr.dashcam/.activity.NoticeActivity for user 0:
12-31 16:00:07.051  1614  2201 I ActivityManager: START u0 {act=android.intent.action.MAIN cat=[android.intent.category.HOME] flg=0x10000100 cmp=com.askey.dvr.dashcam/.activity.NoticeActivity} from uid 0
12-31 16:00:07.051  1614  1659 W ActivityManager: Slow operation: 114ms so far, now at startProcess: returned from zygote!
12-31 16:00:07.064   613   641 E ANDR-PERF-MPCTL: Invalid profile no. 0, total profiles 0 only
