12-31 16:00:07.065   613   641 E ANDR-PERF-OPTSHANDLER: Perflock resource /proc/sys/kernel/sched_spill_nr_run not supported
12-31 16:00:07.065   985   985 I keystore: 1 0
12-31 16:00:07.065   613   641 E ANDR-PERF-RESOURCEQS: Failed to apply optimization [3, 11]
12-31 16:00:07.065   613   641 E ANDR-PERF-OPTSHANDLER: Perflock resource /proc/sys/kernel/sched_restrict_cluster_spill not supported
12-31 16:00:07.065   613   641 E ANDR-PERF-RESOURCEQS: Failed to apply optimization [3, 13]
12-31 16:00:07.068   613   641 E ANDR-PERF-OPTSHANDLER: Perflock resource /proc/sys/kernel/sched_spill_nr_run not supported
12-31 16:00:07.068   613   641 E ANDR-PERF-RESOURCEQS: Failed to apply optimization [3, 11]
12-31 16:00:07.068   613   641 E ANDR-PERF-OPTSHANDLER: Perflock resource /proc/sys/kernel/sched_restrict_cluster_spill not supported
12-31 16:00:07.068   613   641 E ANDR-PERF-RESOURCEQS: Failed to apply optimization [3, 13]
12-31 16:00:07.084  1614  1614 V NotificationAssistants: binding: Intent { act=android.service.notification.NotificationAssistantService cmp=android.ext.services/.notification.Assistant (has extras) }
12-31 16:00:07.089  1614  1659 W ActivityManager: Slow operation: 152ms so far, now at startProcess: done updating battery stats
12-31 16:00:07.089  1614  1659 W ActivityManager: Slow operation: 152ms so far, now at startProcess: building log message
12-31 16:00:07.089  1614  1659 I ActivityManager: Start proc 2574:com.android.nfc/1027 for added application com.android.nfc
12-31 16:00:07.089  1614  1659 W ActivityManager: Slow operation: 152ms so far, now at startProcess: starting to update pids map
12-31 16:00:07.089  1614  1659 W ActivityManager: Slow operation: 152ms so far, now at startProcess: done updating pids map
12-31 16:00:07.089  1614  1659 W ActivityManager: Slow operation: 141ms so far, now at startProcess: asking zygote to start proc
12-31 16:00:07.093  1614  1636 I ActivityManager: Set adj with com.our.dvr.acall to PERSISTENT_PROC_ADJ
12-31 16:00:07.100  1936  1936 D KeyguardUpdateMonitor: received broadcast android.intent.action.SIM_STATE_CHANGED
12-31 16:00:07.100  1936  1936 V KeyguardStatusView: Enable transport text marquee
12-31 16:00:07.105  1614  1614 I ActivityManager: Set adj with com.our.dvr.acall to PERSISTENT_PROC_ADJ
12-31 16:00:07.114  1614  1659 W ActivityManager: Slow operation: 166ms so far, now at startProcess: returned from zygote!
12-31 16:00:07.121  1614  2549 I BackupManagerService: Unlocking system user; mService=com.android.server.backup.BackupManagerService@acceab5
12-31 16:00:07.122  1614  2376 I ActivityManager: Set adj with com.our.dvr.acall to PERSISTENT_PROC_ADJ
12-31 16:00:07.124  1614  2549 I BackupManagerService: Backup enabled => false
12-31 16:00:07.125  1614  2208 I ActivityManager: Set adj with com.our.dvr.acall to PERSISTENT_PROC_ADJ
12-31 16:00:07.131  1614  1659 W ActivityManager: Slow operation: 183ms so far, now at startProcess: done updating battery stats
12-31 16:00:07.131  1614  1659 W ActivityManager: Slow operation: 183ms so far, now at startProcess: building log message
12-31 16:00:07.131  1614  1659 I ActivityManager: Start proc 2597:com.our.keyremapping/1000 for added application com.our.keyremapping
12-31 16:00:07.131  1614  1659 W ActivityManager: Slow operation: 183ms so far, now at startProcess: starting to update pids map
12-31 16:00:07.131  1614  1659 W ActivityManager: Slow operation: 183ms so far, now at startProcess: done updating pids map
12-31 16:00:07.135  1614  1659 W ActivityManager: Slow operation: 183ms so far, now at startProcess: asking zygote to start proc
12-31 16:00:07.146  1614  2549 V BackupManagerConstants: getKeyValueBackupIntervalMilliseconds(...) returns 14400000
12-31 16:00:07.147  1614  2549 V BackupManagerConstants: getKeyValueBackupFuzzMilliseconds(...) returns 600000
12-31 16:00:07.147  1614  2549 V BackupManagerConstants: getKeyValueBackupRequiredNetworkType(...) returns 1
12-31 16:00:07.147  1614  2549 V BackupManagerConstants: getKeyValueBackupRequireCharging(...) returns true
12-31 16:00:07.147  1614  2549 V KeyValueBackupJob: Scheduling k/v pass in 243 minutes
12-31 16:00:07.160  1614  1659 W ActivityManager: Slow operation: 208ms so far, now at startProcess: returned from zygote!
12-31 16:00:07.161  1614  1659 W ActivityManager: Slow operation: 209ms so far, now at startProcess: done updating battery stats
12-31 16:00:07.161  1614  1659 W ActivityManager: Slow operation: 209ms so far, now at startProcess: building log message
12-31 16:00:07.161  1614  1659 I ActivityManager: Start proc 2612:com.android.se/1068 for added application com.android.se
12-31 16:00:07.161  1614  1659 W ActivityManager: Slow operation: 209ms so far, now at startProcess: starting to update pids map
12-31 16:00:07.161  1614  1659 W ActivityManager: Slow operation: 209ms so far, now at startProcess: done updating pids map
12-31 16:00:07.161  1614  1659 W ActivityManager: Slow operation: 207ms so far, now at startProcess: asking zygote to start proc
12-31 16:00:07.171  1614  2208 I ActivityManager: Set adj with com.our.dvr.acall to PERSISTENT_PROC_ADJ
12-31 16:00:07.186  1614  1659 W ActivityManager: Slow operation: 232ms so far, now at startProcess: returned from zygote!
12-31 16:00:07.187  1614  1659 W ActivityManager: Slow operation: 232ms so far, now at startProcess: done updating battery stats
12-31 16:00:07.187  1614  1659 W ActivityManager: Slow operation: 233ms so far, now at startProcess: building log message
12-31 16:00:07.187  1614  1659 I ActivityManager: Start proc 2620:com.our.sdk.usb/1000 for added application com.our.sdk.usb
12-31 16:00:07.187  1614  1659 W ActivityManager: Slow operation: 233ms so far, now at startProcess: starting to update pids map
12-31 16:00:07.187  1614  1659 W ActivityManager: Slow operation: 233ms so far, now at startProcess: done updating pids map
12-31 16:00:07.187  1614  1659 W ActivityManager: Slow operation: 231ms so far, now at startProcess: asking zygote to start proc
12-31 16:00:07.199  2574  2574 I chatty  : uid=1027(nfc) com.android.nfc expire 183 lines
12-31 16:00:07.212  1614  1659 W ActivityManager: Slow operation: 256ms so far, now at startProcess: returned from zygote!
12-31 16:00:07.213  1614  1659 W ActivityManager: Slow operation: 257ms so far, now at startProcess: done updating battery stats
12-31 16:00:07.213  1614  1659 W ActivityManager: Slow operation: 257ms so far, now at startProcess: building log message
12-31 16:00:07.213  1614  1659 I ActivityManager: Start proc 2633:com.our.parkingmode/1000 for added application com.our.parkingmode
12-31 16:00:07.213  1614  1659 W ActivityManager: Slow operation: 257ms so far, now at startProcess: starting to update pids map
12-31 16:00:07.213  1614  1659 W ActivityManager: Slow operation: 257ms so far, now at startProcess: done updating pids map
12-31 16:00:07.213  1614  1659 W ActivityManager: Slow operation: 257ms so far, now at startProcess: asking zygote to start proc
12-31 16:00:07.213  1614  1614 W Looper  : Slow dispatch took 106ms main h=android.app.ActivityThread$H c=android.app.-$$Lambda$LoadedApk$ReceiverDispatcher$Args$_BumDX2UKsnxLVrE6UJsJZkotuA@d7e8833 m=0
12-31 16:00:07.213  1614  1614 W Looper  : Slow delivery took 205ms main h=com.android.server.accessibility.AccessibilityManagerService$MainHandler c=<recycled PooledLambda@6d1b7f0> m=0
12-31 16:00:07.215  1614  1636 I chatty  : uid=1000(system) Binder:1614_2 expire 119 lines
12-31 16:00:07.218  1614  1636 I ActivityManager: Set adj with com.our.dvr.acall to PERSISTENT_PROC_ADJ
12-31 16:00:07.227  1614  1901 I SyncManager: Loaded persisted syncs: 0 periodic syncs, 0 oneshot syncs, 9 total system server jobs, JobStats: FirstLoad: 3/2/0 LastSave: -1/-1/-1
12-31 16:00:07.230  2557  2557 I Perf    : Connecting to perf service.
12-31 16:00:07.239  2323  2649 D ExtAssistant: File doesn't exist or isn't readable yet
12-31 16:00:07.246  1614  2208 I ActivityManager: Set adj with com.our.dvr.acall to PERSISTENT_PROC_ADJ
12-31 16:00:07.255  1614  1659 W ActivityManager: Slow operation: 299ms so far, now at startProcess: returned from zygote!
12-31 16:00:07.255  1614  1659 W ActivityManager: Slow operation: 299ms so far, now at startProcess: done updating battery stats
12-31 16:00:07.255  1614  1659 W ActivityManager: Slow operation: 299ms so far, now at startProcess: building log message
12-31 16:00:07.256  1614  1659 I ActivityManager: Start proc 2654:com.askey.cu/1000 for added application com.askey.cu
12-31 16:00:07.256  1614  1659 W ActivityManager: Slow operation: 300ms so far, now at startProcess: starting to update pids map
12-31 16:00:07.256  1614  1659 W ActivityManager: Slow operation: 300ms so far, now at startProcess: done updating pids map
12-31 16:00:07.256  1614  1659 W ActivityManager: Slow operation: 299ms so far, now at startProcess: asking zygote to start proc
12-31 16:00:07.260  2597  2597 I Perf    : Connecting to perf service.
12-31 16:00:07.267  2612  2612 I com.android.se: The ClassLoaderContext is a special shared library.
12-31 16:00:07.282  1614  1659 W ActivityManager: Slow operation: 324ms so far, now at startProcess: returned from zygote!
12-31 16:00:07.282  1614  1659 W ActivityManager: Slow operation: 325ms so far, now at startProcess: done updating battery stats
12-31 16:00:07.282  1614  1659 W ActivityManager: Slow operation: 325ms so far, now at startProcess: building log message
12-31 16:00:07.282  1614  1659 I ActivityManager: Start proc 2670:com.our.errordetect/1000 for added application com.our.errordetect
12-31 16:00:07.282  1614  1659 W ActivityManager: Slow operation: 325ms so far, now at startProcess: starting to update pids map
12-31 16:00:07.282  1614  1659 W ActivityManager: Slow operation: 325ms so far, now at startProcess: done updating pids map
12-31 16:00:07.282  1614  1659 W ActivityManager: Slow operation: 324ms so far, now at startProcess: asking zygote to start proc
12-31 16:00:07.291  2612  2612 I Perf    : Connecting to perf service.
12-31 16:00:07.291  1614  1636 I ActivityManager: Set adj with com.our.dvr.acall to PERSISTENT_PROC_ADJ
12-31 16:00:07.303  1614  2208 I ActivityManager: Set adj with com.our.dvr.acall to PERSISTENT_PROC_ADJ
12-31 16:00:07.309  1614  1659 W ActivityManager: Slow operation: 351ms so far, now at startProcess: returned from zygote!
12-31 16:00:07.309  1614  1659 W ActivityManager: Slow operation: 351ms so far, now at startProcess: done updating battery stats
12-31 16:00:07.309  1614  1659 W ActivityManager: Slow operation: 351ms so far, now at startProcess: building log message
12-31 16:00:07.310  1614  1659 I ActivityManager: Start proc 2684:com.qualcomm.qti.services.secureui:sui_service/1000 for added application com.qualcomm.qti.services.secureui:sui_service
12-31 16:00:07.310  1614  1659 W ActivityManager: Slow operation: 351ms so far, now at startProcess: starting to update pids map
12-31 16:00:07.310  1614  1659 W ActivityManager: Slow operation: 352ms so far, now at startProcess: done updating pids map
12-31 16:00:07.310  2612  2612 I SecureElementService: main onCreate
12-31 16:00:07.310  1614  1659 W ActivityManager: Slow operation: 351ms so far, now at startProcess: asking zygote to start proc
12-31 16:00:07.314  1614  2208 I ActivityManager: Set adj with com.our.dvr.acall to PERSISTENT_PROC_ADJ
12-31 16:00:07.315  2612  2612 I SecureElementService: No HAL implementation for eSE1
12-31 16:00:07.317  2620  2620 I Perf    : Connecting to perf service.
12-31 16:00:07.318  2612  2612 I android_os_HwBinder: HwBinder: Starting thread pool for SIM1::android.hardware.secure_element@1.0::ISecureElement
12-31 16:00:07.327  2612  2612 I SecureElement-Terminal-SIM1: SIM1 was initialized
12-31 16:00:07.340  1614  1659 W ActivityManager: Slow operation: 381ms so far, now at startProcess: returned from zygote!
12-31 16:00:07.340  1614  1659 W ActivityManager: Slow operation: 381ms so far, now at startProcess: done updating battery stats
12-31 16:00:07.340  1614  1659 W ActivityManager: Slow operation: 381ms so far, now at startProcess: building log message
12-31 16:00:07.340  1614  1659 I ActivityManager: Start proc 2701:com.askey.alexaexe/1000 for added application com.askey.alexaexe
12-31 16:00:07.340  1614  1659 W ActivityManager: Slow operation: 381ms so far, now at startProcess: starting to update pids map
12-31 16:00:07.340  1614  1659 W ActivityManager: Slow operation: 381ms so far, now at startProcess: done updating pids map
12-31 16:00:07.341  1614  1659 W ActivityManager: Slow operation: 350ms so far, now at startProcess: asking zygote to start proc
12-31 16:00:07.350  1614  1636 I ActivityManager: Set adj with com.our.dvr.acall to PERSISTENT_PROC_ADJ
12-31 16:00:07.364  2654  2654 D libnativeloader: classloader namespace configured for unbundled vendor apk. library_path=/vendor/app/ConfigUpdate/lib/arm:/vendor/app/ConfigUpdate/ConfigUpdate.apk!/lib/armeabi-v7a:/vendor/lib
12-31 16:00:07.368  2633  2633 I Perf    : Connecting to perf service.
12-31 16:00:07.371  1614  1636 I ActivityManager: Set adj with com.our.dvr.acall to PERSISTENT_PROC_ADJ
12-31 16:00:07.371  1614  1659 W ActivityManager: Slow operation: 380ms so far, now at startProcess: returned from zygote!
12-31 16:00:07.371  1614  1659 W ActivityManager: Slow operation: 380ms so far, now at startProcess: done updating battery stats
12-31 16:00:07.371  1614  1659 W ActivityManager: Slow operation: 380ms so far, now at startProcess: building log message
12-31 16:00:07.371  1614  1659 I ActivityManager: Start proc 2720:android.process.media/u0a14 for broadcast com.android.providers.downloads/.DownloadReceiver
12-31 16:00:07.371  1614  1659 W ActivityManager: Slow operation: 380ms so far, now at startProcess: starting to update pids map
12-31 16:00:07.372  1614  1659 W ActivityManager: Slow operation: 380ms so far, now at startProcess: done updating pids map
12-31 16:00:07.372  1614  1659 W ActivityManager: Slow operation: 358ms so far, now at startProcess: asking zygote to start proc
12-31 16:00:07.391  2654  2654 I Perf    : Connecting to perf service.
12-31 16:00:07.392   607   607 I chatty  : uid=1027(nfc) /vendor/bin/hw/vendor.nxp.hardware.nfc@1.1-service expire 393 lines
12-31 16:00:07.402  1614  1659 W ActivityManager: Slow operation: 388ms so far, now at startProcess: returned from zygote!
12-31 16:00:07.404  1614  1636 I ActivityManager: Set adj with com.our.dvr.acall to PERSISTENT_PROC_ADJ
12-31 16:00:07.404  1614  1659 W ActivityManager: Slow operation: 390ms so far, now at startProcess: done updating battery stats
12-31 16:00:07.404  1614  1659 W ActivityManager: Slow operation: 390ms so far, now at startProcess: building log message
12-31 16:00:07.404  1614  1659 I ActivityManager: Start proc 2733:com.android.launcher3/u0a28 for service com.android.launcher3/.notification.NotificationListener
12-31 16:00:07.404  1614  1659 W ActivityManager: Slow operation: 390ms so far, now at startProcess: starting to update pids map
12-31 16:00:07.405  1614  1659 W ActivityManager: Slow operation: 390ms so far, now at startProcess: done updating pids map
12-31 16:00:07.405  1614  1659 W ActivityManager: Slow operation: 359ms so far, now at startProcess: asking zygote to start proc
12-31 16:00:07.421  2670  2670 I Perf    : Connecting to perf service.
12-31 16:00:07.432  1614  1659 W ActivityManager: Slow operation: 386ms so far, now at startProcess: returned from zygote!
12-31 16:00:07.433  1614  1659 W ActivityManager: Slow operation: 387ms so far, now at startProcess: done updating battery stats
12-31 16:00:07.433  1614  1659 W ActivityManager: Slow operation: 387ms so far, now at startProcess: building log message
12-31 16:00:07.433  1614  1659 I ActivityManager: Start proc 2753:com.android.smspush/u0a42 for service com.android.smspush/.WapPushManager
12-31 16:00:07.433  1614  1659 W ActivityManager: Slow operation: 387ms so far, now at startProcess: starting to update pids map
12-31 16:00:07.433  1614  1659 W ActivityManager: Slow operation: 387ms so far, now at startProcess: done updating pids map
12-31 16:00:07.433  1614  1659 W ActivityManager: Slow operation: 353ms so far, now at startProcess: asking zygote to start proc
12-31 16:00:07.435  2684  2684 I Perf    : Connecting to perf service.
12-31 16:00:07.448  1614  1636 I ActivityManager: Set adj with com.our.dvr.acall to PERSISTENT_PROC_ADJ
12-31 16:00:07.450  1614  1614 W Looper  : Drained
12-31 16:00:07.460  1614  1659 W ActivityManager: Slow operation: 380ms so far, now at startProcess: returned from zygote!
12-31 16:00:07.461  1614  1636 I ActivityManager: Set adj with com.our.dvr.acall to PERSISTENT_PROC_ADJ
12-31 16:00:07.464  1614  1636 I ActivityManager: Set adj with com.our.dvr.acall to PERSISTENT_PROC_ADJ
12-31 16:00:07.467  1614  1659 W ActivityManager: Slow operation: 387ms so far, now at startProcess: done updating battery stats
12-31 16:00:07.467  1614  1659 W ActivityManager: Slow operation: 387ms so far, now at startProcess: building log message
12-31 16:00:07.467  1614  1659 I ActivityManager: Start proc 2766:com.askey.dvr.dashcam/1000 for activity com.askey.dvr.dashcam/.activity.NoticeActivity
12-31 16:00:07.467  1614  1659 W ActivityManager: Slow operation: 387ms so far, now at startProcess: starting to update pids map
12-31 16:00:07.467  1614  1659 W ActivityManager: Slow operation: 387ms so far, now at startProcess: done updating pids map
12-31 16:00:07.470   607  2782 I chatty  : uid=1027(nfc) /vendor/bin/hw/vendor.nxp.hardware.nfc@1.1-service expire 167 lines
12-31 16:00:07.470   607  2780 I chatty  : uid=1027(nfc) /vendor/bin/hw/vendor.nxp.hardware.nfc@1.1-service expire 332 lines
12-31 16:00:07.475   607  2779 I chatty  : uid=1027(nfc) /vendor/bin/hw/vendor.nxp.hardware.nfc@1.1-service expire 338 lines
12-31 16:00:07.477  2701  2701 I Perf    : Connecting to perf service.
12-31 16:00:07.482  2766  2766 I chatty  : uid=1000(system) com.askey.dvr.dashcam expire 34 lines
12-31 16:00:07.492  2720  2720 I d.process.medi: The ClassLoaderContext is a special shared library.
12-31 16:00:07.497  1614  2376 I ActivityManager: Set adj with com.our.dvr.acall to PERSISTENT_PROC_ADJ
12-31 16:00:07.506  2733  2733 I droid.launcher: The ClassLoaderContext is a special shared library.
12-31 16:00:07.516  2720  2720 I Perf    : Connecting to perf service.
12-31 16:00:07.528  2733  2733 I Perf    : Connecting to perf service.
12-31 16:00:07.537  2753  2753 I android.smspus: The ClassLoaderContext is a special shared library.
12-31 16:00:07.541  2720  2720 I d.process.medi: The ClassLoaderContext is a special shared library.
12-31 16:00:07.561  2753  2753 I Perf    : Connecting to perf service.
12-31 16:00:07.589  1614  2208 I ActivityManager: Set adj with com.askey.dvr.dashcam to PERSISTENT_PROC_ADJ
12-31 16:00:07.593  1614  2208 I ActivityManager: Set adj with com.our.dvr.acall to PERSISTENT_PROC_ADJ
12-31 16:00:07.600  2574  2804 I chatty  : uid=1027(nfc) com.android.nfc expire 277 lines
12-31 16:00:07.613  2574  2809 I chatty  : uid=1027(nfc) AsyncTask #1 expire 5 lines
12-31 16:00:07.614  2574  2810 I chatty  : uid=1027(nfc) com.android.nfc expire 8 lines
12-31 16:00:07.615  2574  2811 I chatty  : uid=1027(nfc) AsyncTask #1 expire 637 lines
12-31 16:00:07.624  2574  2731 I chatty  : uid=1027(nfc) HwBinder:2574_1 expire 9 lines
12-31 16:00:07.644  2733  2733 D TouchInteractionService: Touch service connected
12-31 16:00:07.646  2248  2544 I chatty  : uid=1001(radio) Binder:2248_7 expire 22 lines
12-31 16:00:07.672  1614  1636 I ActivityManager: Set adj with com.askey.dvr.dashcam to PERSISTENT_PROC_ADJ
12-31 16:00:07.672  1614  1636 I ActivityManager: Set adj with com.our.dvr.acall to PERSISTENT_PROC_ADJ
12-31 16:00:07.675  2720  2720 D MediaScannerReceiver: action: android.intent.action.MEDIA_MOUNTED path: /storage/7FB3-150B
12-31 16:00:07.677  1614  2208 I ActivityManager: Set adj with com.askey.dvr.dashcam to PERSISTENT_PROC_ADJ
12-31 16:00:07.677  1614  2208 I ActivityManager: Set adj with com.our.dvr.acall to PERSISTENT_PROC_ADJ
12-31 16:00:07.681  1614  2208 I ActivityManager: Set adj with com.askey.dvr.dashcam to PERSISTENT_PROC_ADJ
12-31 16:00:07.681  1614  2208 I ActivityManager: Set adj with com.our.dvr.acall to PERSISTENT_PROC_ADJ
12-31 16:00:07.761  2766  2766 W ContextImpl: Calling a method in the system process without a qualified user: android.app.ContextImpl.startService:1531 android.content.ContextWrapper.startService:664 com.askey.dvr.dashcam.application.DashCamApplication.h:308 com.askey.dvr.dashcam.application.DashCamApplication.onCreate:99 android.app.Instrumentation.callApplicationOnCreate:1155 
12-31 16:00:07.765  2766  2766 W ContextImpl: Calling a method in the system process without a qualified user: android.app.ContextImpl.startService:1531 android.content.ContextWrapper.startService:664 com.askey.dvr.dashcam.application.DashCamApplication.h:313 com.askey.dvr.dashcam.application.DashCamApplication.onCreate:99 android.app.Instrumentation.callApplicationOnCreate:1155 
12-31 16:00:07.769  2766  2766 W ContextImpl: Calling a method in the system process without a qualified user: android.app.ContextImpl.startService:1531 android.content.ContextWrapper.startService:664 com.askey.dvr.dashcam.application.DashCamApplication.h:317 com.askey.dvr.dashcam.application.DashCamApplication.onCreate:99 android.app.Instrumentation.callApplicationOnCreate:1155 
12-31 16:00:07.787  1614  1659 I ActivityManager: Start proc 2824:com.askey.dvr.settingservice/1000 for service com.askey.dvr.settingservice/.AskeySettingService
12-31 16:00:07.796  2766  2766 W ContextImpl: Calling a method in the system process without a qualified user: android.app.ContextImpl.bindService:1611 android.content.ContextWrapper.bindService:698 com.askey.dvr.dashcam.audio.d.<init>:37 com.askey.dvr.dashcam.audio.e.<init>:19 com.askey.dvr.dashcam.audio.e.<clinit>:14 
12-31 16:00:07.799  1614  1636 I ActivityManager: Set adj with com.askey.dvr.dashcam to PERSISTENT_PROC_ADJ
12-31 16:00:07.799  1614  1636 I ActivityManager: Set adj with com.our.dvr.acall to PERSISTENT_PROC_ADJ
12-31 16:00:07.801  1614  1636 I ActivityManager: Set adj with com.askey.dvr.dashcam to PERSISTENT_PROC_ADJ
12-31 16:00:07.805  2766  2766 W ContextImpl: Calling a method in the system process without a qualified user: android.app.ContextImpl.bindService:1611 android.content.ContextWrapper.bindService:698 com.askey.dvr.dashcam.service.r.<init>:46 com.askey.dvr.dashcam.service.s.<init>:17 com.askey.dvr.dashcam.service.s.<clinit>:12 
12-31 16:00:07.805  2824  2824 I .settingservic: Late-enabling -Xcheck:jni
12-31 16:00:07.808  1614  1636 I ActivityManager: Set adj with com.askey.dvr.dashcam to PERSISTENT_PROC_ADJ
12-31 16:00:07.809  1614  1636 I ActivityManager: Set adj with com.our.dvr.acall to PERSISTENT_PROC_ADJ
12-31 16:00:07.811  1614  1636 I ActivityManager: Set adj with com.askey.dvr.dashcam to PERSISTENT_PROC_ADJ
12-31 16:00:07.812  1614  1659 I ActivityManager: Start proc 2829:com.askey.dvr.versionup/1000 for service com.askey.dvr.versionup/.service.VersionUpService
12-31 16:00:07.818  2766  2766 W ContextImpl: Calling a method in the system process without a qualified user: android.app.ContextImpl.bindService:1611 android.content.ContextWrapper.bindService:698 com.askey.dvr.dashcam.service.g.a:99 com.askey.dvr.dashcam.service.g.<init>:60 com.askey.dvr.dashcam.service.g.a:73 
12-31 16:00:07.824  2766  2766 W ContextImpl: Calling a method in the system process without a qualified user: android.app.ContextImpl.bindService:1611 android.content.ContextWrapper.bindService:698 com.askey.dvr.dashcam.service.l.a:76 com.askey.dvr.dashcam.service.l.<init>:48 com.askey.dvr.dashcam.service.l.a:60 
12-31 16:00:07.826  2829  2829 I y.dvr.versionu: Late-enabling -Xcheck:jni
12-31 16:00:07.829  2766  2766 W ContextImpl: Calling a method in the system process without a qualified user: android.app.ContextImpl.bindService:1611 android.content.ContextWrapper.bindService:698 com.askey.dvr.dashcam.service.d.<init>:47 com.askey.dvr.dashcam.service.d.a:60 com.askey.dvr.dashcam.application.DashCamApplication.onCreate:110 
12-31 16:00:07.831  1614  2208 W ActivityManager: Unable to start service Intent { act=com.askey.askeysettingservice.action pkg=com.askey.dvr.filemanagement } U=0: not found
12-31 16:00:07.834  2766  2766 W ContextImpl: Calling a method in the system process without a qualified user: android.app.ContextImpl.bindService:1611 android.content.ContextWrapper.bindService:698 com.askey.dvr.dashcam.service.k.a:268 com.askey.dvr.dashcam.application.DashCamApplication.onCreate:112 android.app.Instrumentation.callApplicationOnCreate:1155 
12-31 16:00:07.838  1614  2208 I ActivityManager: Set adj with com.askey.dvr.dashcam to PERSISTENT_PROC_ADJ
12-31 16:00:07.838  1614  2208 I ActivityManager: Set adj with com.our.dvr.acall to PERSISTENT_PROC_ADJ
12-31 16:00:07.838  2766  2766 W ContextImpl: Calling a method in the system process without a qualified user: android.app.ContextImpl.startForegroundService:1537 android.content.ContextWrapper.startForegroundService:669 com.askey.dvr.dashcam.application.DashCamApplication.onCreate:117 android.app.Instrumentation.callApplicationOnCreate:1155 android.app.ActivityThread.handleBindApplication:5943 
12-31 16:00:07.840  1614  1659 W ActivityManager: Slow operation: 70ms so far, now at startProcess: returned from zygote!
12-31 16:00:07.841  1614  1636 I ActivityManager: Set adj with com.askey.dvr.dashcam to PERSISTENT_PROC_ADJ
12-31 16:00:07.841  2720  2720 D MediaScannerReceiver: action: android.intent.action.MEDIA_MOUNTED path: /storage/emulated/0
12-31 16:00:07.841  1614  1636 I ActivityManager: Set adj with com.our.dvr.acall to PERSISTENT_PROC_ADJ
12-31 16:00:07.843  1614  1659 W ActivityManager: Slow operation: 73ms so far, now at startProcess: done updating battery stats
12-31 16:00:07.843  1614  1659 W ActivityManager: Slow operation: 73ms so far, now at startProcess: building log message
12-31 16:00:07.843  1614  1659 I ActivityManager: Start proc 2835:com.askey.dvr.communication/1000 for service com.askey.dvr.communication/.service.CommunicationService
12-31 16:00:07.843  1614  1659 W ActivityManager: Slow operation: 73ms so far, now at startProcess: starting to update pids map
12-31 16:00:07.843  1614  1659 W ActivityManager: Slow operation: 73ms so far, now at startProcess: done updating pids map
12-31 16:00:07.844  1614  2376 I ActivityManager: Set adj with com.askey.dvr.dashcam to PERSISTENT_PROC_ADJ
12-31 16:00:07.844  1614  2376 I ActivityManager: Set adj with com.our.dvr.acall to PERSISTENT_PROC_ADJ
12-31 16:00:07.858  2835  2835 I chatty  : uid=1000(system) com.askey.dvr.communication expire 25 lines
12-31 16:00:07.871  1614  1659 I ActivityManager: Start proc 2842:com.askey.dvr.filemanagement/1000 for service com.askey.dvr.filemanagement/.service.FileManagerService
12-31 16:00:07.889  2842  2842 I chatty  : uid=1000(system) com.askey.dvr.filemanagement expire 12 lines
12-31 16:00:07.901  1614  1659 W ActivityManager: Slow operation: 74ms so far, now at startProcess: returned from zygote!
12-31 16:00:07.901  1614  1659 W ActivityManager: Slow operation: 74ms so far, now at startProcess: done updating battery stats
12-31 16:00:07.901  1614  1659 W ActivityManager: Slow operation: 74ms so far, now at startProcess: building log message
12-31 16:00:07.901  1614  1659 I ActivityManager: Start proc 2860:com.askey.dvr.aevent/1000 for service com.askey.dvr.aevent/.server.SensorsService
12-31 16:00:07.901  1614  1659 W ActivityManager: Slow operation: 74ms so far, now at startProcess: starting to update pids map
12-31 16:00:07.901  1614  1659 W ActivityManager: Slow operation: 74ms so far, now at startProcess: done updating pids map
12-31 16:00:07.902  1614  1659 W ActivityManager: Slow operation: 61ms so far, now at startProcess: asking zygote to start proc
12-31 16:00:07.927  2860  2860 I skey.dvr.aeven: Late-enabling -Xcheck:jni
12-31 16:00:07.928  1614  2208 I ActivityManager: Set adj with com.askey.dvr.settingservice to PERSISTENT_PROC_ADJ
12-31 16:00:07.929  1614  2208 I ActivityManager: Set adj with com.askey.dvr.dashcam to PERSISTENT_PROC_ADJ
12-31 16:00:07.929  1614  2208 I ActivityManager: Set adj with com.our.dvr.acall to PERSISTENT_PROC_ADJ
12-31 16:00:07.937  1614  1636 I ActivityManager: Set adj with com.askey.dvr.versionup to PERSISTENT_PROC_ADJ
12-31 16:00:07.938  1614  1636 I ActivityManager: Set adj with com.askey.dvr.settingservice to PERSISTENT_PROC_ADJ
12-31 16:00:07.938  1614  1636 I ActivityManager: Set adj with com.askey.dvr.dashcam to PERSISTENT_PROC_ADJ
12-31 16:00:07.938  1614  1636 I ActivityManager: Set adj with com.our.dvr.acall to PERSISTENT_PROC_ADJ
12-31 16:00:07.945  1614  1659 W ActivityManager: Slow operation: 104ms so far, now at startProcess: returned from zygote!
12-31 16:00:07.945  1614  1659 W ActivityManager: Slow operation: 105ms so far, now at startProcess: done updating battery stats
12-31 16:00:07.945  1614  1659 W ActivityManager: Slow operation: 105ms so far, now at startProcess: building log message
12-31 16:00:07.945  1614  1659 I ActivityManager: Start proc 2870:com.askey.dvr.tts/1000 for service com.askey.dvr.tts/.service.TtsService
12-31 16:00:07.945  1614  1659 W ActivityManager: Slow operation: 105ms so far, now at startProcess: starting to update pids map
12-31 16:00:07.945  1614  1659 W ActivityManager: Slow operation: 105ms so far, now at startProcess: done updating pids map
12-31 16:00:07.945  1614  1659 W ActivityManager: Slow operation: 102ms so far, now at startProcess: asking zygote to start proc
12-31 16:00:07.955  2766  2766 W ContextImpl: Calling a method in the system process without a qualified user: android.app.ContextImpl.bindService:1611 android.content.ContextWrapper.bindService:698 com.askey.dvr.dashcam.module.e.a:308 com.askey.dvr.dashcam.application.DashCamApplication.onCreate:152 android.app.Instrumentation.callApplicationOnCreate:1155 
12-31 16:00:07.960  2766  2766 W ContextImpl: Calling a method in the system process without a qualified user: android.app.ContextImpl.bindService:1611 android.content.ContextWrapper.bindService:698 com.askey.dvr.dashcam.service.p.a:68 com.askey.dvr.dashcam.service.p.<init>:41 com.askey.dvr.dashcam.service.p.f:53 
12-31 16:00:07.963  1614  1636 I ActivityManager: Set adj with com.our.dvr.acall to PERSISTENT_PROC_ADJ
12-31 16:00:07.963  1614  1636 I ActivityManager: Set adj with com.askey.dvr.versionup to PERSISTENT_PROC_ADJ
12-31 16:00:07.963  1614  1636 I ActivityManager: Set adj with com.askey.dvr.settingservice to PERSISTENT_PROC_ADJ
12-31 16:00:07.963  1614  1636 I ActivityManager: Set adj with com.askey.dvr.dashcam to PERSISTENT_PROC_ADJ
12-31 16:00:07.966  1614  1636 I ActivityManager: Set adj with com.our.dvr.acall to PERSISTENT_PROC_ADJ
12-31 16:00:07.967  2308  2308 D DialogService: ---> Service onCreate()
12-31 16:00:07.967  2870  2870 I chatty  : uid=1000(system) com.askey.dvr.tts expire 21 lines
12-31 16:00:07.968  2766  2766 W ContextImpl: Calling a method in the system process without a qualified user: android.app.ContextImpl.bindService:1611 android.content.ContextWrapper.bindService:698 com.askey.dvr.dashcam.service.p.a:68 com.askey.dvr.dashcam.application.DashCamApplication.onCreate:153 android.app.Instrumentation.callApplicationOnCreate:1155 
12-31 16:00:07.970  1614  1636 I ActivityManager: Set adj with com.our.dvr.acall to PERSISTENT_PROC_ADJ
12-31 16:00:07.971  1614  2208 I ActivityManager: Set adj with com.our.dvr.acall to PERSISTENT_PROC_ADJ
12-31 16:00:07.972  2766  2766 W ContextImpl: Calling a method in the system process without a qualified user: android.app.ContextImpl.bindService:1611 android.content.ContextWrapper.bindService:698 com.askey.dvr.aadas.b.a:68 com.askey.dvr.dashcam.application.DashCamApplication.onCreate:154 android.app.Instrumentation.callApplicationOnCreate:1155 
12-31 16:00:07.980  2766  2766 W ContextImpl: Calling a method in the system process without a qualified user: android.app.ContextImpl.bindService:1611 android.content.ContextWrapper.bindService:698 com.askey.dvr.aadas.d.a:66 com.askey.dvr.dashcam.application.DashCamApplication.onCreate:155 android.app.Instrumentation.callApplicationOnCreate:1155 
12-31 16:00:07.985  2766  2766 W ContextImpl: Calling a method in the system process without a qualified user: android.app.ContextImpl.bindService:1611 android.content.ContextWrapper.bindService:698 com.askey.dvr.aobd2.d.a:57 com.askey.dvr.dashcam.application.DashCamApplication.onCreate:156 android.app.Instrumentation.callApplicationOnCreate:1155 
12-31 16:00:07.991  1614  1614 V SettingsProvider: Notifying for 0: content://settings/global/SYSSET_soft_ap_timeout_enabled
12-31 16:00:07.995  1614  1614 V SettingsProvider: Notifying for 0: content://settings/global/SYSSET_liveview_enable
12-31 16:00:08.002  1614  1659 W ActivityManager: Slow operation: 159ms so far, now at startProcess: returned from zygote!
12-31 16:00:08.005  1614  1636 I ActivityManager: Set adj with com.our.dvr.acall to PERSISTENT_PROC_ADJ
12-31 16:00:08.005  1614  1636 I ActivityManager: Set adj with com.askey.dvr.versionup to PERSISTENT_PROC_ADJ
12-31 16:00:08.005  1614  1636 I ActivityManager: Set adj with com.askey.dvr.settingservice to PERSISTENT_PROC_ADJ
12-31 16:00:08.005  1614  1636 I ActivityManager: Set adj with com.askey.dvr.dashcam to PERSISTENT_PROC_ADJ
12-31 16:00:08.008  1614  1636 I ActivityManager: Set adj with com.our.dvr.acall to PERSISTENT_PROC_ADJ
12-31 16:00:08.008  1614  1636 I ActivityManager: Set adj with com.askey.dvr.versionup to PERSISTENT_PROC_ADJ
12-31 16:00:08.008  1614  1636 I ActivityManager: Set adj with com.askey.dvr.settingservice to PERSISTENT_PROC_ADJ
12-31 16:00:08.008  1614  1636 I ActivityManager: Set adj with com.askey.dvr.dashcam to PERSISTENT_PROC_ADJ
12-31 16:00:08.010  1614  1636 I ActivityManager: Set adj with com.our.dvr.acall to PERSISTENT_PROC_ADJ
12-31 16:00:08.011  1614  1636 I ActivityManager: Set adj with com.askey.dvr.versionup to PERSISTENT_PROC_ADJ
12-31 16:00:08.011  1614  1636 I ActivityManager: Set adj with com.askey.dvr.settingservice to PERSISTENT_PROC_ADJ
12-31 16:00:08.011  1614  1636 I ActivityManager: Set adj with com.askey.dvr.dashcam to PERSISTENT_PROC_ADJ
12-31 16:00:08.013  1614  1659 W ActivityManager: Slow operation: 170ms so far, now at startProcess: done updating battery stats
12-31 16:00:08.013  1614  1659 W ActivityManager: Slow operation: 170ms so far, now at startProcess: building log message
12-31 16:00:08.013  1614  1659 I ActivityManager: Start proc 2897:com.qualcomm.qti.qmmi/1000 for broadcast com.qualcomm.qti.qmmi/.framework.QmmiReceiver
12-31 16:00:08.013  1614  1659 W ActivityManager: Slow operation: 170ms so far, now at startProcess: starting to update pids map
12-31 16:00:08.013  1614  1659 W ActivityManager: Slow operation: 170ms so far, now at startProcess: done updating pids map
12-31 16:00:08.027  1614  2376 I ActivityManager: Set adj with com.askey.dvr.filemanagement to PERSISTENT_PROC_ADJ
12-31 16:00:08.029  1614  2376 I ActivityManager: Set adj with com.our.dvr.acall to PERSISTENT_PROC_ADJ
12-31 16:00:08.029  1614  2376 I ActivityManager: Set adj with com.askey.dvr.versionup to PERSISTENT_PROC_ADJ
12-31 16:00:08.031  1614  2376 I ActivityManager: Set adj with com.askey.dvr.settingservice to PERSISTENT_PROC_ADJ
12-31 16:00:08.032  1614  2376 I ActivityManager: Set adj with com.askey.dvr.dashcam to PERSISTENT_PROC_ADJ
12-31 16:00:08.055  1614  1636 I ActivityManager: Set adj with com.askey.dvr.filemanagement to PERSISTENT_PROC_ADJ
12-31 16:00:08.055  1614  1636 I ActivityManager: Set adj with com.our.dvr.acall to PERSISTENT_PROC_ADJ
12-31 16:00:08.055  1614  1636 I ActivityManager: Set adj with com.askey.dvr.versionup to PERSISTENT_PROC_ADJ
12-31 16:00:08.055  1614  1636 I ActivityManager: Set adj with com.askey.dvr.settingservice to PERSISTENT_PROC_ADJ
12-31 16:00:08.055  1614  1636 I ActivityManager: Set adj with com.askey.dvr.dashcam to PERSISTENT_PROC_ADJ
12-31 16:00:08.061  1614  1659 W ActivityManager: Slow operation: 86ms so far, now at startProcess: returned from zygote!
12-31 16:00:08.062  1614  1659 W ActivityManager: Slow operation: 87ms so far, now at startProcess: done updating battery stats
12-31 16:00:08.062  1614  1659 W ActivityManager: Slow operation: 87ms so far, now at startProcess: building log message
12-31 16:00:08.062  1614  1659 I ActivityManager: Start proc 2929:com.askey.dvr.aadas/1000 for service com.askey.dvr.aadas/.adas.service.AdasService
12-31 16:00:08.062  1614  1659 W ActivityManager: Slow operation: 87ms so far, now at startProcess: starting to update pids map
12-31 16:00:08.062  1614  1659 W ActivityManager: Slow operation: 87ms so far, now at startProcess: done updating pids map
12-31 16:00:08.062  1614  1659 W ActivityManager: Slow operation: 74ms so far, now at startProcess: asking zygote to start proc
12-31 16:00:08.081  1614  2376 I ActivityManager: Set adj with com.askey.dvr.filemanagement to PERSISTENT_PROC_ADJ
12-31 16:00:08.081  1614  2376 I ActivityManager: Set adj with com.our.dvr.acall to PERSISTENT_PROC_ADJ
12-31 16:00:08.082  1614  2376 I ActivityManager: Set adj with com.askey.dvr.versionup to PERSISTENT_PROC_ADJ
12-31 16:00:08.082  1614  2376 I ActivityManager: Set adj with com.askey.dvr.settingservice to PERSISTENT_PROC_ADJ
12-31 16:00:08.082  1614  2376 I ActivityManager: Set adj with com.askey.dvr.dashcam to PERSISTENT_PROC_ADJ
12-31 16:00:08.090  1614  1659 W ActivityManager: Slow operation: 102ms so far, now at startProcess: returned from zygote!
12-31 16:00:08.093  1614  1659 W ActivityManager: Slow operation: 105ms so far, now at startProcess: done updating battery stats
12-31 16:00:08.093  1614  1659 W ActivityManager: Slow operation: 105ms so far, now at startProcess: building log message
12-31 16:00:08.093  1614  1659 I ActivityManager: Start proc 2936:com.askey.dvr.aobd2/1000 for service com.askey.dvr.aobd2/.service.OBD2Service
12-31 16:00:08.093  1614  1659 W ActivityManager: Slow operation: 105ms so far, now at startProcess: starting to update pids map
12-31 16:00:08.094  1614  1659 W ActivityManager: Slow operation: 105ms so far, now at startProcess: done updating pids map
12-31 16:00:08.099  2929  2929 I chatty  : uid=1000(system) com.askey.dvr.aadas expire 31 lines
12-31 16:00:08.117  1614  2376 I ActivityManager: Set adj with com.askey.dvr.filemanagement to PERSISTENT_PROC_ADJ
12-31 16:00:08.117  1614  2376 I ActivityManager: Set adj with com.our.dvr.acall to PERSISTENT_PROC_ADJ
12-31 16:00:08.117  1614  2376 I ActivityManager: Set adj with com.askey.dvr.versionup to PERSISTENT_PROC_ADJ
12-31 16:00:08.117  1614  2376 I ActivityManager: Set adj with com.askey.dvr.settingservice to PERSISTENT_PROC_ADJ
12-31 16:00:08.117  1614  2376 I ActivityManager: Set adj with com.askey.dvr.dashcam to PERSISTENT_PROC_ADJ
12-31 16:00:08.169  2824  2824 I Perf    : Connecting to perf service.
12-31 16:00:08.170  1614  1659 W ActivityManager: Slow operation: 78ms so far, now at startProcess: returned from zygote!
12-31 16:00:08.170  1614  1659 W ActivityManager: Slow operation: 78ms so far, now at startProcess: done updating battery stats
12-31 16:00:08.171  1614  1659 W ActivityManager: Slow operation: 78ms so far, now at startProcess: building log message
12-31 16:00:08.171  1614  1659 I ActivityManager: Start proc 2955:com.android.printspooler/u0a55 for service com.android.printspooler/.model.PrintSpoolerService
12-31 16:00:08.171  1614  1659 W ActivityManager: Slow operation: 79ms so far, now at startProcess: starting to update pids map
12-31 16:00:08.171  1614  1659 W ActivityManager: Slow operation: 79ms so far, now at startProcess: done updating pids map
12-31 16:00:08.175  2897  2897 I alcomm.qti.qmm: The ClassLoaderContext is a special shared library.
12-31 16:00:08.175  1614  1636 I ActivityManager: Set adj with com.askey.dvr.filemanagement to PERSISTENT_PROC_ADJ
12-31 16:00:08.176  1614  1636 I ActivityManager: Set adj with com.our.dvr.acall to PERSISTENT_PROC_ADJ
12-31 16:00:08.176  1614  1636 I ActivityManager: Set adj with com.askey.dvr.versionup to PERSISTENT_PROC_ADJ
12-31 16:00:08.176  1614  1636 I ActivityManager: Set adj with com.askey.dvr.settingservice to PERSISTENT_PROC_ADJ
12-31 16:00:08.176  1614  1636 I ActivityManager: Set adj with com.askey.dvr.dashcam to PERSISTENT_PROC_ADJ
12-31 16:00:08.191  2897  2897 I alcomm.qti.qmm: The ClassLoaderContext is a special shared library.
12-31 16:00:08.212  2829  2829 I Perf    : Connecting to perf service.
12-31 16:00:08.213  2824  2824 W ContextImpl: Calling a method in the system process without a qualified user: android.app.ContextImpl.startService:1531 android.content.ContextWrapper.startService:664 com.askey.dvr.settingservice.AskeySettingApplication.onCreate:33 android.app.Instrumentation.callApplicationOnCreate:1155 android.app.ActivityThread.handleBindApplication:5943 
12-31 16:00:08.215  1614  1636 I ActivityManager: Set adj with com.askey.dvr.settingservice to PERSISTENT_PROC_ADJ
12-31 16:00:08.219  2860  2860 I Perf    : Connecting to perf service.
12-31 16:00:08.221  2824  2824 I AskeySettingService: service onCreate
12-31 16:00:08.249  1614  2588 I chatty  : uid=1000(system) Binder:1614_9 expire 80 lines
12-31 16:00:08.251  1614  2588 I ActivityManager: Set adj with com.askey.dvr.filemanagement to PERSISTENT_PROC_ADJ
12-31 16:00:08.251  1614  2588 I ActivityManager: Set adj with com.our.dvr.acall to PERSISTENT_PROC_ADJ
12-31 16:00:08.251  1614  2588 I ActivityManager: Set adj with com.askey.dvr.versionup to PERSISTENT_PROC_ADJ
12-31 16:00:08.251  1614  2588 I ActivityManager: Set adj with com.askey.dvr.settingservice to PERSISTENT_PROC_ADJ
12-31 16:00:08.251  1614  2588 I ActivityManager: Set adj with com.askey.dvr.dashcam to PERSISTENT_PROC_ADJ
12-31 16:00:08.255  1614  2588 I ActivityManager: Set adj with com.askey.dvr.filemanagement to PERSISTENT_PROC_ADJ
12-31 16:00:08.255  1614  2588 I ActivityManager: Set adj with com.our.dvr.acall to PERSISTENT_PROC_ADJ
12-31 16:00:08.255  1614  2588 I ActivityManager: Set adj with com.askey.dvr.versionup to PERSISTENT_PROC_ADJ
12-31 16:00:08.255  1614  2588 I ActivityManager: Set adj with com.askey.dvr.settingservice to PERSISTENT_PROC_ADJ
12-31 16:00:08.255  1614  2588 I ActivityManager: Set adj with com.askey.dvr.dashcam to PERSISTENT_PROC_ADJ
12-31 16:00:08.261  2860  2860 D EventApplication: onCreate: 
12-31 16:00:08.262  2897  2897 I Perf    : Connecting to perf service.
12-31 16:00:08.262  1614  1614 V LightsService: setLight #4: color=#ffff0000: brightnessMode=0
12-31 16:00:08.263   597   597 D qdlights: set_speaker_status_light_locked mode 1, colorRGB=FFFF0000, onMS=1000, offMS=1000
12-31 16:00:08.266  2860  2860 I SensorsService: onCreate: 
12-31 16:00:08.275  2670  2702 D DemoDetector: run() - start long job...
12-31 16:00:08.275  1614  2978 I ActivityManager: Set adj with com.askey.dvr.settingservice to PERSISTENT_PROC_ADJ
12-31 16:00:08.277  2824  2973 D AskeySettingSyncTask: [doInBackground] put: settingsInit = 1
12-31 16:00:08.278  2829  2829 D VersionUpApplication: VersionUpApplication start
12-31 16:00:08.279  2829  2829 D VersionUpApplication: mIsABUpdate: false
12-31 16:00:08.284  2824  2824 I AskeySettingService: syncSettingsCompleted
12-31 16:00:08.285  1614  2588 I ActivityManager: Set adj with com.askey.dvr.filemanagement to PERSISTENT_PROC_ADJ
12-31 16:00:08.285  1614  2588 I ActivityManager: Set adj with com.our.dvr.acall to PERSISTENT_PROC_ADJ
12-31 16:00:08.285  1614  2588 I ActivityManager: Set adj with com.askey.dvr.versionup to PERSISTENT_PROC_ADJ
12-31 16:00:08.285  1614  2588 I ActivityManager: Set adj with com.askey.dvr.settingservice to PERSISTENT_PROC_ADJ
12-31 16:00:08.286  1614  2588 I ActivityManager: Set adj with com.askey.dvr.dashcam to PERSISTENT_PROC_ADJ
12-31 16:00:08.287  2860  2860 D SensorsManager: SensorsManager: linearAccSensor exist true
12-31 16:00:08.288  2860  2860 D SensorsManager: SensorsManager: gyroscopeSensor exist true
12-31 16:00:08.289  2860  2860 I SensorsService: onBind: 
12-31 16:00:08.294  2860  2860 I SensorsService: onStartUp: 
12-31 16:00:08.296  2860  2860 W ContextImpl: Calling a method in the system process without a qualified user: android.app.ContextImpl.bindService:1611 android.content.ContextWrapper.bindService:698 com.askey.dvr.aevent.service.DeviceReportService.bindService:53 com.askey.dvr.aevent.server.SensorsService.onStartUp:118 com.askey.dvr.aevent.server.SensorsService.onBind:52 
12-31 16:00:08.297  2897  2897 I Qmmi    : [Utils.java] [getSystemProperties] ro.bootmode=unknown
12-31 16:00:08.298  2897  2897 I Qmmi    : [QmmiReceiver.java] [onReceive] bootmode:unknown
12-31 16:00:08.301  1614  1635 I ActivityManager: Set adj with com.askey.dvr.filemanagement to PERSISTENT_PROC_ADJ
12-31 16:00:08.301  1614  1635 I ActivityManager: Set adj with com.our.dvr.acall to PERSISTENT_PROC_ADJ
12-31 16:00:08.301  1614  1635 I ActivityManager: Set adj with com.askey.dvr.versionup to PERSISTENT_PROC_ADJ
12-31 16:00:08.301  1614  1635 I ActivityManager: Set adj with com.askey.dvr.settingservice to PERSISTENT_PROC_ADJ
12-31 16:00:08.302  1614  1635 I ActivityManager: Set adj with com.askey.dvr.dashcam to PERSISTENT_PROC_ADJ
12-31 16:00:08.305  2829  2829 W ContextImpl: Calling a method in the system process without a qualified user: android.app.ContextImpl.bindService:1611 android.content.ContextWrapper.bindService:698 com.askey.dvr.versionup.service.helper.VersionUpManager.bindCommunicationService:124 com.askey.dvr.versionup.service.VersionUpService.onCreate:66 android.app.ActivityThread.handleCreateService:3575 
12-31 16:00:08.306  1614  2588 I ActivityManager: Set adj with com.askey.dvr.filemanagement to PERSISTENT_PROC_ADJ
12-31 16:00:08.306  1614  2588 I ActivityManager: Set adj with com.our.dvr.acall to PERSISTENT_PROC_ADJ
12-31 16:00:08.306  1614  2588 I ActivityManager: Set adj with com.askey.dvr.versionup to PERSISTENT_PROC_ADJ
12-31 16:00:08.306  1614  2588 I ActivityManager: Set adj with com.askey.dvr.settingservice to PERSISTENT_PROC_ADJ
12-31 16:00:08.306  1614  2588 I ActivityManager: Set adj with com.askey.dvr.dashcam to PERSISTENT_PROC_ADJ
12-31 16:00:08.309  1614  2588 I ActivityManager: Set adj with com.askey.dvr.dashcam to PERSISTENT_PROC_ADJ
12-31 16:00:08.311  2860  2860 W ContextImpl: Calling a method in the system process without a qualified user: android.app.ContextImpl.bindService:1611 android.content.ContextWrapper.bindService:698 com.askey.dvr.aevent.service.RecordReportService.bindService:54 com.askey.dvr.aevent.server.SensorsService.onStartUp:119 com.askey.dvr.aevent.server.SensorsService.onBind:52 
12-31 16:00:08.312  1614  2978 I ActivityManager: Set adj with com.askey.dvr.filemanagement to PERSISTENT_PROC_ADJ
12-31 16:00:08.312  1614  2978 I ActivityManager: Set adj with com.our.dvr.acall to PERSISTENT_PROC_ADJ
12-31 16:00:08.312  1614  2978 I ActivityManager: Set adj with com.askey.dvr.versionup to PERSISTENT_PROC_ADJ
12-31 16:00:08.312  1614  2978 I ActivityManager: Set adj with com.askey.dvr.settingservice to PERSISTENT_PROC_ADJ
12-31 16:00:08.312  1614  2978 I ActivityManager: Set adj with com.askey.dvr.dashcam to PERSISTENT_PROC_ADJ
12-31 16:00:08.313  1614  2978 I chatty  : uid=1000(system) Binder:1614_A expire 3 lines
12-31 16:00:08.319  1614  1635 I ActivityManager: Set adj with com.askey.dvr.filemanagement to PERSISTENT_PROC_ADJ
12-31 16:00:08.319  1614  1635 I ActivityManager: Set adj with com.our.dvr.acall to PERSISTENT_PROC_ADJ
12-31 16:00:08.319  1614  1635 I ActivityManager: Set adj with com.askey.dvr.versionup to PERSISTENT_PROC_ADJ
12-31 16:00:08.319  1614  1635 I ActivityManager: Set adj with com.askey.dvr.settingservice to PERSISTENT_PROC_ADJ
12-31 16:00:08.319  1614  1635 I ActivityManager: Set adj with com.askey.dvr.dashcam to PERSISTENT_PROC_ADJ
12-31 16:00:08.322  1614  1635 I ActivityManager: Set adj with com.askey.dvr.dashcam to PERSISTENT_PROC_ADJ
12-31 16:00:08.323  2835  2835 W ContextImpl: Calling a method in the system process without a qualified user: android.app.ContextImpl.bindService:1611 android.content.ContextWrapper.bindService:698 com.askey.dvr.communication.AskeyCloudManager.bindService:184 com.askey.dvr.communication.application.CommunicationApplication.onCreate:79 android.app.Instrumentation.callApplicationOnCreate:1155 
12-31 16:00:08.324  2860  2860 W ContextImpl: Calling a method in the system process without a qualified user: android.app.ContextImpl.bindService:1611 android.content.ContextWrapper.bindService:698 com.askey.dvr.aevent.service.CloudCommService.bindService:57 com.askey.dvr.aevent.server.SensorsService.onStartUp:120 com.askey.dvr.aevent.server.SensorsService.onBind:52 
12-31 16:00:08.325  1614  1830 W ActivityManager: Unable to start service Intent { act=service.AgentService pkg=com.askeycloud.agent.cloudagent } U=0: not found
12-31 16:00:08.327  1614  1636 I ActivityManager: Set adj with com.askey.dvr.filemanagement to PERSISTENT_PROC_ADJ
12-31 16:00:08.327  1614  1636 I ActivityManager: Set adj with com.our.dvr.acall to PERSISTENT_PROC_ADJ
12-31 16:00:08.327  1614  1636 I ActivityManager: Set adj with com.askey.dvr.versionup to PERSISTENT_PROC_ADJ
12-31 16:00:08.327  1614  1636 I ActivityManager: Set adj with com.askey.dvr.settingservice to PERSISTENT_PROC_ADJ
12-31 16:00:08.327  1614  1636 I ActivityManager: Set adj with com.askey.dvr.dashcam to PERSISTENT_PROC_ADJ
12-31 16:00:08.329  2835  2835 W ContextImpl: Calling a method in the system process without a qualified user: android.app.ContextImpl.bindService:1611 android.content.ContextWrapper.bindService:698 com.askey.dvr.communication.DeviceReportManager.bindService:134 com.askey.dvr.communication.application.CommunicationApplication.onCreate:80 android.app.Instrumentation.callApplicationOnCreate:1155 
